../LIB/code.c:3:9:MPU6050_Init	40	static
../LIB/code.c:42:6:MPU6050_Bypass	40	static
../LIB/code.c:52:6:MPU6050_Master	40	static
../LIB/code.c:63:6:MPU6050_Addslave	40	static
../LIB/code.c:79:6:MPU6050_Read_All	56	static
../LIB/code.c:115:6:HMC5883L_Init	40	static
../LIB/code.c:128:6:MS5611_Rest	40	static
../LIB/code.c:136:9:MS5611_PROM_read	48	static
../LIB/code.c:163:9:MS5611_init	16	static
../LIB/code.c:169:9:MS5611_read_temp	40	static
../LIB/code.c:180:9:MS5611_read_press	40	static
../LIB/code.c:191:9:MS5611_calculate	424	static
../LIB/code.c:247:8:getAltitude	24	static
../LIB/code.c:252:14:quat_mult	88	static
../LIB/code.c:263:6:quat_scalar	16	static
../LIB/code.c:271:6:quat_add	48	static
../LIB/code.c:279:6:quat_sub	48	static
../LIB/code.c:287:14:quat_conjugate	56	static
../LIB/code.c:295:7:quat_Norm	24	static
../LIB/code.c:300:6:quat_Normalization	24	static
../LIB/code.c:308:6:Madgwick_update	392	static
../LIB/code.c:421:6:Madgwick_imu	192	static
../LIB/code.c:487:6:Quat2Angle	40	static
../LIB/code.c:506:6:OffsetAngle	24	static
../LIB/code.c:512:6:Lowpass4MPU	8	static
../LIB/code.c:539:6:MPU2Angle	16	static
../LIB/code.c:545:6:setupESC	16	static
../LIB/code.c:558:6:ESC_Control	24	static
../LIB/code.c:565:6:Lowpass	24	static
../LIB/code.c:570:6:compute_control	56	static
