Archive member included to satisfy reference by file (symbol)

c:/st/stm32cubeide_1.12.1/stm32cubeide/plugins/com.st.stm32cube.ide.mcu.externaltools.gnu-tools-for-stm32.10.3-2021.10.win32_1.0.200.202301161003/tools/bin/../lib/gcc/arm-none-eabi/10.3.1/../../../../arm-none-eabi/lib/thumb/v7e-m+fp/hard\libc_nano.a(lib_a-errno.o)
                              ./Core/Src/syscalls.o (__errno)
c:/st/stm32cubeide_1.12.1/stm32cubeide/plugins/com.st.stm32cube.ide.mcu.externaltools.gnu-tools-for-stm32.10.3-2021.10.win32_1.0.200.202301161003/tools/bin/../lib/gcc/arm-none-eabi/10.3.1/../../../../arm-none-eabi/lib/thumb/v7e-m+fp/hard\libc_nano.a(lib_a-exit.o)
                              c:/st/stm32cubeide_1.12.1/stm32cubeide/plugins/com.st.stm32cube.ide.mcu.externaltools.gnu-tools-for-stm32.10.3-2021.10.win32_1.0.200.202301161003/tools/bin/../lib/gcc/arm-none-eabi/10.3.1/../../../../arm-none-eabi/lib/thumb/v7e-m+fp/hard/crt0.o (exit)
c:/st/stm32cubeide_1.12.1/stm32cubeide/plugins/com.st.stm32cube.ide.mcu.externaltools.gnu-tools-for-stm32.10.3-2021.10.win32_1.0.200.202301161003/tools/bin/../lib/gcc/arm-none-eabi/10.3.1/../../../../arm-none-eabi/lib/thumb/v7e-m+fp/hard\libc_nano.a(lib_a-impure.o)
                              c:/st/stm32cubeide_1.12.1/stm32cubeide/plugins/com.st.stm32cube.ide.mcu.externaltools.gnu-tools-for-stm32.10.3-2021.10.win32_1.0.200.202301161003/tools/bin/../lib/gcc/arm-none-eabi/10.3.1/../../../../arm-none-eabi/lib/thumb/v7e-m+fp/hard\libc_nano.a(lib_a-exit.o) (_global_impure_ptr)
c:/st/stm32cubeide_1.12.1/stm32cubeide/plugins/com.st.stm32cube.ide.mcu.externaltools.gnu-tools-for-stm32.10.3-2021.10.win32_1.0.200.202301161003/tools/bin/../lib/gcc/arm-none-eabi/10.3.1/../../../../arm-none-eabi/lib/thumb/v7e-m+fp/hard\libc_nano.a(lib_a-init.o)
                              c:/st/stm32cubeide_1.12.1/stm32cubeide/plugins/com.st.stm32cube.ide.mcu.externaltools.gnu-tools-for-stm32.10.3-2021.10.win32_1.0.200.202301161003/tools/bin/../lib/gcc/arm-none-eabi/10.3.1/../../../../arm-none-eabi/lib/thumb/v7e-m+fp/hard/crt0.o (__libc_init_array)
c:/st/stm32cubeide_1.12.1/stm32cubeide/plugins/com.st.stm32cube.ide.mcu.externaltools.gnu-tools-for-stm32.10.3-2021.10.win32_1.0.200.202301161003/tools/bin/../lib/gcc/arm-none-eabi/10.3.1/../../../../arm-none-eabi/lib/thumb/v7e-m+fp/hard\libc_nano.a(lib_a-memcpy-stub.o)
                              ./Core/Src/main.o (memcpy)
c:/st/stm32cubeide_1.12.1/stm32cubeide/plugins/com.st.stm32cube.ide.mcu.externaltools.gnu-tools-for-stm32.10.3-2021.10.win32_1.0.200.202301161003/tools/bin/../lib/gcc/arm-none-eabi/10.3.1/../../../../arm-none-eabi/lib/thumb/v7e-m+fp/hard\libc_nano.a(lib_a-memset.o)
                              c:/st/stm32cubeide_1.12.1/stm32cubeide/plugins/com.st.stm32cube.ide.mcu.externaltools.gnu-tools-for-stm32.10.3-2021.10.win32_1.0.200.202301161003/tools/bin/../lib/gcc/arm-none-eabi/10.3.1/../../../../arm-none-eabi/lib/thumb/v7e-m+fp/hard/crt0.o (memset)
c:/st/stm32cubeide_1.12.1/stm32cubeide/plugins/com.st.stm32cube.ide.mcu.externaltools.gnu-tools-for-stm32.10.3-2021.10.win32_1.0.200.202301161003/tools/bin/../lib/gcc/arm-none-eabi/10.3.1/../../../../arm-none-eabi/lib/thumb/v7e-m+fp/hard\libc_nano.a(lib_a-sprintf.o)
                              ./Core/Src/main.o (sprintf)
c:/st/stm32cubeide_1.12.1/stm32cubeide/plugins/com.st.stm32cube.ide.mcu.externaltools.gnu-tools-for-stm32.10.3-2021.10.win32_1.0.200.202301161003/tools/bin/../lib/gcc/arm-none-eabi/10.3.1/../../../../arm-none-eabi/lib/thumb/v7e-m+fp/hard\libc_nano.a(lib_a-strlen.o)
                              ./Lib/TD_RF24L01.o (strlen)
c:/st/stm32cubeide_1.12.1/stm32cubeide/plugins/com.st.stm32cube.ide.mcu.externaltools.gnu-tools-for-stm32.10.3-2021.10.win32_1.0.200.202301161003/tools/bin/../lib/gcc/arm-none-eabi/10.3.1/../../../../arm-none-eabi/lib/thumb/v7e-m+fp/hard\libc_nano.a(lib_a-nano-svfprintf.o)
                              c:/st/stm32cubeide_1.12.1/stm32cubeide/plugins/com.st.stm32cube.ide.mcu.externaltools.gnu-tools-for-stm32.10.3-2021.10.win32_1.0.200.202301161003/tools/bin/../lib/gcc/arm-none-eabi/10.3.1/../../../../arm-none-eabi/lib/thumb/v7e-m+fp/hard\libc_nano.a(lib_a-sprintf.o) (_svfprintf_r)
c:/st/stm32cubeide_1.12.1/stm32cubeide/plugins/com.st.stm32cube.ide.mcu.externaltools.gnu-tools-for-stm32.10.3-2021.10.win32_1.0.200.202301161003/tools/bin/../lib/gcc/arm-none-eabi/10.3.1/../../../../arm-none-eabi/lib/thumb/v7e-m+fp/hard\libc_nano.a(lib_a-nano-vfprintf_i.o)
                              c:/st/stm32cubeide_1.12.1/stm32cubeide/plugins/com.st.stm32cube.ide.mcu.externaltools.gnu-tools-for-stm32.10.3-2021.10.win32_1.0.200.202301161003/tools/bin/../lib/gcc/arm-none-eabi/10.3.1/../../../../arm-none-eabi/lib/thumb/v7e-m+fp/hard\libc_nano.a(lib_a-nano-svfprintf.o) (_printf_i)
[...]
Memory Configuration

Name             Origin             Length             Attributes
CCMRAM           0x0000000010000000 0x0000000000010000 xrw
RAM              0x0000000020000000 0x0000000000020000 xrw
FLASH            0x0000000008000000 0x0000000000100000 xr
*default*        0x0000000000000000 0xffffffffffffffff

Linker script and memory map

LOAD c:/st/stm32cubeide_1.12.1/stm32cubeide/plugins/com.st.stm32cube.ide.mcu.externaltools.gnu-tools-for-stm32.10.3-2021.10.win32_1.0.200.202301161003/tools/bin/../lib/gcc/arm-none-eabi/10.3.1/thumb/v7e-m+fp/hard/crti.o
LOAD c:/st/stm32cubeide_1.12.1/stm32cubeide/plugins/com.st.stm32cube.ide.mcu.externaltools.gnu-tools-for-stm32.10.3-2021.10.win32_1.0.200.202301161003/tools/bin/../lib/gcc/arm-none-eabi/10.3.1/thumb/v7e-m+fp/hard/crtbegin.o
LOAD c:/st/stm32cubeide_1.12.1/stm32cubeide/plugins/com.st.stm32cube.ide.mcu.externaltools.gnu-tools-for-stm32.10.3-2021.10.win32_1.0.200.202301161003/tools/bin/../lib/gcc/arm-none-eabi/10.3.1/../../../../arm-none-eabi/lib/thumb/v7e-m+fp/hard/crt0.o
LOAD ./Core/Src/gpio.o
LOAD ./Core/Src/i2c.o
LOAD ./Core/Src/main.o
LOAD ./Core/Src/spi.o
LOAD ./Core/Src/stm32f4xx_hal_msp.o
LOAD ./Core/Src/stm32f4xx_it.o
LOAD ./Core/Src/syscalls.o
LOAD ./Core/Src/sysmem.o
LOAD ./Core/Src/system_stm32f4xx.o
LOAD ./Core/Src/tim.o
LOAD ./Core/Src/usart.o
LOAD ./Core/Startup/startup_stm32f407vgtx.o
LOAD ./Drivers/STM32F4xx_HAL_Driver/Src/stm32f4xx_hal.o
LOAD ./Drivers/STM32F4xx_HAL_Driver/Src/stm32f4xx_hal_cortex.o
LOAD ./Drivers/STM32F4xx_HAL_Driver/Src/stm32f4xx_hal_dma.o
LOAD ./Drivers/STM32F4xx_HAL_Driver/Src/stm32f4xx_hal_dma_ex.o
LOAD ./Drivers/STM32F4xx_HAL_Driver/Src/stm32f4xx_hal_exti.o
LOAD ./Drivers/STM32F4xx_HAL_Driver/Src/stm32f4xx_hal_flash.o
LOAD ./Drivers/STM32F4xx_HAL_Driver/Src/stm32f4xx_hal_flash_ex.o
LOAD ./Drivers/STM32F4xx_HAL_Driver/Src/stm32f4xx_hal_flash_ramfunc.o
LOAD ./Drivers/STM32F4xx_HAL_Driver/Src/stm32f4xx_hal_gpio.o
LOAD ./Drivers/STM32F4xx_HAL_Driver/Src/stm32f4xx_hal_i2c.o
LOAD ./Drivers/STM32F4xx_HAL_Driver/Src/stm32f4xx_hal_i2c_ex.o
LOAD ./Drivers/STM32F4xx_HAL_Driver/Src/stm32f4xx_hal_pwr.o
LOAD ./Drivers/STM32F4xx_HAL_Driver/Src/stm32f4xx_hal_pwr_ex.o
LOAD ./Drivers/STM32F4xx_HAL_Driver/Src/stm32f4xx_hal_rcc.o
LOAD ./Drivers/STM32F4xx_HAL_Driver/Src/stm32f4xx_hal_rcc_ex.o
LOAD ./Drivers/STM32F4xx_HAL_Driver/Src/stm32f4xx_hal_spi.o
LOAD ./Drivers/STM32F4xx_HAL_Driver/Src/stm32f4xx_hal_tim.o
LOAD ./Drivers/STM32F4xx_HAL_Driver/Src/stm32f4xx_hal_tim_ex.o
LOAD ./Drivers/STM32F4xx_HAL_Driver/Src/stm32f4xx_hal_uart.o
LOAD ./Lib/TD_Brushless.o
LOAD ./Lib/TD_GY86.o
LOAD ./Lib/TD_LQR.o
LOAD ./Lib/TD_Lowpass.o
LOAD ./Lib/TD_Madgiwick.o
LOAD ./Lib/TD_RF24L01.o
START GROUP
LOAD c:/st/stm32cubeide_1.12.1/stm32cubeide/plugins/com.st.stm32cube.ide.mcu.externaltools.gnu-tools-for-stm32.10.3-2021.10.win32_1.0.200.202301161003/tools/bin/../lib/gcc/arm-none-eabi/10.3.1/../../../../arm-none-eabi/lib/thumb/v7e-m+fp/hard\libc_nano.a
LOAD c:/st/stm32cubeide_1.12.1/stm32cubeide/plugins/com.st.stm32cube.ide.mcu.externaltools.gnu-tools-for-stm32.10.3-2021.10.win32_1.0.200.202301161003/tools/bin/../lib/gcc/arm-none-eabi/10.3.1/../../../../arm-none-eabi/lib/thumb/v7e-m+fp/hard\libm.a
END GROUP
START GROUP
LOAD c:/st/stm32cubeide_1.12.1/stm32cubeide/plugins/com.st.stm32cube.ide.mcu.externaltools.gnu-tools-for-stm32.10.3-2021.10.win32_1.0.200.202301161003/tools/bin/../lib/gcc/arm-none-eabi/10.3.1/thumb/v7e-m+fp/hard\libgcc.a
LOAD c:/st/stm32cubeide_1.12.1/stm32cubeide/plugins/com.st.stm32cube.ide.mcu.externaltools.gnu-tools-for-stm32.10.3-2021.10.win32_1.0.200.202301161003/tools/bin/../lib/gcc/arm-none-eabi/10.3.1/../../../../arm-none-eabi/lib/thumb/v7e-m+fp/hard\libc_nano.a
END GROUP
START GROUP
LOAD c:/st/stm32cubeide_1.12.1/stm32cubeide/plugins/com.st.stm32cube.ide.mcu.externaltools.gnu-tools-for-stm32.10.3-2021.10.win32_1.0.200.202301161003/tools/bin/../lib/gcc/arm-none-eabi/10.3.1/thumb/v7e-m+fp/hard\libgcc.a
LOAD c:/st/stm32cubeide_1.12.1/stm32cubeide/plugins/com.st.stm32cube.ide.mcu.externaltools.gnu-tools-for-stm32.10.3-2021.10.win32_1.0.200.202301161003/tools/bin/../lib/gcc/arm-none-eabi/10.3.1/../../../../arm-none-eabi/lib/thumb/v7e-m+fp/hard\libc_nano.a
LOAD c:/st/stm32cubeide_1.12.1/stm32cubeide/plugins/com.st.stm32cube.ide.mcu.externaltools.gnu-tools-for-stm32.10.3-2021.10.win32_1.0.200.202301161003/tools/bin/../lib/gcc/arm-none-eabi/10.3.1/../../../../arm-none-eabi/lib/thumb/v7e-m+fp/hard\libnosys.a
END GROUP
START GROUP
LOAD c:/st/stm32cubeide_1.12.1/stm32cubeide/plugins/com.st.stm32cube.ide.mcu.externaltools.gnu-tools-for-stm32.10.3-2021.10.win32_1.0.200.202301161003/tools/bin/../lib/gcc/arm-none-eabi/10.3.1/thumb/v7e-m+fp/hard\libgcc.a
LOAD c:/st/stm32cubeide_1.12.1/stm32cubeide/plugins/com.st.stm32cube.ide.mcu.externaltools.gnu-tools-for-stm32.10.3-2021.10.win32_1.0.200.202301161003/tools/bin/../lib/gcc/arm-none-eabi/10.3.1/../../../../arm-none-eabi/lib/thumb/v7e-m+fp/hard\libc_nano.a
LOAD c:/st/stm32cubeide_1.12.1/stm32cubeide/plugins/com.st.stm32cube.ide.mcu.externaltools.gnu-tools-for-stm32.10.3-2021.10.win32_1.0.200.202301161003/tools/bin/../lib/gcc/arm-none-eabi/10.3.1/../../../../arm-none-eabi/lib/thumb/v7e-m+fp/hard\libnosys.a
END GROUP
LOAD c:/st/stm32cubeide_1.12.1/stm32cubeide/plugins/com.st.stm32cube.ide.mcu.externaltools.gnu-tools-for-stm32.10.3-2021.10.win32_1.0.200.202301161003/tools/bin/../lib/gcc/arm-none-eabi/10.3.1/thumb/v7e-m+fp/hard/crtend.o
LOAD c:/st/stm32cubeide_1.12.1/stm32cubeide/plugins/com.st.stm32cube.ide.mcu.externaltools.gnu-tools-for-stm32.10.3-2021.10.win32_1.0.200.202301161003/tools/bin/../lib/gcc/arm-none-eabi/10.3.1/thumb/v7e-m+fp/hard/crtn.o
                0x0000000020020000                _estack = (ORIGIN (RAM) + LENGTH (RAM))
                0x0000000000000200                _Min_Heap_Size = 0x200
                0x0000000000000400                _Min_Stack_Size = 0x400

.isr_vector     0x0000000008000000      0x188
                0x0000000008000000                . = ALIGN (0x4)
 *(.isr_vector)
 .isr_vector    0x0000000008000000      0x188 ./Core/Startup/startup_stm32f407vgtx.o
                0x0000000008000000                g_pfnVectors
                0x0000000008000188                . = ALIGN (0x4)

.text           0x0000000008000190     0xc8dc
                0x0000000008000190                . = ALIGN (0x4)
 *(.text)
 .text          0x0000000008000190       0x40 c:/st/stm32cubeide_1.12.1/stm32cubeide/plugins/com.st.stm32cube.ide.mcu.externaltools.gnu-tools-for-stm32.10.3-2021.10.win32_1.0.200.202301161003/tools/bin/../lib/gcc/arm-none-eabi/10.3.1/thumb/v7e-m+fp/hard/crtbegin.o
 .text          0x00000000080001d0       0x10 c:/st/stm32cubeide_1.12.1/stm32cubeide/plugins/com.st.stm32cube.ide.mcu.externaltools.gnu-tools-for-stm32.10.3-2021.10.win32_1.0.200.202301161003/tools/bin/../lib/gcc/arm-none-eabi/10.3.1/../../../../arm-none-eabi/lib/thumb/v7e-m+fp/hard\libc_nano.a(lib_a-strlen.o)
                0x00000000080001d0                strlen
 .text          0x00000000080001e0       0xa0 c:/st/stm32cubeide_1.12.1/stm32cubeide/plugins/com.st.stm32cube.ide.mcu.externaltools.gnu-tools-for-stm32.10.3-2021.10.win32_1.0.200.202301161003/tools/bin/../lib/gcc/arm-none-eabi/10.3.1/../../../../arm-none-eabi/lib/thumb/v7e-m+fp/hard\libc_nano.a(lib_a-memchr.o)
                0x00000000080001e0                memchr
 .text          0x0000000008000280      0x378 c:/st/stm32cubeide_1.12.1/stm32cubeide/plugins/com.st.stm32cube.ide.mcu.externaltools.gnu-tools-for-stm32.10.3-2021.10.win32_1.0.200.202301161003/tools/bin/../lib/gcc/arm-none-eabi/10.3.1/thumb/v7e-m+fp/hard\libgcc.a(_arm_addsubdf3.o)
                0x0000000008000280                __aeabi_drsub
                0x0000000008000288                __aeabi_dsub
                0x0000000008000288                __subdf3
                0x000000000800028c                __aeabi_dadd
                0x000000000800028c                __adddf3
                0x0000000008000504                __floatunsidf
                0x0000000008000504                __aeabi_ui2d
                0x0000000008000524                __floatsidf
                0x0000000008000524                __aeabi_i2d
                0x0000000008000548                __aeabi_f2d
                0x0000000008000548                __extendsfdf2
                0x000000000800058c                __floatundidf
                0x000000000800058c                __aeabi_ul2d
                0x000000000800059c                __floatdidf
                0x000000000800059c                __aeabi_l2d
 .text          0x00000000080005f8      0x424 c:/st/stm32cubeide_1.12.1/stm32cubeide/plugins/com.st.stm32cube.ide.mcu.externaltools.gnu-tools-for-stm32.10.3-2021.10.win32_1.0.200.202301161003/tools/bin/../lib/gcc/arm-none-eabi/10.3.1/thumb/v7e-m+fp/hard\libgcc.a(_arm_muldivdf3.o)
                0x00000000080005f8                __aeabi_dmul
                0x00000000080005f8                __muldf3
                0x000000000800084c                __divdf3
                0x000000000800084c                __aeabi_ddiv
 .text          0x0000000008000a1c      0x110 c:/st/stm32cubeide_1.12.1/stm32cubeide/plugins/com.st.stm32cube.ide.mcu.externaltools.gnu-tools-for-stm32.10.3-2021.10.win32_1.0.200.202301161003/tools/bin/../lib/gcc/arm-none-eabi/10.3.1/thumb/v7e-m+fp/hard\libgcc.a(_arm_cmpdf2.o)
                0x0000000008000a1c                __gtdf2
                0x0000000008000a1c                __gedf2
                0x0000000008000a24                __ltdf2
                0x0000000008000a24                __ledf2
                0x0000000008000a2c                __nedf2
                0x0000000008000a2c                __eqdf2
                0x0000000008000a2c                __cmpdf2
                0x0000000008000aa8                __aeabi_cdrcmple
                0x0000000008000ab8                __aeabi_cdcmpeq
                0x0000000008000ab8                __aeabi_cdcmple
                0x0000000008000ac8                __aeabi_dcmpeq
                0x0000000008000adc                __aeabi_dcmplt
                0x0000000008000af0                __aeabi_dcmple
                0x0000000008000b04                __aeabi_dcmpge
                0x0000000008000b18                __aeabi_dcmpgt
 .text          0x0000000008000b2c       0x2c c:/st/stm32cubeide_1.12.1/stm32cubeide/plugins/com.st.stm32cube.ide.mcu.externaltools.gnu-tools-for-stm32.10.3-2021.10.win32_1.0.200.202301161003/tools/bin/../lib/gcc/arm-none-eabi/10.3.1/thumb/v7e-m+fp/hard\libgcc.a(_arm_unorddf2.o)
                0x0000000008000b2c                __unorddf2
                0x0000000008000b2c                __aeabi_dcmpun
 .text          0x0000000008000b58       0x50 c:/st/stm32cubeide_1.12.1/stm32cubeide/plugins/com.st.stm32cube.ide.mcu.externaltools.gnu-tools-for-stm32.10.3-2021.10.win32_1.0.200.202301161003/tools/bin/../lib/gcc/arm-none-eabi/10.3.1/thumb/v7e-m+fp/hard\libgcc.a(_arm_fixdfsi.o)
                0x0000000008000b58                __aeabi_d2iz
                0x0000000008000b58                __fixdfsi
 .text          0x0000000008000ba8       0xa0 c:/st/stm32cubeide_1.12.1/stm32cubeide/plugins/com.st.stm32cube.ide.mcu.externaltools.gnu-tools-for-stm32.10.3-2021.10.win32_1.0.200.202301161003/tools/bin/../lib/gcc/arm-none-eabi/10.3.1/thumb/v7e-m+fp/hard\libgcc.a(_arm_truncdfsf2.o)
                0x0000000008000ba8                __truncdfsf2
                0x0000000008000ba8                __aeabi_d2f
 .text          0x0000000008000c48       0x30 c:/st/stm32cubeide_1.12.1/stm32cubeide/plugins/com.st.stm32cube.ide.mcu.externaltools.gnu-tools-for-stm32.10.3-2021.10.win32_1.0.200.202301161003/tools/bin/../lib/gcc/arm-none-eabi/10.3.1/thumb/v7e-m+fp/hard\libgcc.a(_aeabi_uldivmod.o)
                0x0000000008000c48                __aeabi_uldivmod
 .text          0x0000000008000c78      0x2d0 c:/st/stm32cubeide_1.12.1/stm32cubeide/plugins/com.st.stm32cube.ide.mcu.externaltools.gnu-tools-for-stm32.10.3-2021.10.win32_1.0.200.202301161003/tools/bin/../lib/gcc/arm-none-eabi/10.3.1/thumb/v7e-m+fp/hard\libgcc.a(_udivmoddi4.o)
                0x0000000008000c78                __udivmoddi4
 .text          0x0000000008000f48        0x4 c:/st/stm32cubeide_1.12.1/stm32cubeide/plugins/com.st.stm32cube.ide.mcu.externaltools.gnu-tools-for-stm32.10.3-2021.10.win32_1.0.200.202301161003/tools/bin/../lib/gcc/arm-none-eabi/10.3.1/thumb/v7e-m+fp/hard\libgcc.a(_dvmd_tls.o)
                0x0000000008000f48                __aeabi_idiv0
                0x0000000008000f48                __aeabi_ldiv0
 *(.text*)
 .text.MX_GPIO_Init
                0x0000000008000f4c      0x140 ./Core/Src/gpio.o
                0x0000000008000f4c                MX_GPIO_Init
 .text.MX_I2C1_Init
                0x000000000800108c       0x5c ./Core/Src/i2c.o
                0x000000000800108c                MX_I2C1_Init
 .text.HAL_I2C_MspInit
                0x00000000080010e8       0x90 ./Core/Src/i2c.o
                0x00000000080010e8                HAL_I2C_MspInit
 .text.main     0x0000000008001178      0x1e8 ./Core/Src/main.o
                0x0000000008001178                main
 .text.SystemClock_Config
                0x0000000008001360       0xd0 ./Core/Src/main.o
                0x0000000008001360                SystemClock_Config
 .text.HAL_TIM_PeriodElapsedCallback
                0x0000000008001430      0x7a0 ./Core/Src/main.o
                0x0000000008001430                HAL_TIM_PeriodElapsedCallback
 .text.Error_Handler
                0x0000000008001bd0        0xa ./Core/Src/main.o
                0x0000000008001bd0                Error_Handler
 *fill*         0x0000000008001bda        0x2 
 .text.MX_SPI1_Init
                0x0000000008001bdc       0x6c ./Core/Src/spi.o
                0x0000000008001bdc                MX_SPI1_Init
 .text.HAL_SPI_MspInit
                0x0000000008001c48       0x90 ./Core/Src/spi.o
                0x0000000008001c48                HAL_SPI_MspInit
 .text.HAL_MspInit
                0x0000000008001cd8       0x50 ./Core/Src/stm32f4xx_hal_msp.o
                0x0000000008001cd8                HAL_MspInit
 .text.NMI_Handler
                0x0000000008001d28        0x6 ./Core/Src/stm32f4xx_it.o
                0x0000000008001d28                NMI_Handler
 .text.HardFault_Handler
                0x0000000008001d2e        0x6 ./Core/Src/stm32f4xx_it.o
                0x0000000008001d2e                HardFault_Handler
 .text.MemManage_Handler
                0x0000000008001d34        0x6 ./Core/Src/stm32f4xx_it.o
                0x0000000008001d34                MemManage_Handler
 .text.BusFault_Handler
                0x0000000008001d3a        0x6 ./Core/Src/stm32f4xx_it.o
                0x0000000008001d3a                BusFault_Handler
 .text.UsageFault_Handler
                0x0000000008001d40        0x6 ./Core/Src/stm32f4xx_it.o
                0x0000000008001d40                UsageFault_Handler
 .text.SVC_Handler
                0x0000000008001d46        0xe ./Core/Src/stm32f4xx_it.o
                0x0000000008001d46                SVC_Handler
 .text.DebugMon_Handler
                0x0000000008001d54        0xe ./Core/Src/stm32f4xx_it.o
                0x0000000008001d54                DebugMon_Handler
 .text.PendSV_Handler
                0x0000000008001d62        0xe ./Core/Src/stm32f4xx_it.o
                0x0000000008001d62                PendSV_Handler
 .text.SysTick_Handler
                0x0000000008001d70        0xc ./Core/Src/stm32f4xx_it.o
                0x0000000008001d70                SysTick_Handler
 .text.TIM2_IRQHandler
                0x0000000008001d7c       0x14 ./Core/Src/stm32f4xx_it.o
                0x0000000008001d7c                TIM2_IRQHandler
 .text._sbrk    0x0000000008001d90       0x6c ./Core/Src/sysmem.o
                0x0000000008001d90                _sbrk
 .text.SystemInit
                0x0000000008001dfc       0x24 ./Core/Src/system_stm32f4xx.o
                0x0000000008001dfc                SystemInit
 .text.MX_TIM1_Init
                0x0000000008001e20      0x18c ./Core/Src/tim.o
                0x0000000008001e20                MX_TIM1_Init
 .text.MX_TIM2_Init
                0x0000000008001fac       0x9c ./Core/Src/tim.o
                0x0000000008001fac                MX_TIM2_Init
 .text.HAL_TIM_Base_MspInit
                0x0000000008002048       0x78 ./Core/Src/tim.o
                0x0000000008002048                HAL_TIM_Base_MspInit
 .text.HAL_TIM_MspPostInit
                0x00000000080020c0       0x74 ./Core/Src/tim.o
                0x00000000080020c0                HAL_TIM_MspPostInit
 .text.MX_USART6_UART_Init
                0x0000000008002134       0x54 ./Core/Src/usart.o
                0x0000000008002134                MX_USART6_UART_Init
 .text.HAL_UART_MspInit
                0x0000000008002188       0x90 ./Core/Src/usart.o
                0x0000000008002188                HAL_UART_MspInit
 .text.Reset_Handler
                0x0000000008002218       0x50 ./Core/Startup/startup_stm32f407vgtx.o
                0x0000000008002218                Reset_Handler
 .text.Default_Handler
                0x0000000008002268        0x2 ./Core/Startup/startup_stm32f407vgtx.o
                0x0000000008002268                RTC_Alarm_IRQHandler
                0x0000000008002268                HASH_RNG_IRQHandler
                0x0000000008002268                EXTI2_IRQHandler
                0x0000000008002268                TIM8_CC_IRQHandler
                0x0000000008002268                TIM1_CC_IRQHandler
                0x0000000008002268                DMA2_Stream5_IRQHandler
                0x0000000008002268                DMA1_Stream5_IRQHandler
                0x0000000008002268                PVD_IRQHandler
                0x0000000008002268                SDIO_IRQHandler
                0x0000000008002268                TAMP_STAMP_IRQHandler
                0x0000000008002268                CAN2_RX1_IRQHandler
                0x0000000008002268                EXTI3_IRQHandler
                0x0000000008002268                TIM8_TRG_COM_TIM14_IRQHandler
                0x0000000008002268                TIM1_UP_TIM10_IRQHandler
                0x0000000008002268                TIM8_UP_TIM13_IRQHandler
                0x0000000008002268                I2C3_ER_IRQHandler
                0x0000000008002268                EXTI0_IRQHandler
                0x0000000008002268                I2C2_EV_IRQHandler
                0x0000000008002268                DMA1_Stream2_IRQHandler
                0x0000000008002268                CAN1_RX0_IRQHandler
                0x0000000008002268                FPU_IRQHandler
                0x0000000008002268                OTG_HS_WKUP_IRQHandler
                0x0000000008002268                CAN2_SCE_IRQHandler
                0x0000000008002268                DMA2_Stream2_IRQHandler
                0x0000000008002268                SPI1_IRQHandler
                0x0000000008002268                TIM6_DAC_IRQHandler
                0x0000000008002268                TIM1_BRK_TIM9_IRQHandler
                0x0000000008002268                DCMI_IRQHandler
                0x0000000008002268                CAN2_RX0_IRQHandler
                0x0000000008002268                DMA2_Stream3_IRQHandler
                0x0000000008002268                USART6_IRQHandler
                0x0000000008002268                USART3_IRQHandler
                0x0000000008002268                CAN1_RX1_IRQHandler
                0x0000000008002268                UART5_IRQHandler
                0x0000000008002268                DMA2_Stream0_IRQHandler
                0x0000000008002268                TIM4_IRQHandler
                0x0000000008002268                I2C1_EV_IRQHandler
                0x0000000008002268                DMA1_Stream6_IRQHandler
                0x0000000008002268                DMA1_Stream1_IRQHandler
                0x0000000008002268                UART4_IRQHandler
                0x0000000008002268                TIM3_IRQHandler
                0x0000000008002268                RCC_IRQHandler
                0x0000000008002268                TIM8_BRK_TIM12_IRQHandler
                0x0000000008002268                Default_Handler
                0x0000000008002268                EXTI15_10_IRQHandler
                0x0000000008002268                ADC_IRQHandler
                0x0000000008002268                DMA1_Stream7_IRQHandler
                0x0000000008002268                TIM7_IRQHandler
                0x0000000008002268                CAN2_TX_IRQHandler
                0x0000000008002268                TIM5_IRQHandler
                0x0000000008002268                DMA2_Stream7_IRQHandler
                0x0000000008002268                I2C3_EV_IRQHandler
                0x0000000008002268                EXTI9_5_IRQHandler
                0x0000000008002268                RTC_WKUP_IRQHandler
                0x0000000008002268                ETH_WKUP_IRQHandler
                0x0000000008002268                SPI2_IRQHandler
                0x0000000008002268                OTG_HS_EP1_IN_IRQHandler
                0x0000000008002268                DMA1_Stream0_IRQHandler
                0x0000000008002268                CAN1_TX_IRQHandler
                0x0000000008002268                EXTI4_IRQHandler
                0x0000000008002268                FSMC_IRQHandler
                0x0000000008002268                ETH_IRQHandler
                0x0000000008002268                OTG_HS_EP1_OUT_IRQHandler
                0x0000000008002268                WWDG_IRQHandler
                0x0000000008002268                OTG_FS_WKUP_IRQHandler
                0x0000000008002268                TIM1_TRG_COM_TIM11_IRQHandler
                0x0000000008002268                OTG_HS_IRQHandler
                0x0000000008002268                EXTI1_IRQHandler
                0x0000000008002268                USART2_IRQHandler
                0x0000000008002268                I2C2_ER_IRQHandler
                0x0000000008002268                DMA2_Stream1_IRQHandler
                0x0000000008002268                CAN1_SCE_IRQHandler
                0x0000000008002268                FLASH_IRQHandler
                0x0000000008002268                DMA2_Stream4_IRQHandler
                0x0000000008002268                USART1_IRQHandler
                0x0000000008002268                OTG_FS_IRQHandler
                0x0000000008002268                SPI3_IRQHandler
                0x0000000008002268                DMA1_Stream4_IRQHandler
                0x0000000008002268                I2C1_ER_IRQHandler
                0x0000000008002268                DMA2_Stream6_IRQHandler
                0x0000000008002268                DMA1_Stream3_IRQHandler
 *fill*         0x000000000800226a        0x2 
 .text.HAL_Init
                0x000000000800226c       0x44 ./Drivers/STM32F4xx_HAL_Driver/Src/stm32f4xx_hal.o
                0x000000000800226c                HAL_Init
 .text.HAL_InitTick
                0x00000000080022b0       0x60 ./Drivers/STM32F4xx_HAL_Driver/Src/stm32f4xx_hal.o
                0x00000000080022b0                HAL_InitTick
 .text.HAL_IncTick
                0x0000000008002310       0x28 ./Drivers/STM32F4xx_HAL_Driver/Src/stm32f4xx_hal.o
                0x0000000008002310                HAL_IncTick
 .text.HAL_GetTick
                0x0000000008002338       0x18 ./Drivers/STM32F4xx_HAL_Driver/Src/stm32f4xx_hal.o
                0x0000000008002338                HAL_GetTick
 .text.HAL_Delay
                0x0000000008002350       0x48 ./Drivers/STM32F4xx_HAL_Driver/Src/stm32f4xx_hal.o
                0x0000000008002350                HAL_Delay
 .text.__NVIC_SetPriorityGrouping
                0x0000000008002398       0x48 ./Drivers/STM32F4xx_HAL_Driver/Src/stm32f4xx_hal_cortex.o
 .text.__NVIC_GetPriorityGrouping
                0x00000000080023e0       0x1c ./Drivers/STM32F4xx_HAL_Driver/Src/stm32f4xx_hal_cortex.o
 .text.__NVIC_EnableIRQ
                0x00000000080023fc       0x3c ./Drivers/STM32F4xx_HAL_Driver/Src/stm32f4xx_hal_cortex.o
 .text.__NVIC_SetPriority
                0x0000000008002438       0x54 ./Drivers/STM32F4xx_HAL_Driver/Src/stm32f4xx_hal_cortex.o
 .text.NVIC_EncodePriority
                0x000000000800248c       0x66 ./Drivers/STM32F4xx_HAL_Driver/Src/stm32f4xx_hal_cortex.o
 *fill*         0x00000000080024f2        0x2 
 .text.SysTick_Config
                0x00000000080024f4       0x44 ./Drivers/STM32F4xx_HAL_Driver/Src/stm32f4xx_hal_cortex.o
 .text.HAL_NVIC_SetPriorityGrouping
                0x0000000008002538       0x16 ./Drivers/STM32F4xx_HAL_Driver/Src/stm32f4xx_hal_cortex.o
                0x0000000008002538                HAL_NVIC_SetPriorityGrouping
 .text.HAL_NVIC_SetPriority
                0x000000000800254e       0x38 ./Drivers/STM32F4xx_HAL_Driver/Src/stm32f4xx_hal_cortex.o
                0x000000000800254e                HAL_NVIC_SetPriority
 .text.HAL_NVIC_EnableIRQ
                0x0000000008002586       0x1c ./Drivers/STM32F4xx_HAL_Driver/Src/stm32f4xx_hal_cortex.o
                0x0000000008002586                HAL_NVIC_EnableIRQ
 .text.HAL_SYSTICK_Config
                0x00000000080025a2       0x18 ./Drivers/STM32F4xx_HAL_Driver/Src/stm32f4xx_hal_cortex.o
                0x00000000080025a2                HAL_SYSTICK_Config
 *fill*         0x00000000080025ba        0x2 
 .text.HAL_GPIO_Init
                0x00000000080025bc      0x338 ./Drivers/STM32F4xx_HAL_Driver/Src/stm32f4xx_hal_gpio.o
                0x00000000080025bc                HAL_GPIO_Init
 .text.HAL_GPIO_WritePin
                0x00000000080028f4       0x32 ./Drivers/STM32F4xx_HAL_Driver/Src/stm32f4xx_hal_gpio.o
                0x00000000080028f4                HAL_GPIO_WritePin
 .text.HAL_GPIO_TogglePin
                0x0000000008002926       0x34 ./Drivers/STM32F4xx_HAL_Driver/Src/stm32f4xx_hal_gpio.o
                0x0000000008002926                HAL_GPIO_TogglePin
 *fill*         0x000000000800295a        0x2 
 .text.HAL_I2C_Init
                0x000000000800295c      0x288 ./Drivers/STM32F4xx_HAL_Driver/Src/stm32f4xx_hal_i2c.o
                0x000000000800295c                HAL_I2C_Init
 .text.HAL_I2C_Mem_Write
                0x0000000008002be4      0x1f4 ./Drivers/STM32F4xx_HAL_Driver/Src/stm32f4xx_hal_i2c.o
                0x0000000008002be4                HAL_I2C_Mem_Write
 .text.HAL_I2C_Mem_Read
                0x0000000008002dd8      0x44c ./Drivers/STM32F4xx_HAL_Driver/Src/stm32f4xx_hal_i2c.o
                0x0000000008002dd8                HAL_I2C_Mem_Read
 .text.I2C_RequestMemoryWrite
                0x0000000008003224      0x12c ./Drivers/STM32F4xx_HAL_Driver/Src/stm32f4xx_hal_i2c.o
 .text.I2C_RequestMemoryRead
                0x0000000008003350      0x1d0 ./Drivers/STM32F4xx_HAL_Driver/Src/stm32f4xx_hal_i2c.o
 .text.I2C_WaitOnFlagUntilTimeout
                0x0000000008003520       0xae ./Drivers/STM32F4xx_HAL_Driver/Src/stm32f4xx_hal_i2c.o
 .text.I2C_WaitOnMasterAddressFlagUntilTimeout
                0x00000000080035ce       0xfe ./Drivers/STM32F4xx_HAL_Driver/Src/stm32f4xx_hal_i2c.o
 .text.I2C_WaitOnTXEFlagUntilTimeout
                0x00000000080036cc       0x82 ./Drivers/STM32F4xx_HAL_Driver/Src/stm32f4xx_hal_i2c.o
 .text.I2C_WaitOnBTFFlagUntilTimeout
                0x000000000800374e       0x82 ./Drivers/STM32F4xx_HAL_Driver/Src/stm32f4xx_hal_i2c.o
 .text.I2C_WaitOnRXNEFlagUntilTimeout
                0x00000000080037d0       0xac ./Drivers/STM32F4xx_HAL_Driver/Src/stm32f4xx_hal_i2c.o
 .text.I2C_IsAcknowledgeFailed
                0x000000000800387c       0x5e ./Drivers/STM32F4xx_HAL_Driver/Src/stm32f4xx_hal_i2c.o
 *fill*         0x00000000080038da        0x2 
 .text.HAL_RCC_OscConfig
                0x00000000080038dc      0x4f0 ./Drivers/STM32F4xx_HAL_Driver/Src/stm32f4xx_hal_rcc.o
                0x00000000080038dc                HAL_RCC_OscConfig
 .text.HAL_RCC_ClockConfig
                0x0000000008003dcc      0x1cc ./Drivers/STM32F4xx_HAL_Driver/Src/stm32f4xx_hal_rcc.o
                0x0000000008003dcc                HAL_RCC_ClockConfig
 .text.HAL_RCC_GetSysClockFreq
                0x0000000008003f98      0x18c ./Drivers/STM32F4xx_HAL_Driver/Src/stm32f4xx_hal_rcc.o
                0x0000000008003f98                HAL_RCC_GetSysClockFreq
 .text.HAL_RCC_GetHCLKFreq
                0x0000000008004124       0x18 ./Drivers/STM32F4xx_HAL_Driver/Src/stm32f4xx_hal_rcc.o
                0x0000000008004124                HAL_RCC_GetHCLKFreq
 .text.HAL_RCC_GetPCLK1Freq
                0x000000000800413c       0x28 ./Drivers/STM32F4xx_HAL_Driver/Src/stm32f4xx_hal_rcc.o
                0x000000000800413c                HAL_RCC_GetPCLK1Freq
 .text.HAL_RCC_GetPCLK2Freq
                0x0000000008004164       0x28 ./Drivers/STM32F4xx_HAL_Driver/Src/stm32f4xx_hal_rcc.o
                0x0000000008004164                HAL_RCC_GetPCLK2Freq
 .text.HAL_SPI_Init
                0x000000000800418c      0x112 ./Drivers/STM32F4xx_HAL_Driver/Src/stm32f4xx_hal_spi.o
                0x000000000800418c                HAL_SPI_Init
 .text.HAL_SPI_Transmit
                0x000000000800429e      0x278 ./Drivers/STM32F4xx_HAL_Driver/Src/stm32f4xx_hal_spi.o
                0x000000000800429e                HAL_SPI_Transmit
 .text.HAL_SPI_Receive
                0x0000000008004516      0x222 ./Drivers/STM32F4xx_HAL_Driver/Src/stm32f4xx_hal_spi.o
                0x0000000008004516                HAL_SPI_Receive
 .text.HAL_SPI_TransmitReceive
                0x0000000008004738      0x344 ./Drivers/STM32F4xx_HAL_Driver/Src/stm32f4xx_hal_spi.o
                0x0000000008004738                HAL_SPI_TransmitReceive
 .text.SPI_WaitFlagStateUntilTimeout
                0x0000000008004a7c      0x110 ./Drivers/STM32F4xx_HAL_Driver/Src/stm32f4xx_hal_spi.o
 .text.SPI_EndRxTransaction
                0x0000000008004b8c       0xca ./Drivers/STM32F4xx_HAL_Driver/Src/stm32f4xx_hal_spi.o
 *fill*         0x0000000008004c56        0x2 
 .text.SPI_EndRxTxTransaction
                0x0000000008004c58       0x84 ./Drivers/STM32F4xx_HAL_Driver/Src/stm32f4xx_hal_spi.o
 .text.HAL_TIM_Base_Init
                0x0000000008004cdc       0x9e ./Drivers/STM32F4xx_HAL_Driver/Src/stm32f4xx_hal_tim.o
                0x0000000008004cdc                HAL_TIM_Base_Init
 *fill*         0x0000000008004d7a        0x2 
 .text.HAL_TIM_Base_Start_IT
                0x0000000008004d7c       0xe0 ./Drivers/STM32F4xx_HAL_Driver/Src/stm32f4xx_hal_tim.o
                0x0000000008004d7c                HAL_TIM_Base_Start_IT
 .text.HAL_TIM_PWM_Init
                0x0000000008004e5c       0x9e ./Drivers/STM32F4xx_HAL_Driver/Src/stm32f4xx_hal_tim.o
                0x0000000008004e5c                HAL_TIM_PWM_Init
 .text.HAL_TIM_PWM_MspInit
                0x0000000008004efa       0x14 ./Drivers/STM32F4xx_HAL_Driver/Src/stm32f4xx_hal_tim.o
                0x0000000008004efa                HAL_TIM_PWM_MspInit
 *fill*         0x0000000008004f0e        0x2 
 .text.HAL_TIM_PWM_Start
                0x0000000008004f10      0x190 ./Drivers/STM32F4xx_HAL_Driver/Src/stm32f4xx_hal_tim.o
                0x0000000008004f10                HAL_TIM_PWM_Start
 .text.HAL_TIM_IRQHandler
                0x00000000080050a0      0x210 ./Drivers/STM32F4xx_HAL_Driver/Src/stm32f4xx_hal_tim.o
                0x00000000080050a0                HAL_TIM_IRQHandler
 .text.HAL_TIM_PWM_ConfigChannel
                0x00000000080052b0      0x184 ./Drivers/STM32F4xx_HAL_Driver/Src/stm32f4xx_hal_tim.o
                0x00000000080052b0                HAL_TIM_PWM_ConfigChannel
 .text.HAL_TIM_ConfigClockSource
                0x0000000008005434      0x18e ./Drivers/STM32F4xx_HAL_Driver/Src/stm32f4xx_hal_tim.o
                0x0000000008005434                HAL_TIM_ConfigClockSource
 .text.HAL_TIM_OC_DelayElapsedCallback
                0x00000000080055c2       0x14 ./Drivers/STM32F4xx_HAL_Driver/Src/stm32f4xx_hal_tim.o
                0x00000000080055c2                HAL_TIM_OC_DelayElapsedCallback
 .text.HAL_TIM_IC_CaptureCallback
                0x00000000080055d6       0x14 ./Drivers/STM32F4xx_HAL_Driver/Src/stm32f4xx_hal_tim.o
                0x00000000080055d6                HAL_TIM_IC_CaptureCallback
 .text.HAL_TIM_PWM_PulseFinishedCallback
                0x00000000080055ea       0x14 ./Drivers/STM32F4xx_HAL_Driver/Src/stm32f4xx_hal_tim.o
                0x00000000080055ea                HAL_TIM_PWM_PulseFinishedCallback
 .text.HAL_TIM_TriggerCallback
                0x00000000080055fe       0x14 ./Drivers/STM32F4xx_HAL_Driver/Src/stm32f4xx_hal_tim.o
                0x00000000080055fe                HAL_TIM_TriggerCallback
 *fill*         0x0000000008005612        0x2 
 .text.TIM_Base_SetConfig
                0x0000000008005614      0x140 ./Drivers/STM32F4xx_HAL_Driver/Src/stm32f4xx_hal_tim.o
                0x0000000008005614                TIM_Base_SetConfig
 .text.TIM_OC1_SetConfig
                0x0000000008005754       0xe0 ./Drivers/STM32F4xx_HAL_Driver/Src/stm32f4xx_hal_tim.o
 .text.TIM_OC2_SetConfig
                0x0000000008005834       0xec ./Drivers/STM32F4xx_HAL_Driver/Src/stm32f4xx_hal_tim.o
                0x0000000008005834                TIM_OC2_SetConfig
 .text.TIM_OC3_SetConfig
                0x0000000008005920       0xe8 ./Drivers/STM32F4xx_HAL_Driver/Src/stm32f4xx_hal_tim.o
 .text.TIM_OC4_SetConfig
                0x0000000008005a08       0xac ./Drivers/STM32F4xx_HAL_Driver/Src/stm32f4xx_hal_tim.o
 .text.TIM_TI1_ConfigInputStage
                0x0000000008005ab4       0x5e ./Drivers/STM32F4xx_HAL_Driver/Src/stm32f4xx_hal_tim.o
 .text.TIM_TI2_ConfigInputStage
                0x0000000008005b12       0x60 ./Drivers/STM32F4xx_HAL_Driver/Src/stm32f4xx_hal_tim.o
 .text.TIM_ITRx_SetConfig
                0x0000000008005b72       0x36 ./Drivers/STM32F4xx_HAL_Driver/Src/stm32f4xx_hal_tim.o
 .text.TIM_ETR_SetConfig
                0x0000000008005ba8       0x40 ./Drivers/STM32F4xx_HAL_Driver/Src/stm32f4xx_hal_tim.o
                0x0000000008005ba8                TIM_ETR_SetConfig
 .text.TIM_CCxChannelCmd
                0x0000000008005be8       0x4a ./Drivers/STM32F4xx_HAL_Driver/Src/stm32f4xx_hal_tim.o
                0x0000000008005be8                TIM_CCxChannelCmd
 *fill*         0x0000000008005c32        0x2 
 .text.HAL_TIMEx_MasterConfigSynchronization
                0x0000000008005c34       0xf8 ./Drivers/STM32F4xx_HAL_Driver/Src/stm32f4xx_hal_tim_ex.o
                0x0000000008005c34                HAL_TIMEx_MasterConfigSynchronization
 .text.HAL_TIMEx_ConfigBreakDeadTime
                0x0000000008005d2c       0xa4 ./Drivers/STM32F4xx_HAL_Driver/Src/stm32f4xx_hal_tim_ex.o
                0x0000000008005d2c                HAL_TIMEx_ConfigBreakDeadTime
 .text.HAL_TIMEx_CommutCallback
                0x0000000008005dd0       0x14 ./Drivers/STM32F4xx_HAL_Driver/Src/stm32f4xx_hal_tim_ex.o
                0x0000000008005dd0                HAL_TIMEx_CommutCallback
 .text.HAL_TIMEx_BreakCallback
                0x0000000008005de4       0x14 ./Drivers/STM32F4xx_HAL_Driver/Src/stm32f4xx_hal_tim_ex.o
                0x0000000008005de4                HAL_TIMEx_BreakCallback
 .text.HAL_UART_Init
                0x0000000008005df8       0x9a ./Drivers/STM32F4xx_HAL_Driver/Src/stm32f4xx_hal_uart.o
                0x0000000008005df8                HAL_UART_Init
 .text.HAL_UART_Transmit
                0x0000000008005e92      0x124 ./Drivers/STM32F4xx_HAL_Driver/Src/stm32f4xx_hal_uart.o
                0x0000000008005e92                HAL_UART_Transmit
 .text.UART_WaitOnFlagUntilTimeout
                0x0000000008005fb6       0xdc ./Drivers/STM32F4xx_HAL_Driver/Src/stm32f4xx_hal_uart.o
 *fill*         0x0000000008006092        0x2 
 .text.UART_SetConfig
                0x0000000008006094      0x4e8 ./Drivers/STM32F4xx_HAL_Driver/Src/stm32f4xx_hal_uart.o
 .text.setupESC
                0x000000000800657c       0x66 ./Lib/TD_Brushless.o
                0x000000000800657c                setupESC
 .text.ESC_Control
                0x00000000080065e2       0x46 ./Lib/TD_Brushless.o
                0x00000000080065e2                ESC_Control
 .text.MPU6050_Init
                0x0000000008006628       0xea ./Lib/TD_GY86.o
                0x0000000008006628                MPU6050_Init
 .text.MPU6050_Bypass
                0x0000000008006712       0x4c ./Lib/TD_GY86.o
                0x0000000008006712                MPU6050_Bypass
 .text.MPU6050_Master
                0x000000000800675e       0x4c ./Lib/TD_GY86.o
                0x000000000800675e                MPU6050_Master
 .text.MPU6050_Addslave
                0x00000000080067aa       0x88 ./Lib/TD_GY86.o
                0x00000000080067aa                MPU6050_Addslave
 *fill*         0x0000000008006832        0x6 
 .text.MPU6050_Read_All
                0x0000000008006838      0x23c ./Lib/TD_GY86.o
                0x0000000008006838                MPU6050_Read_All
 .text.HMC5883L_Init
                0x0000000008006a74       0x6a ./Lib/TD_GY86.o
                0x0000000008006a74                HMC5883L_Init
 .text.MS5611_Rest
                0x0000000008006ade       0x34 ./Lib/TD_GY86.o
                0x0000000008006ade                MS5611_Rest
 *fill*         0x0000000008006b12        0x2 
 .text.MS5611_PROM_read
                0x0000000008006b14       0xd8 ./Lib/TD_GY86.o
                0x0000000008006b14                MS5611_PROM_read
 .text.MS5611_init
                0x0000000008006bec       0x22 ./Lib/TD_GY86.o
                0x0000000008006bec                MS5611_init
 .text.MS5611_read_temp
                0x0000000008006c0e       0x60 ./Lib/TD_GY86.o
                0x0000000008006c0e                MS5611_read_temp
 .text.MS5611_read_press
                0x0000000008006c6e       0x60 ./Lib/TD_GY86.o
                0x0000000008006c6e                MS5611_read_press
 *fill*         0x0000000008006cce        0x2 
 .text.MS5611_calculate
                0x0000000008006cd0      0x6fc ./Lib/TD_GY86.o
                0x0000000008006cd0                MS5611_calculate
 *fill*         0x00000000080073cc        0x4 
 .text.getAltitude
                0x00000000080073d0       0x7c ./Lib/TD_GY86.o
                0x00000000080073d0                getAltitude
 *fill*         0x000000000800744c        0x4 
 .text.MPU2Angle
                0x0000000008007450       0xf0 ./Lib/TD_GY86.o
                0x0000000008007450                MPU2Angle
 .text.OffsetAngle
                0x0000000008007540       0x68 ./Lib/TD_GY86.o
                0x0000000008007540                OffsetAngle
 .text.compute_control
                0x00000000080075a8       0xa0 ./Lib/TD_LQR.o
                0x00000000080075a8                compute_control
 .text.Lowpass  0x0000000008007648       0x94 ./Lib/TD_Lowpass.o
                0x0000000008007648                Lowpass
 .text.Lowpass4MPU
                0x00000000080076dc       0xb8 ./Lib/TD_Lowpass.o
                0x00000000080076dc                Lowpass4MPU
 .text.quat_mult
                0x0000000008007794      0x184 ./Lib/TD_Madgiwick.o
                0x0000000008007794                quat_mult
 .text.quat_scalar
                0x0000000008007918       0x68 ./Lib/TD_Madgiwick.o
                0x0000000008007918                quat_scalar
 .text.quat_add
                0x0000000008007980       0x9c ./Lib/TD_Madgiwick.o
                0x0000000008007980                quat_add
 .text.quat_sub
                0x0000000008007a1c       0x9c ./Lib/TD_Madgiwick.o
                0x0000000008007a1c                quat_sub
 .text.quat_conjugate
                0x0000000008007ab8       0x88 ./Lib/TD_Madgiwick.o
                0x0000000008007ab8                quat_conjugate
 .text.quat_Norm
                0x0000000008007b40       0x92 ./Lib/TD_Madgiwick.o
                0x0000000008007b40                quat_Norm
 .text.quat_Normalization
                0x0000000008007bd2       0x8a ./Lib/TD_Madgiwick.o
                0x0000000008007bd2                quat_Normalization
 .text.Madgwick_update
                0x0000000008007c5c      0xef8 ./Lib/TD_Madgiwick.o
                0x0000000008007c5c                Madgwick_update
 .text.Madgwick_imu
                0x0000000008008b54      0x464 ./Lib/TD_Madgiwick.o
                0x0000000008008b54                Madgwick_imu
 .text.Quat2Angle
                0x0000000008008fb8      0x2f0 ./Lib/TD_Madgiwick.o
                0x0000000008008fb8                Quat2Angle
 .text.NRF24_DelayMicroSeconds
                0x00000000080092a8       0x44 ./Lib/TD_RF24L01.o
                0x00000000080092a8                NRF24_DelayMicroSeconds
 .text.NRF24_csn
                0x00000000080092ec       0x40 ./Lib/TD_RF24L01.o
                0x00000000080092ec                NRF24_csn
 .text.NRF24_ce
                0x000000000800932c       0x40 ./Lib/TD_RF24L01.o
                0x000000000800932c                NRF24_ce
 .text.NRF24_read_register
                0x000000000800936c       0x4c ./Lib/TD_RF24L01.o
                0x000000000800936c                NRF24_read_register
 .text.NRF24_read_registerN
                0x00000000080093b8       0x48 ./Lib/TD_RF24L01.o
                0x00000000080093b8                NRF24_read_registerN
 .text.NRF24_write_register
                0x0000000008009400       0x44 ./Lib/TD_RF24L01.o
                0x0000000008009400                NRF24_write_register
 .text.NRF24_write_registerN
                0x0000000008009444       0x50 ./Lib/TD_RF24L01.o
                0x0000000008009444                NRF24_write_registerN
 .text.NRF24_write_payload
                0x0000000008009494       0x44 ./Lib/TD_RF24L01.o
                0x0000000008009494                NRF24_write_payload
 .text.NRF24_read_payload
                0x00000000080094d8       0x60 ./Lib/TD_RF24L01.o
                0x00000000080094d8                NRF24_read_payload
 .text.NRF24_flush_tx
                0x0000000008009538       0x10 ./Lib/TD_RF24L01.o
                0x0000000008009538                NRF24_flush_tx
 .text.NRF24_flush_rx
                0x0000000008009548       0x10 ./Lib/TD_RF24L01.o
                0x0000000008009548                NRF24_flush_rx
 .text.NRF24_get_status
                0x0000000008009558       0x1a ./Lib/TD_RF24L01.o
                0x0000000008009558                NRF24_get_status
 *fill*         0x0000000008009572        0x2 
 .text.NRF24_begin
                0x0000000008009574      0x1c0 ./Lib/TD_RF24L01.o
                0x0000000008009574                NRF24_begin
 .text.NRF24_stopListening
                0x0000000008009734       0x16 ./Lib/TD_RF24L01.o
                0x0000000008009734                NRF24_stopListening
 *fill*         0x000000000800974a        0x2 
 .text.NRF24_write
                0x000000000800974c       0x98 ./Lib/TD_RF24L01.o
                0x000000000800974c                NRF24_write
 .text.NRF24_available
                0x00000000080097e4       0x10 ./Lib/TD_RF24L01.o
                0x00000000080097e4                NRF24_available
 .text.NRF24_read
                0x00000000080097f4       0x40 ./Lib/TD_RF24L01.o
                0x00000000080097f4                NRF24_read
 .text.NRF24_openWritingPipe
                0x0000000008009834       0x48 ./Lib/TD_RF24L01.o
                0x0000000008009834                NRF24_openWritingPipe
 .text.NRF24_setRetries
                0x000000000800987c       0x36 ./Lib/TD_RF24L01.o
                0x000000000800987c                NRF24_setRetries
 .text.NRF24_setChannel
                0x00000000080098b2       0x2a ./Lib/TD_RF24L01.o
                0x00000000080098b2                NRF24_setChannel
 .text.NRF24_setPayloadSize
                0x00000000080098dc       0x30 ./Lib/TD_RF24L01.o
                0x00000000080098dc                NRF24_setPayloadSize
 .text.NRF24_getPayloadSize
                0x000000000800990c       0x18 ./Lib/TD_RF24L01.o
                0x000000000800990c                NRF24_getPayloadSize
 .text.NRF24_getDynamicPayloadSize
                0x0000000008009924       0x10 ./Lib/TD_RF24L01.o
                0x0000000008009924                NRF24_getDynamicPayloadSize
 .text.NRF24_enableAckPayload
                0x0000000008009934       0x5a ./Lib/TD_RF24L01.o
                0x0000000008009934                NRF24_enableAckPayload
 *fill*         0x000000000800998e        0x2 
 .text.NRF24_enableDynamicPayloads
                0x0000000008009990       0x64 ./Lib/TD_RF24L01.o
                0x0000000008009990                NRF24_enableDynamicPayloads
 .text.NRF24_disableDynamicPayloads
                0x00000000080099f4       0x30 ./Lib/TD_RF24L01.o
                0x00000000080099f4                NRF24_disableDynamicPayloads
 .text.NRF24_setAutoAck
                0x0000000008009a24       0x2a ./Lib/TD_RF24L01.o
                0x0000000008009a24                NRF24_setAutoAck
 .text.NRF24_setPALevel
                0x0000000008009a4e       0x72 ./Lib/TD_RF24L01.o
                0x0000000008009a4e                NRF24_setPALevel
 .text.NRF24_setDataRate
                0x0000000008009ac0       0x8c ./Lib/TD_RF24L01.o
                0x0000000008009ac0                NRF24_setDataRate
 .text.NRF24_setCRCLength
                0x0000000008009b4c       0x50 ./Lib/TD_RF24L01.o
                0x0000000008009b4c                NRF24_setCRCLength
 .text.NRF24_powerDown
                0x0000000008009b9c       0x1e ./Lib/TD_RF24L01.o
                0x0000000008009b9c                NRF24_powerDown
 .text.NRF24_availablePipe
                0x0000000008009bba       0x60 ./Lib/TD_RF24L01.o
                0x0000000008009bba                NRF24_availablePipe
 .text.NRF24_startWrite
                0x0000000008009c1a       0x5e ./Lib/TD_RF24L01.o
                0x0000000008009c1a                NRF24_startWrite
 .text.NRF24_whatHappened
                0x0000000008009c78       0x66 ./Lib/TD_RF24L01.o
                0x0000000008009c78                NRF24_whatHappened
 .text.NRF24_resetStatus
                0x0000000008009cde       0x10 ./Lib/TD_RF24L01.o
                0x0000000008009cde                NRF24_resetStatus
 *fill*         0x0000000008009cee        0x2 
 .text.NRF24_ACTIVATE_cmd
                0x0000000008009cf0       0x34 ./Lib/TD_RF24L01.o
                0x0000000008009cf0                NRF24_ACTIVATE_cmd
 .text.printRadioSettings
                0x0000000008009d24      0x850 ./Lib/TD_RF24L01.o
                0x0000000008009d24                printRadioSettings
 .text.__errno  0x000000000800a574        0xc c:/st/stm32cubeide_1.12.1/stm32cubeide/plugins/com.st.stm32cube.ide.mcu.externaltools.gnu-tools-for-stm32.10.3-2021.10.win32_1.0.200.202301161003/tools/bin/../lib/gcc/arm-none-eabi/10.3.1/../../../../arm-none-eabi/lib/thumb/v7e-m+fp/hard\libc_nano.a(lib_a-errno.o)
                0x000000000800a574                __errno
 .text.__libc_init_array
                0x000000000800a580       0x48 c:/st/stm32cubeide_1.12.1/stm32cubeide/plugins/com.st.stm32cube.ide.mcu.externaltools.gnu-tools-for-stm32.10.3-2021.10.win32_1.0.200.202301161003/tools/bin/../lib/gcc/arm-none-eabi/10.3.1/../../../../arm-none-eabi/lib/thumb/v7e-m+fp/hard\libc_nano.a(lib_a-init.o)
                0x000000000800a580                __libc_init_array
 .text.memcpy   0x000000000800a5c8       0x1c c:/st/stm32cubeide_1.12.1/stm32cubeide/plugins/com.st.stm32cube.ide.mcu.externaltools.gnu-tools-for-stm32.10.3-2021.10.win32_1.0.200.202301161003/tools/bin/../lib/gcc/arm-none-eabi/10.3.1/../../../../arm-none-eabi/lib/thumb/v7e-m+fp/hard\libc_nano.a(lib_a-memcpy-stub.o)
                0x000000000800a5c8                memcpy
 .text.memset   0x000000000800a5e4       0x10 c:/st/stm32cubeide_1.12.1/stm32cubeide/plugins/com.st.stm32cube.ide.mcu.externaltools.gnu-tools-for-stm32.10.3-2021.10.win32_1.0.200.202301161003/tools/bin/../lib/gcc/arm-none-eabi/10.3.1/../../../../arm-none-eabi/lib/thumb/v7e-m+fp/hard\libc_nano.a(lib_a-memset.o)
                0x000000000800a5e4                memset
 .text.sprintf  0x000000000800a5f4       0x40 c:/st/stm32cubeide_1.12.1/stm32cubeide/plugins/com.st.stm32cube.ide.mcu.externaltools.gnu-tools-for-stm32.10.3-2021.10.win32_1.0.200.202301161003/tools/bin/../lib/gcc/arm-none-eabi/10.3.1/../../../../arm-none-eabi/lib/thumb/v7e-m+fp/hard\libc_nano.a(lib_a-sprintf.o)
                0x000000000800a5f4                siprintf
                0x000000000800a5f4                sprintf
 .text.__ssputs_r
                0x000000000800a634       0xb6 c:/st/stm32cubeide_1.12.1/stm32cubeide/plugins/com.st.stm32cube.ide.mcu.externaltools.gnu-tools-for-stm32.10.3-2021.10.win32_1.0.200.202301161003/tools/bin/../lib/gcc/arm-none-eabi/10.3.1/../../../../arm-none-eabi/lib/thumb/v7e-m+fp/hard\libc_nano.a(lib_a-nano-svfprintf.o)
                0x000000000800a634                __ssputs_r
 *fill*         0x000000000800a6ea        0x2 
 .text._svfprintf_r
                0x000000000800a6ec      0x200 c:/st/stm32cubeide_1.12.1/stm32cubeide/plugins/com.st.stm32cube.ide.mcu.externaltools.gnu-tools-for-stm32.10.3-2021.10.win32_1.0.200.202301161003/tools/bin/../lib/gcc/arm-none-eabi/10.3.1/../../../../arm-none-eabi/lib/thumb/v7e-m+fp/hard\libc_nano.a(lib_a-nano-svfprintf.o)
                0x000000000800a6ec                _svfiprintf_r
                0x000000000800a6ec                _svfprintf_r
 .text._printf_common
                0x000000000800a8ec       0xda c:/st/stm32cubeide_1.12.1/stm32cubeide/plugins/com.st.stm32cube.ide.mcu.externaltools.gnu-tools-for-stm32.10.3-2021.10.win32_1.0.200.202301161003/tools/bin/../lib/gcc/arm-none-eabi/10.3.1/../../../../arm-none-eabi/lib/thumb/v7e-m+fp/hard\libc_nano.a(lib_a-nano-vfprintf_i.o)
                0x000000000800a8ec                _printf_common
 *fill*         0x000000000800a9c6        0x2 
 .text._printf_i
                0x000000000800a9c8      0x24c c:/st/stm32cubeide_1.12.1/stm32cubeide/plugins/com.st.stm32cube.ide.mcu.externaltools.gnu-tools-for-stm32.10.3-2021.10.win32_1.0.200.202301161003/tools/bin/../lib/gcc/arm-none-eabi/10.3.1/../../../../arm-none-eabi/lib/thumb/v7e-m+fp/hard\libc_nano.a(lib_a-nano-vfprintf_i.o)
                0x000000000800a9c8                _printf_i
 .text.memmove  0x000000000800ac14       0x34 c:/st/stm32cubeide_1.12.1/stm32cubeide/plugins/com.st.stm32cube.ide.mcu.externaltools.gnu-tools-for-stm32.10.3-2021.10.win32_1.0.200.202301161003/tools/bin/../lib/gcc/arm-none-eabi/10.3.1/../../../../arm-none-eabi/lib/thumb/v7e-m+fp/hard\libc_nano.a(lib_a-memmove.o)
                0x000000000800ac14                memmove
 .text._free_r  0x000000000800ac48       0x98 c:/st/stm32cubeide_1.12.1/stm32cubeide/plugins/com.st.stm32cube.ide.mcu.externaltools.gnu-tools-for-stm32.10.3-2021.10.win32_1.0.200.202301161003/tools/bin/../lib/gcc/arm-none-eabi/10.3.1/../../../../arm-none-eabi/lib/thumb/v7e-m+fp/hard\libc_nano.a(lib_a-nano-freer.o)
                0x000000000800ac48                _free_r
 .text.sbrk_aligned
                0x000000000800ace0       0x40 c:/st/stm32cubeide_1.12.1/stm32cubeide/plugins/com.st.stm32cube.ide.mcu.externaltools.gnu-tools-for-stm32.10.3-2021.10.win32_1.0.200.202301161003/tools/bin/../lib/gcc/arm-none-eabi/10.3.1/../../../../arm-none-eabi/lib/thumb/v7e-m+fp/hard\libc_nano.a(lib_a-nano-mallocr.o)
 .text._malloc_r
                0x000000000800ad20       0xe8 c:/st/stm32cubeide_1.12.1/stm32cubeide/plugins/com.st.stm32cube.ide.mcu.externaltools.gnu-tools-for-stm32.10.3-2021.10.win32_1.0.200.202301161003/tools/bin/../lib/gcc/arm-none-eabi/10.3.1/../../../../arm-none-eabi/lib/thumb/v7e-m+fp/hard\libc_nano.a(lib_a-nano-mallocr.o)
                0x000000000800ad20                _malloc_r
 .text._realloc_r
                0x000000000800ae08       0x5e c:/st/stm32cubeide_1.12.1/stm32cubeide/plugins/com.st.stm32cube.ide.mcu.externaltools.gnu-tools-for-stm32.10.3-2021.10.win32_1.0.200.202301161003/tools/bin/../lib/gcc/arm-none-eabi/10.3.1/../../../../arm-none-eabi/lib/thumb/v7e-m+fp/hard\libc_nano.a(lib_a-nano-reallocr.o)
                0x000000000800ae08                _realloc_r
 *fill*         0x000000000800ae66        0x2 
 .text._sbrk_r  0x000000000800ae68       0x20 c:/st/stm32cubeide_1.12.1/stm32cubeide/plugins/com.st.stm32cube.ide.mcu.externaltools.gnu-tools-for-stm32.10.3-2021.10.win32_1.0.200.202301161003/tools/bin/../lib/gcc/arm-none-eabi/10.3.1/../../../../arm-none-eabi/lib/thumb/v7e-m+fp/hard\libc_nano.a(lib_a-sbrkr.o)
                0x000000000800ae68                _sbrk_r
 .text.__malloc_lock
                0x000000000800ae88        0xc c:/st/stm32cubeide_1.12.1/stm32cubeide/plugins/com.st.stm32cube.ide.mcu.externaltools.gnu-tools-for-stm32.10.3-2021.10.win32_1.0.200.202301161003/tools/bin/../lib/gcc/arm-none-eabi/10.3.1/../../../../arm-none-eabi/lib/thumb/v7e-m+fp/hard\libc_nano.a(lib_a-mlock.o)
                0x000000000800ae88                __malloc_lock
 .text.__malloc_unlock
                0x000000000800ae94        0xc c:/st/stm32cubeide_1.12.1/stm32cubeide/plugins/com.st.stm32cube.ide.mcu.externaltools.gnu-tools-for-stm32.10.3-2021.10.win32_1.0.200.202301161003/tools/bin/../lib/gcc/arm-none-eabi/10.3.1/../../../../arm-none-eabi/lib/thumb/v7e-m+fp/hard\libc_nano.a(lib_a-mlock.o)
                0x000000000800ae94                __malloc_unlock
 .text._malloc_usable_size_r
                0x000000000800aea0       0x10 c:/st/stm32cubeide_1.12.1/stm32cubeide/plugins/com.st.stm32cube.ide.mcu.externaltools.gnu-tools-for-stm32.10.3-2021.10.win32_1.0.200.202301161003/tools/bin/../lib/gcc/arm-none-eabi/10.3.1/../../../../arm-none-eabi/lib/thumb/v7e-m+fp/hard\libc_nano.a(lib_a-nano-msizer.o)
                0x000000000800aea0                _malloc_usable_size_r
 .text.__retarget_lock_acquire_recursive
                0x000000000800aeb0        0x2 c:/st/stm32cubeide_1.12.1/stm32cubeide/plugins/com.st.stm32cube.ide.mcu.externaltools.gnu-tools-for-stm32.10.3-2021.10.win32_1.0.200.202301161003/tools/bin/../lib/gcc/arm-none-eabi/10.3.1/../../../../arm-none-eabi/lib/thumb/v7e-m+fp/hard\libc_nano.a(lib_a-lock.o)
                0x000000000800aeb0                __retarget_lock_acquire_recursive
 .text.__retarget_lock_release_recursive
                0x000000000800aeb2        0x2 c:/st/stm32cubeide_1.12.1/stm32cubeide/plugins/com.st.stm32cube.ide.mcu.externaltools.gnu-tools-for-stm32.10.3-2021.10.win32_1.0.200.202301161003/tools/bin/../lib/gcc/arm-none-eabi/10.3.1/../../../../arm-none-eabi/lib/thumb/v7e-m+fp/hard\libc_nano.a(lib_a-lock.o)
                0x000000000800aeb2                __retarget_lock_release_recursive
 .text.asin     0x000000000800aeb4       0x68 c:/st/stm32cubeide_1.12.1/stm32cubeide/plugins/com.st.stm32cube.ide.mcu.externaltools.gnu-tools-for-stm32.10.3-2021.10.win32_1.0.200.202301161003/tools/bin/../lib/gcc/arm-none-eabi/10.3.1/../../../../arm-none-eabi/lib/thumb/v7e-m+fp/hard\libm.a(lib_a-w_asin.o)
                0x000000000800aeb4                asin
 .text.atan2    0x000000000800af1c        0x4 c:/st/stm32cubeide_1.12.1/stm32cubeide/plugins/com.st.stm32cube.ide.mcu.externaltools.gnu-tools-for-stm32.10.3-2021.10.win32_1.0.200.202301161003/tools/bin/../lib/gcc/arm-none-eabi/10.3.1/../../../../arm-none-eabi/lib/thumb/v7e-m+fp/hard\libm.a(lib_a-w_atan2.o)
                0x000000000800af1c                atan2
 .text.exp      0x000000000800af20       0x90 c:/st/stm32cubeide_1.12.1/stm32cubeide/plugins/com.st.stm32cube.ide.mcu.externaltools.gnu-tools-for-stm32.10.3-2021.10.win32_1.0.200.202301161003/tools/bin/../lib/gcc/arm-none-eabi/10.3.1/../../../../arm-none-eabi/lib/thumb/v7e-m+fp/hard\libm.a(lib_a-w_exp.o)
                0x000000000800af20                exp
 .text.pow      0x000000000800afb0       0xe0 c:/st/stm32cubeide_1.12.1/stm32cubeide/plugins/com.st.stm32cube.ide.mcu.externaltools.gnu-tools-for-stm32.10.3-2021.10.win32_1.0.200.202301161003/tools/bin/../lib/gcc/arm-none-eabi/10.3.1/../../../../arm-none-eabi/lib/thumb/v7e-m+fp/hard\libm.a(lib_a-w_pow.o)
                0x000000000800afb0                pow
 .text.sqrt     0x000000000800b090       0x58 c:/st/stm32cubeide_1.12.1/stm32cubeide/plugins/com.st.stm32cube.ide.mcu.externaltools.gnu-tools-for-stm32.10.3-2021.10.win32_1.0.200.202301161003/tools/bin/../lib/gcc/arm-none-eabi/10.3.1/../../../../arm-none-eabi/lib/thumb/v7e-m+fp/hard\libm.a(lib_a-w_sqrt.o)
                0x000000000800b090                sqrt
 .text.__ieee754_asin
                0x000000000800b0e8      0x428 c:/st/stm32cubeide_1.12.1/stm32cubeide/plugins/com.st.stm32cube.ide.mcu.externaltools.gnu-tools-for-stm32.10.3-2021.10.win32_1.0.200.202301161003/tools/bin/../lib/gcc/arm-none-eabi/10.3.1/../../../../arm-none-eabi/lib/thumb/v7e-m+fp/hard\libm.a(lib_a-e_asin.o)
                0x000000000800b0e8                __ieee754_asin
 .text.__ieee754_atan2
                0x000000000800b510      0x194 c:/st/stm32cubeide_1.12.1/stm32cubeide/plugins/com.st.stm32cube.ide.mcu.externaltools.gnu-tools-for-stm32.10.3-2021.10.win32_1.0.200.202301161003/tools/bin/../lib/gcc/arm-none-eabi/10.3.1/../../../../arm-none-eabi/lib/thumb/v7e-m+fp/hard\libm.a(lib_a-e_atan2.o)
                0x000000000800b510                __ieee754_atan2
 *fill*         0x000000000800b6a4        0x4 
 .text.__ieee754_exp
                0x000000000800b6a8      0x304 c:/st/stm32cubeide_1.12.1/stm32cubeide/plugins/com.st.stm32cube.ide.mcu.externaltools.gnu-tools-for-stm32.10.3-2021.10.win32_1.0.200.202301161003/tools/bin/../lib/gcc/arm-none-eabi/10.3.1/../../../../arm-none-eabi/lib/thumb/v7e-m+fp/hard\libm.a(lib_a-e_exp.o)
                0x000000000800b6a8                __ieee754_exp
 *fill*         0x000000000800b9ac        0x4 
 .text.__ieee754_pow
                0x000000000800b9b0      0xa5c c:/st/stm32cubeide_1.12.1/stm32cubeide/plugins/com.st.stm32cube.ide.mcu.externaltools.gnu-tools-for-stm32.10.3-2021.10.win32_1.0.200.202301161003/tools/bin/../lib/gcc/arm-none-eabi/10.3.1/../../../../arm-none-eabi/lib/thumb/v7e-m+fp/hard\libm.a(lib_a-e_pow.o)
                0x000000000800b9b0                __ieee754_pow
 .text.__ieee754_sqrt
                0x000000000800c40c      0x164 c:/st/stm32cubeide_1.12.1/stm32cubeide/plugins/com.st.stm32cube.ide.mcu.externaltools.gnu-tools-for-stm32.10.3-2021.10.win32_1.0.200.202301161003/tools/bin/../lib/gcc/arm-none-eabi/10.3.1/../../../../arm-none-eabi/lib/thumb/v7e-m+fp/hard\libm.a(lib_a-e_sqrt.o)
                0x000000000800c40c                __ieee754_sqrt
 .text.with_errno
                0x000000000800c570       0x14 c:/st/stm32cubeide_1.12.1/stm32cubeide/plugins/com.st.stm32cube.ide.mcu.externaltools.gnu-tools-for-stm32.10.3-2021.10.win32_1.0.200.202301161003/tools/bin/../lib/gcc/arm-none-eabi/10.3.1/../../../../arm-none-eabi/lib/thumb/v7e-m+fp/hard\libm.a(lib_a-math_err.o)
 .text.xflow    0x000000000800c584       0x28 c:/st/stm32cubeide_1.12.1/stm32cubeide/plugins/com.st.stm32cube.ide.mcu.externaltools.gnu-tools-for-stm32.10.3-2021.10.win32_1.0.200.202301161003/tools/bin/../lib/gcc/arm-none-eabi/10.3.1/../../../../arm-none-eabi/lib/thumb/v7e-m+fp/hard\libm.a(lib_a-math_err.o)
 .text.__math_uflow
                0x000000000800c5ac       0x12 c:/st/stm32cubeide_1.12.1/stm32cubeide/plugins/com.st.stm32cube.ide.mcu.externaltools.gnu-tools-for-stm32.10.3-2021.10.win32_1.0.200.202301161003/tools/bin/../lib/gcc/arm-none-eabi/10.3.1/../../../../arm-none-eabi/lib/thumb/v7e-m+fp/hard\libm.a(lib_a-math_err.o)
                0x000000000800c5ac                __math_uflow
 .text.__math_oflow
                0x000000000800c5be       0x12 c:/st/stm32cubeide_1.12.1/stm32cubeide/plugins/com.st.stm32cube.ide.mcu.externaltools.gnu-tools-for-stm32.10.3-2021.10.win32_1.0.200.202301161003/tools/bin/../lib/gcc/arm-none-eabi/10.3.1/../../../../arm-none-eabi/lib/thumb/v7e-m+fp/hard\libm.a(lib_a-math_err.o)
                0x000000000800c5be                __math_oflow
 .text.atan     0x000000000800c5d0      0x340 c:/st/stm32cubeide_1.12.1/stm32cubeide/plugins/com.st.stm32cube.ide.mcu.externaltools.gnu-tools-for-stm32.10.3-2021.10.win32_1.0.200.202301161003/tools/bin/../lib/gcc/arm-none-eabi/10.3.1/../../../../arm-none-eabi/lib/thumb/v7e-m+fp/hard\libm.a(lib_a-s_atan.o)
                0x000000000800c5d0                atan
 .text.fabs     0x000000000800c910       0x12 c:/st/stm32cubeide_1.12.1/stm32cubeide/plugins/com.st.stm32cube.ide.mcu.externaltools.gnu-tools-for-stm32.10.3-2021.10.win32_1.0.200.202301161003/tools/bin/../lib/gcc/arm-none-eabi/10.3.1/../../../../arm-none-eabi/lib/thumb/v7e-m+fp/hard\libm.a(lib_a-s_fabs.o)
                0x000000000800c910                fabs
 .text.finite   0x000000000800c922       0x16 c:/st/stm32cubeide_1.12.1/stm32cubeide/plugins/com.st.stm32cube.ide.mcu.externaltools.gnu-tools-for-stm32.10.3-2021.10.win32_1.0.200.202301161003/tools/bin/../lib/gcc/arm-none-eabi/10.3.1/../../../../arm-none-eabi/lib/thumb/v7e-m+fp/hard\libm.a(lib_a-s_finite.o)
                0x000000000800c922                finite
 .text.nan      0x000000000800c938       0x10 c:/st/stm32cubeide_1.12.1/stm32cubeide/plugins/com.st.stm32cube.ide.mcu.externaltools.gnu-tools-for-stm32.10.3-2021.10.win32_1.0.200.202301161003/tools/bin/../lib/gcc/arm-none-eabi/10.3.1/../../../../arm-none-eabi/lib/thumb/v7e-m+fp/hard\libm.a(lib_a-s_nan.o)
                0x000000000800c938                nan
 .text.scalbn   0x000000000800c948      0x10c c:/st/stm32cubeide_1.12.1/stm32cubeide/plugins/com.st.stm32cube.ide.mcu.externaltools.gnu-tools-for-stm32.10.3-2021.10.win32_1.0.200.202301161003/tools/bin/../lib/gcc/arm-none-eabi/10.3.1/../../../../arm-none-eabi/lib/thumb/v7e-m+fp/hard\libm.a(lib_a-s_scalbn.o)
                0x000000000800c948                scalbn
 *(.glue_7)
 .glue_7        0x000000000800ca54        0x0 linker stubs
 *(.glue_7t)
 .glue_7t       0x000000000800ca54        0x0 linker stubs
 *(.eh_frame)
 .eh_frame      0x000000000800ca54        0x0 c:/st/stm32cubeide_1.12.1/stm32cubeide/plugins/com.st.stm32cube.ide.mcu.externaltools.gnu-tools-for-stm32.10.3-2021.10.win32_1.0.200.202301161003/tools/bin/../lib/gcc/arm-none-eabi/10.3.1/thumb/v7e-m+fp/hard/crtbegin.o
 *(.init)
 .init          0x000000000800ca54        0x4 c:/st/stm32cubeide_1.12.1/stm32cubeide/plugins/com.st.stm32cube.ide.mcu.externaltools.gnu-tools-for-stm32.10.3-2021.10.win32_1.0.200.202301161003/tools/bin/../lib/gcc/arm-none-eabi/10.3.1/thumb/v7e-m+fp/hard/crti.o
                0x000000000800ca54                _init
 .init          0x000000000800ca58        0x8 c:/st/stm32cubeide_1.12.1/stm32cubeide/plugins/com.st.stm32cube.ide.mcu.externaltools.gnu-tools-for-stm32.10.3-2021.10.win32_1.0.200.202301161003/tools/bin/../lib/gcc/arm-none-eabi/10.3.1/thumb/v7e-m+fp/hard/crtn.o
 *(.fini)
 .fini          0x000000000800ca60        0x4 c:/st/stm32cubeide_1.12.1/stm32cubeide/plugins/com.st.stm32cube.ide.mcu.externaltools.gnu-tools-for-stm32.10.3-2021.10.win32_1.0.200.202301161003/tools/bin/../lib/gcc/arm-none-eabi/10.3.1/thumb/v7e-m+fp/hard/crti.o
                0x000000000800ca60                _fini
 .fini          0x000000000800ca64        0x8 c:/st/stm32cubeide_1.12.1/stm32cubeide/plugins/com.st.stm32cube.ide.mcu.externaltools.gnu-tools-for-stm32.10.3-2021.10.win32_1.0.200.202301161003/tools/bin/../lib/gcc/arm-none-eabi/10.3.1/thumb/v7e-m+fp/hard/crtn.o
                0x000000000800ca6c                . = ALIGN (0x4)
                0x000000000800ca6c                _etext = .

.vfp11_veneer   0x000000000800ca6c        0x0
 .vfp11_veneer  0x000000000800ca6c        0x0 linker stubs

.v4_bx          0x000000000800ca6c        0x0
 .v4_bx         0x000000000800ca6c        0x0 linker stubs

.iplt           0x000000000800ca6c        0x0
 .iplt          0x000000000800ca6c        0x0 c:/st/stm32cubeide_1.12.1/stm32cubeide/plugins/com.st.stm32cube.ide.mcu.externaltools.gnu-tools-for-stm32.10.3-2021.10.win32_1.0.200.202301161003/tools/bin/../lib/gcc/arm-none-eabi/10.3.1/thumb/v7e-m+fp/hard/crtbegin.o

.rodata         0x000000000800ca70      0x668
                0x000000000800ca70                . = ALIGN (0x4)
 *(.rodata)
 .rodata        0x000000000800ca70        0x8 ./Lib/TD_GY86.o
 .rodata        0x000000000800ca78      0x541 ./Lib/TD_RF24L01.o
 *(.rodata*)
 *fill*         0x000000000800cfb9        0x3 
 .rodata.AHBPrescTable
                0x000000000800cfbc       0x10 ./Core/Src/system_stm32f4xx.o
                0x000000000800cfbc                AHBPrescTable
 .rodata.APBPrescTable
                0x000000000800cfcc        0x8 ./Core/Src/system_stm32f4xx.o
                0x000000000800cfcc                APBPrescTable
 .rodata._svfprintf_r.str1.1
                0x000000000800cfd4       0x11 c:/st/stm32cubeide_1.12.1/stm32cubeide/plugins/com.st.stm32cube.ide.mcu.externaltools.gnu-tools-for-stm32.10.3-2021.10.win32_1.0.200.202301161003/tools/bin/../lib/gcc/arm-none-eabi/10.3.1/../../../../arm-none-eabi/lib/thumb/v7e-m+fp/hard\libc_nano.a(lib_a-nano-svfprintf.o)
 .rodata._printf_i.str1.1
                0x000000000800cfe5       0x22 c:/st/stm32cubeide_1.12.1/stm32cubeide/plugins/com.st.stm32cube.ide.mcu.externaltools.gnu-tools-for-stm32.10.3-2021.10.win32_1.0.200.202301161003/tools/bin/../lib/gcc/arm-none-eabi/10.3.1/../../../../arm-none-eabi/lib/thumb/v7e-m+fp/hard\libc_nano.a(lib_a-nano-vfprintf_i.o)
 .rodata.asin.str1.1
                0x000000000800d007       0x22 c:/st/stm32cubeide_1.12.1/stm32cubeide/plugins/com.st.stm32cube.ide.mcu.externaltools.gnu-tools-for-stm32.10.3-2021.10.win32_1.0.200.202301161003/tools/bin/../lib/gcc/arm-none-eabi/10.3.1/../../../../arm-none-eabi/lib/thumb/v7e-m+fp/hard\libm.a(lib_a-w_asin.o)
                                          0x1 (size before relaxing)
 *fill*         0x000000000800d007        0x1 
 .rodata.CSWTCH.8
                0x000000000800d008       0x18 c:/st/stm32cubeide_1.12.1/stm32cubeide/plugins/com.st.stm32cube.ide.mcu.externaltools.gnu-tools-for-stm32.10.3-2021.10.win32_1.0.200.202301161003/tools/bin/../lib/gcc/arm-none-eabi/10.3.1/../../../../arm-none-eabi/lib/thumb/v7e-m+fp/hard\libm.a(lib_a-e_atan2.o)
 .rodata.CSWTCH.9
                0x000000000800d020       0x18 c:/st/stm32cubeide_1.12.1/stm32cubeide/plugins/com.st.stm32cube.ide.mcu.externaltools.gnu-tools-for-stm32.10.3-2021.10.win32_1.0.200.202301161003/tools/bin/../lib/gcc/arm-none-eabi/10.3.1/../../../../arm-none-eabi/lib/thumb/v7e-m+fp/hard\libm.a(lib_a-e_atan2.o)
 .rodata.halF   0x000000000800d038       0x10 c:/st/stm32cubeide_1.12.1/stm32cubeide/plugins/com.st.stm32cube.ide.mcu.externaltools.gnu-tools-for-stm32.10.3-2021.10.win32_1.0.200.202301161003/tools/bin/../lib/gcc/arm-none-eabi/10.3.1/../../../../arm-none-eabi/lib/thumb/v7e-m+fp/hard\libm.a(lib_a-e_exp.o)
 .rodata.ln2HI  0x000000000800d048       0x10 c:/st/stm32cubeide_1.12.1/stm32cubeide/plugins/com.st.stm32cube.ide.mcu.externaltools.gnu-tools-for-stm32.10.3-2021.10.win32_1.0.200.202301161003/tools/bin/../lib/gcc/arm-none-eabi/10.3.1/../../../../arm-none-eabi/lib/thumb/v7e-m+fp/hard\libm.a(lib_a-e_exp.o)
 .rodata.ln2LO  0x000000000800d058       0x10 c:/st/stm32cubeide_1.12.1/stm32cubeide/plugins/com.st.stm32cube.ide.mcu.externaltools.gnu-tools-for-stm32.10.3-2021.10.win32_1.0.200.202301161003/tools/bin/../lib/gcc/arm-none-eabi/10.3.1/../../../../arm-none-eabi/lib/thumb/v7e-m+fp/hard\libm.a(lib_a-e_exp.o)
 .rodata.bp     0x000000000800d068       0x10 c:/st/stm32cubeide_1.12.1/stm32cubeide/plugins/com.st.stm32cube.ide.mcu.externaltools.gnu-tools-for-stm32.10.3-2021.10.win32_1.0.200.202301161003/tools/bin/../lib/gcc/arm-none-eabi/10.3.1/../../../../arm-none-eabi/lib/thumb/v7e-m+fp/hard\libm.a(lib_a-e_pow.o)
 .rodata.dp_h   0x000000000800d078       0x10 c:/st/stm32cubeide_1.12.1/stm32cubeide/plugins/com.st.stm32cube.ide.mcu.externaltools.gnu-tools-for-stm32.10.3-2021.10.win32_1.0.200.202301161003/tools/bin/../lib/gcc/arm-none-eabi/10.3.1/../../../../arm-none-eabi/lib/thumb/v7e-m+fp/hard\libm.a(lib_a-e_pow.o)
 .rodata.dp_l   0x000000000800d088       0x10 c:/st/stm32cubeide_1.12.1/stm32cubeide/plugins/com.st.stm32cube.ide.mcu.externaltools.gnu-tools-for-stm32.10.3-2021.10.win32_1.0.200.202301161003/tools/bin/../lib/gcc/arm-none-eabi/10.3.1/../../../../arm-none-eabi/lib/thumb/v7e-m+fp/hard\libm.a(lib_a-e_pow.o)
 .rodata.atanhi
                0x000000000800d098       0x20 c:/st/stm32cubeide_1.12.1/stm32cubeide/plugins/com.st.stm32cube.ide.mcu.externaltools.gnu-tools-for-stm32.10.3-2021.10.win32_1.0.200.202301161003/tools/bin/../lib/gcc/arm-none-eabi/10.3.1/../../../../arm-none-eabi/lib/thumb/v7e-m+fp/hard\libm.a(lib_a-s_atan.o)
 .rodata.atanlo
                0x000000000800d0b8       0x20 c:/st/stm32cubeide_1.12.1/stm32cubeide/plugins/com.st.stm32cube.ide.mcu.externaltools.gnu-tools-for-stm32.10.3-2021.10.win32_1.0.200.202301161003/tools/bin/../lib/gcc/arm-none-eabi/10.3.1/../../../../arm-none-eabi/lib/thumb/v7e-m+fp/hard\libm.a(lib_a-s_atan.o)
                0x000000000800d0d8                . = ALIGN (0x4)

.ARM.extab      0x000000000800d0d8        0x0
                0x000000000800d0d8                . = ALIGN (0x4)
 *(.ARM.extab* .gnu.linkonce.armextab.*)
                0x000000000800d0d8                . = ALIGN (0x4)

.ARM            0x000000000800d0d8        0x8
                0x000000000800d0d8                . = ALIGN (0x4)
                0x000000000800d0d8                __exidx_start = .
 *(.ARM.exidx*)
 .ARM.exidx     0x000000000800d0d8        0x8 c:/st/stm32cubeide_1.12.1/stm32cubeide/plugins/com.st.stm32cube.ide.mcu.externaltools.gnu-tools-for-stm32.10.3-2021.10.win32_1.0.200.202301161003/tools/bin/../lib/gcc/arm-none-eabi/10.3.1/thumb/v7e-m+fp/hard\libgcc.a(_udivmoddi4.o)
                0x000000000800d0e0                __exidx_end = .
                0x000000000800d0e0                . = ALIGN (0x4)

.rel.dyn        0x000000000800d0e0        0x0
 .rel.iplt      0x000000000800d0e0        0x0 c:/st/stm32cubeide_1.12.1/stm32cubeide/plugins/com.st.stm32cube.ide.mcu.externaltools.gnu-tools-for-stm32.10.3-2021.10.win32_1.0.200.202301161003/tools/bin/../lib/gcc/arm-none-eabi/10.3.1/thumb/v7e-m+fp/hard/crtbegin.o

.preinit_array  0x000000000800d0e0        0x0
                0x000000000800d0e0                . = ALIGN (0x4)
                0x000000000800d0e0                PROVIDE (__preinit_array_start = .)
 *(.preinit_array*)
                0x000000000800d0e0                PROVIDE (__preinit_array_end = .)
                0x000000000800d0e0                . = ALIGN (0x4)

.init_array     0x000000000800d0e0        0x4
                0x000000000800d0e0                . = ALIGN (0x4)
                0x000000000800d0e0                PROVIDE (__init_array_start = .)
 *(SORT_BY_NAME(.init_array.*))
 *(.init_array*)
 .init_array    0x000000000800d0e0        0x4 c:/st/stm32cubeide_1.12.1/stm32cubeide/plugins/com.st.stm32cube.ide.mcu.externaltools.gnu-tools-for-stm32.10.3-2021.10.win32_1.0.200.202301161003/tools/bin/../lib/gcc/arm-none-eabi/10.3.1/thumb/v7e-m+fp/hard/crtbegin.o
                0x000000000800d0e4                PROVIDE (__init_array_end = .)
                0x000000000800d0e4                . = ALIGN (0x4)

.fini_array     0x000000000800d0e4        0x4
                0x000000000800d0e4                . = ALIGN (0x4)
                [!provide]                        PROVIDE (__fini_array_start = .)
 *(SORT_BY_NAME(.fini_array.*))
 *(.fini_array*)
 .fini_array    0x000000000800d0e4        0x4 c:/st/stm32cubeide_1.12.1/stm32cubeide/plugins/com.st.stm32cube.ide.mcu.externaltools.gnu-tools-for-stm32.10.3-2021.10.win32_1.0.200.202301161003/tools/bin/../lib/gcc/arm-none-eabi/10.3.1/thumb/v7e-m+fp/hard/crtbegin.o
                [!provide]                        PROVIDE (__fini_array_end = .)
                0x000000000800d0e8                . = ALIGN (0x4)
                0x000000000800d0e8                _sidata = LOADADDR (.data)

.data           0x0000000020000000      0x1a4 load address 0x000000000800d0e8
                0x0000000020000000                . = ALIGN (0x4)
                0x0000000020000000                _sdata = .
 *(.data)
 *(.data*)
 .data.Q_est    0x0000000020000000       0x10 ./Core/Src/main.o
                0x0000000020000000                Q_est
 .data.M1       0x0000000020000010       0x10 ./Core/Src/main.o
                0x0000000020000010                M1
 .data.M2       0x0000000020000020       0x10 ./Core/Src/main.o
                0x0000000020000020                M2
 .data.M3       0x0000000020000030       0x10 ./Core/Src/main.o
                0x0000000020000030                M3
 .data.M4       0x0000000020000040       0x10 ./Core/Src/main.o
                0x0000000020000040                M4
 .data.Offset   0x0000000020000050        0xc ./Core/Src/main.o
                0x0000000020000050                Offset
 *fill*         0x000000002000005c        0x4 
 .data.TxpipeAddrs
                0x0000000020000060        0x8 ./Core/Src/main.o
                0x0000000020000060                TxpipeAddrs
 .data.K        0x0000000020000068       0xc0 ./Core/Src/main.o
                0x0000000020000068                K
 .data.T_base   0x0000000020000128        0x8 ./Core/Src/main.o
                0x0000000020000128                T_base
 .data.SystemCoreClock
                0x0000000020000130        0x4 ./Core/Src/system_stm32f4xx.o
                0x0000000020000130                SystemCoreClock
 .data.uwTickPrio
                0x0000000020000134        0x4 ./Drivers/STM32F4xx_HAL_Driver/Src/stm32f4xx_hal.o
                0x0000000020000134                uwTickPrio
 .data.uwTickFreq
                0x0000000020000138        0x1 ./Drivers/STM32F4xx_HAL_Driver/Src/stm32f4xx_hal.o
                0x0000000020000138                uwTickFreq
 *fill*         0x0000000020000139        0x3 
 .data.ePow_Accel.0
                0x000000002000013c        0x4 ./Lib/TD_Lowpass.o
 .data._impure_ptr
                0x0000000020000140        0x4 c:/st/stm32cubeide_1.12.1/stm32cubeide/plugins/com.st.stm32cube.ide.mcu.externaltools.gnu-tools-for-stm32.10.3-2021.10.win32_1.0.200.202301161003/tools/bin/../lib/gcc/arm-none-eabi/10.3.1/../../../../arm-none-eabi/lib/thumb/v7e-m+fp/hard\libc_nano.a(lib_a-impure.o)
                0x0000000020000140                _impure_ptr
 .data.impure_data
                0x0000000020000144       0x60 c:/st/stm32cubeide_1.12.1/stm32cubeide/plugins/com.st.stm32cube.ide.mcu.externaltools.gnu-tools-for-stm32.10.3-2021.10.win32_1.0.200.202301161003/tools/bin/../lib/gcc/arm-none-eabi/10.3.1/../../../../arm-none-eabi/lib/thumb/v7e-m+fp/hard\libc_nano.a(lib_a-impure.o)
 *(.RamFunc)
 *(.RamFunc*)
                0x00000000200001a4                . = ALIGN (0x4)
                0x00000000200001a4                _edata = .
                0x000000000800d28c                _siccmram = LOADADDR (.ccmram)

.igot.plt       0x00000000200001a4        0x0 load address 0x000000000800d28c
 .igot.plt      0x00000000200001a4        0x0 c:/st/stm32cubeide_1.12.1/stm32cubeide/plugins/com.st.stm32cube.ide.mcu.externaltools.gnu-tools-for-stm32.10.3-2021.10.win32_1.0.200.202301161003/tools/bin/../lib/gcc/arm-none-eabi/10.3.1/thumb/v7e-m+fp/hard/crtbegin.o

.ccmram         0x0000000010000000        0x0 load address 0x000000000800d28c
                0x0000000010000000                . = ALIGN (0x4)
                0x0000000010000000                _sccmram = .
 *(.ccmram)
 *(.ccmram*)
                0x0000000010000000                . = ALIGN (0x4)
                0x0000000010000000                _eccmram = .
                0x0000000010000000                . = ALIGN (0x4)

.bss            0x00000000200001a8      0x450
                0x00000000200001a8                _sbss = .
                0x00000000200001a8                __bss_start__ = _sbss
 *(.bss)
 .bss           0x00000000200001a8       0x1c c:/st/stm32cubeide_1.12.1/stm32cubeide/plugins/com.st.stm32cube.ide.mcu.externaltools.gnu-tools-for-stm32.10.3-2021.10.win32_1.0.200.202301161003/tools/bin/../lib/gcc/arm-none-eabi/10.3.1/thumb/v7e-m+fp/hard/crtbegin.o
 *(.bss*)
 .bss.hi2c1     0x00000000200001c4       0x54 ./Core/Src/i2c.o
                0x00000000200001c4                hi2c1
 .bss.enable    0x0000000020000218        0x4 ./Core/Src/main.o
                0x0000000020000218                enable
 .bss.MPU6050   0x000000002000021c       0x44 ./Core/Src/main.o
                0x000000002000021c                MPU6050
 .bss.MPU6050_LP
                0x0000000020000260       0x44 ./Core/Src/main.o
                0x0000000020000260                MPU6050_LP
 *fill*         0x00000000200002a4        0x4 
 .bss.MS5611    0x00000000200002a8       0x38 ./Core/Src/main.o
                0x00000000200002a8                MS5611
 .bss.LP_height
                0x00000000200002e0        0x8 ./Core/Src/main.o
                0x00000000200002e0                LP_height
 .bss.height    0x00000000200002e8        0x8 ./Core/Src/main.o
                0x00000000200002e8                height
 .bss.angle     0x00000000200002f0        0xc ./Core/Src/main.o
                0x00000000200002f0                angle
 .bss.Madgwick  0x00000000200002fc        0xc ./Core/Src/main.o
                0x00000000200002fc                Madgwick
 .bss.Setpoint  0x0000000020000308        0xc ./Core/Src/main.o
                0x0000000020000308                Setpoint
 .bss.Setpoint_dot
                0x0000000020000314        0xc ./Core/Src/main.o
                0x0000000020000314                Setpoint_dot
 .bss.Setpoint_xyz
                0x0000000020000320       0x18 ./Core/Src/main.o
                0x0000000020000320                Setpoint_xyz
 .bss.data_Tx   0x0000000020000338       0x20 ./Core/Src/main.o
                0x0000000020000338                data_Tx
 .bss.data_Rx   0x0000000020000358       0x20 ./Core/Src/main.o
                0x0000000020000358                data_Rx
 .bss.value     0x0000000020000378        0x8 ./Core/Src/main.o
                0x0000000020000378                value
 .bss.x         0x0000000020000380       0x30 ./Core/Src/main.o
                0x0000000020000380                x
 .bss.u         0x00000000200003b0       0x20 ./Core/Src/main.o
                0x00000000200003b0                u
 .bss.T1        0x00000000200003d0        0x8 ./Core/Src/main.o
                0x00000000200003d0                T1
 .bss.T2        0x00000000200003d8        0x8 ./Core/Src/main.o
                0x00000000200003d8                T2
 .bss.T3        0x00000000200003e0        0x8 ./Core/Src/main.o
                0x00000000200003e0                T3
 .bss.T4        0x00000000200003e8        0x8 ./Core/Src/main.o
                0x00000000200003e8                T4
 .bss.hspi1     0x00000000200003f0       0x58 ./Core/Src/spi.o
                0x00000000200003f0                hspi1
 .bss.__sbrk_heap_end
                0x0000000020000448        0x4 ./Core/Src/sysmem.o
 .bss.htim1     0x000000002000044c       0x48 ./Core/Src/tim.o
                0x000000002000044c                htim1
 .bss.htim2     0x0000000020000494       0x48 ./Core/Src/tim.o
                0x0000000020000494                htim2
 .bss.huart6    0x00000000200004dc       0x44 ./Core/Src/usart.o
                0x00000000200004dc                huart6
 .bss.uwTick    0x0000000020000520        0x4 ./Drivers/STM32F4xx_HAL_Driver/Src/stm32f4xx_hal.o
                0x0000000020000520                uwTick
 .bss.time.1    0x0000000020000524        0x4 ./Lib/TD_GY86.o
 .bss.mode.0    0x0000000020000528        0x1 ./Lib/TD_GY86.o
 *fill*         0x0000000020000529        0x3 
 .bss.q_w_gradient_integral.0
                0x000000002000052c       0x10 ./Lib/TD_Madgiwick.o
 .bss.ack_payload_available
                0x000000002000053c        0x1 ./Lib/TD_RF24L01.o
 .bss.ack_payload_length
                0x000000002000053d        0x1 ./Lib/TD_RF24L01.o
 .bss.payload_size
                0x000000002000053e        0x1 ./Lib/TD_RF24L01.o
 .bss.dynamic_payloads_enabled
                0x000000002000053f        0x1 ./Lib/TD_RF24L01.o
 .bss.wide_band
                0x0000000020000540        0x1 ./Lib/TD_RF24L01.o
 *fill*         0x0000000020000541        0x3 
 .bss.nrf24_PORT
                0x0000000020000544        0x4 ./Lib/TD_RF24L01.o
 .bss.nrf24_CSN_PIN
                0x0000000020000548        0x2 ./Lib/TD_RF24L01.o
 .bss.nrf24_CE_PIN
                0x000000002000054a        0x2 ./Lib/TD_RF24L01.o
 .bss.nrf24_hspi
                0x000000002000054c       0x58 ./Lib/TD_RF24L01.o
 .bss.nrf24_huart
                0x00000000200005a4       0x44 ./Lib/TD_RF24L01.o
 .bss.__malloc_free_list
                0x00000000200005e8        0x4 c:/st/stm32cubeide_1.12.1/stm32cubeide/plugins/com.st.stm32cube.ide.mcu.externaltools.gnu-tools-for-stm32.10.3-2021.10.win32_1.0.200.202301161003/tools/bin/../lib/gcc/arm-none-eabi/10.3.1/../../../../arm-none-eabi/lib/thumb/v7e-m+fp/hard\libc_nano.a(lib_a-nano-mallocr.o)
                0x00000000200005e8                __malloc_free_list
 .bss.__malloc_sbrk_start
                0x00000000200005ec        0x4 c:/st/stm32cubeide_1.12.1/stm32cubeide/plugins/com.st.stm32cube.ide.mcu.externaltools.gnu-tools-for-stm32.10.3-2021.10.win32_1.0.200.202301161003/tools/bin/../lib/gcc/arm-none-eabi/10.3.1/../../../../arm-none-eabi/lib/thumb/v7e-m+fp/hard\libc_nano.a(lib_a-nano-mallocr.o)
                0x00000000200005ec                __malloc_sbrk_start
 .bss.errno     0x00000000200005f0        0x4 c:/st/stm32cubeide_1.12.1/stm32cubeide/plugins/com.st.stm32cube.ide.mcu.externaltools.gnu-tools-for-stm32.10.3-2021.10.win32_1.0.200.202301161003/tools/bin/../lib/gcc/arm-none-eabi/10.3.1/../../../../arm-none-eabi/lib/thumb/v7e-m+fp/hard\libc_nano.a(lib_a-reent.o)
                0x00000000200005f0                errno
 .bss.__lock___malloc_recursive_mutex
                0x00000000200005f4        0x1 c:/st/stm32cubeide_1.12.1/stm32cubeide/plugins/com.st.stm32cube.ide.mcu.externaltools.gnu-tools-for-stm32.10.3-2021.10.win32_1.0.200.202301161003/tools/bin/../lib/gcc/arm-none-eabi/10.3.1/../../../../arm-none-eabi/lib/thumb/v7e-m+fp/hard\libc_nano.a(lib_a-lock.o)
                0x00000000200005f4                __lock___malloc_recursive_mutex
 *(COMMON)
                0x00000000200005f8                . = ALIGN (0x4)
 *fill*         0x00000000200005f5        0x3 
                0x00000000200005f8                _ebss = .
                0x00000000200005f8                __bss_end__ = _ebss

._user_heap_stack
                0x00000000200005f8      0x600
                0x00000000200005f8                . = ALIGN (0x8)
                [!provide]                        PROVIDE (end = .)
                0x00000000200005f8                PROVIDE (_end = .)
                0x00000000200007f8                . = (. + _Min_Heap_Size)
 *fill*         0x00000000200005f8      0x200 
                0x0000000020000bf8                . = (. + _Min_Stack_Size)
 *fill*         0x00000000200007f8      0x400 
                0x0000000020000bf8                . = ALIGN (0x8)

/DISCARD/
 libc.a(*)
 libm.a(*)
 libgcc.a(*)

.ARM.attributes
                0x0000000000000000       0x30
 *(.ARM.attributes)
 .ARM.attributes
                0x0000000000000000       0x1e c:/st/stm32cubeide_1.12.1/stm32cubeide/plugins/com.st.stm32cube.ide.mcu.externaltools.gnu-tools-for-stm32.10.3-2021.10.win32_1.0.200.202301161003/tools/bin/../lib/gcc/arm-none-eabi/10.3.1/thumb/v7e-m+fp/hard/crti.o
 .ARM.attributes
                0x000000000000001e       0x34 c:/st/stm32cubeide_1.12.1/stm32cubeide/plugins/com.st.stm32cube.ide.mcu.externaltools.gnu-tools-for-stm32.10.3-2021.10.win32_1.0.200.202301161003/tools/bin/../lib/gcc/arm-none-eabi/10.3.1/thumb/v7e-m+fp/hard/crtbegin.o
 .ARM.attributes
                0x0000000000000052       0x34 ./Core/Src/gpio.o
 .ARM.attributes
                0x0000000000000086       0x34 ./Core/Src/i2c.o
 .ARM.attributes
                0x00000000000000ba       0x34 ./Core/Src/main.o
 .ARM.attributes
                0x00000000000000ee       0x34 ./Core/Src/spi.o
 .ARM.attributes
                0x0000000000000122       0x34 ./Core/Src/stm32f4xx_hal_msp.o
 .ARM.attributes
                0x0000000000000156       0x34 ./Core/Src/stm32f4xx_it.o
 .ARM.attributes
                0x000000000000018a       0x34 ./Core/Src/sysmem.o
 .ARM.attributes
                0x00000000000001be       0x34 ./Core/Src/system_stm32f4xx.o
 .ARM.attributes
                0x00000000000001f2       0x34 ./Core/Src/tim.o
 .ARM.attributes
                0x0000000000000226       0x34 ./Core/Src/usart.o
 .ARM.attributes
                0x000000000000025a       0x21 ./Core/Startup/startup_stm32f407vgtx.o
 .ARM.attributes
                0x000000000000027b       0x34 ./Drivers/STM32F4xx_HAL_Driver/Src/stm32f4xx_hal.o
 .ARM.attributes
                0x00000000000002af       0x34 ./Drivers/STM32F4xx_HAL_Driver/Src/stm32f4xx_hal_cortex.o
 .ARM.attributes
                0x00000000000002e3       0x34 ./Drivers/STM32F4xx_HAL_Driver/Src/stm32f4xx_hal_gpio.o
 .ARM.attributes
                0x0000000000000317       0x34 ./Drivers/STM32F4xx_HAL_Driver/Src/stm32f4xx_hal_i2c.o
 .ARM.attributes
                0x000000000000034b       0x34 ./Drivers/STM32F4xx_HAL_Driver/Src/stm32f4xx_hal_rcc.o
 .ARM.attributes
                0x000000000000037f       0x34 ./Drivers/STM32F4xx_HAL_Driver/Src/stm32f4xx_hal_spi.o
 .ARM.attributes
                0x00000000000003b3       0x34 ./Drivers/STM32F4xx_HAL_Driver/Src/stm32f4xx_hal_tim.o
 .ARM.attributes
                0x00000000000003e7       0x34 ./Drivers/STM32F4xx_HAL_Driver/Src/stm32f4xx_hal_tim_ex.o
 .ARM.attributes
                0x000000000000041b       0x34 ./Drivers/STM32F4xx_HAL_Driver/Src/stm32f4xx_hal_uart.o
 .ARM.attributes
                0x000000000000044f       0x34 ./Lib/TD_Brushless.o
 .ARM.attributes
                0x0000000000000483       0x34 ./Lib/TD_GY86.o
 .ARM.attributes
                0x00000000000004b7       0x34 ./Lib/TD_LQR.o
 .ARM.attributes
                0x00000000000004eb       0x34 ./Lib/TD_Lowpass.o
 .ARM.attributes
                0x000000000000051f       0x34 ./Lib/TD_Madgiwick.o
 .ARM.attributes
                0x0000000000000553       0x34 ./Lib/TD_RF24L01.o
 .ARM.attributes
                0x0000000000000587       0x34 c:/st/stm32cubeide_1.12.1/stm32cubeide/plugins/com.st.stm32cube.ide.mcu.externaltools.gnu-tools-for-stm32.10.3-2021.10.win32_1.0.200.202301161003/tools/bin/../lib/gcc/arm-none-eabi/10.3.1/../../../../arm-none-eabi/lib/thumb/v7e-m+fp/hard\libc_nano.a(lib_a-errno.o)
 .ARM.attributes
                0x00000000000005bb       0x34 c:/st/stm32cubeide_1.12.1/stm32cubeide/plugins/com.st.stm32cube.ide.mcu.externaltools.gnu-tools-for-stm32.10.3-2021.10.win32_1.0.200.202301161003/tools/bin/../lib/gcc/arm-none-eabi/10.3.1/../../../../arm-none-eabi/lib/thumb/v7e-m+fp/hard\libc_nano.a(lib_a-impure.o)
 .ARM.attributes
                0x00000000000005ef       0x34 c:/st/stm32cubeide_1.12.1/stm32cubeide/plugins/com.st.stm32cube.ide.mcu.externaltools.gnu-tools-for-stm32.10.3-2021.10.win32_1.0.200.202301161003/tools/bin/../lib/gcc/arm-none-eabi/10.3.1/../../../../arm-none-eabi/lib/thumb/v7e-m+fp/hard\libc_nano.a(lib_a-init.o)
 .ARM.attributes
                0x0000000000000623       0x34 c:/st/stm32cubeide_1.12.1/stm32cubeide/plugins/com.st.stm32cube.ide.mcu.externaltools.gnu-tools-for-stm32.10.3-2021.10.win32_1.0.200.202301161003/tools/bin/../lib/gcc/arm-none-eabi/10.3.1/../../../../arm-none-eabi/lib/thumb/v7e-m+fp/hard\libc_nano.a(lib_a-memcpy-stub.o)
 .ARM.attributes
                0x0000000000000657       0x34 c:/st/stm32cubeide_1.12.1/stm32cubeide/plugins/com.st.stm32cube.ide.mcu.externaltools.gnu-tools-for-stm32.10.3-2021.10.win32_1.0.200.202301161003/tools/bin/../lib/gcc/arm-none-eabi/10.3.1/../../../../arm-none-eabi/lib/thumb/v7e-m+fp/hard\libc_nano.a(lib_a-memset.o)
 .ARM.attributes
                0x000000000000068b       0x34 c:/st/stm32cubeide_1.12.1/stm32cubeide/plugins/com.st.stm32cube.ide.mcu.externaltools.gnu-tools-for-stm32.10.3-2021.10.win32_1.0.200.202301161003/tools/bin/../lib/gcc/arm-none-eabi/10.3.1/../../../../arm-none-eabi/lib/thumb/v7e-m+fp/hard\libc_nano.a(lib_a-sprintf.o)
 .ARM.attributes
                0x00000000000006bf       0x17 c:/st/stm32cubeide_1.12.1/stm32cubeide/plugins/com.st.stm32cube.ide.mcu.externaltools.gnu-tools-for-stm32.10.3-2021.10.win32_1.0.200.202301161003/tools/bin/../lib/gcc/arm-none-eabi/10.3.1/../../../../arm-none-eabi/lib/thumb/v7e-m+fp/hard\libc_nano.a(lib_a-strlen.o)
 .ARM.attributes
                0x00000000000006d6       0x34 c:/st/stm32cubeide_1.12.1/stm32cubeide/plugins/com.st.stm32cube.ide.mcu.externaltools.gnu-tools-for-stm32.10.3-2021.10.win32_1.0.200.202301161003/tools/bin/../lib/gcc/arm-none-eabi/10.3.1/../../../../arm-none-eabi/lib/thumb/v7e-m+fp/hard\libc_nano.a(lib_a-nano-svfprintf.o)
 .ARM.attributes
                0x000000000000070a       0x34 c:/st/stm32cubeide_1.12.1/stm32cubeide/plugins/com.st.stm32cube.ide.mcu.externaltools.gnu-tools-for-stm32.10.3-2021.10.win32_1.0.200.202301161003/tools/bin/../lib/gcc/arm-none-eabi/10.3.1/../../../../arm-none-eabi/lib/thumb/v7e-m+fp/hard\libc_nano.a(lib_a-nano-vfprintf_i.o)
 .ARM.attributes
                0x000000000000073e       0x1c c:/st/stm32cubeide_1.12.1/stm32cubeide/plugins/com.st.stm32cube.ide.mcu.externaltools.gnu-tools-for-stm32.10.3-2021.10.win32_1.0.200.202301161003/tools/bin/../lib/gcc/arm-none-eabi/10.3.1/../../../../arm-none-eabi/lib/thumb/v7e-m+fp/hard\libc_nano.a(lib_a-memchr.o)
 .ARM.attributes
                0x000000000000075a       0x34 c:/st/stm32cubeide_1.12.1/stm32cubeide/plugins/com.st.stm32cube.ide.mcu.externaltools.gnu-tools-for-stm32.10.3-2021.10.win32_1.0.200.202301161003/tools/bin/../lib/gcc/arm-none-eabi/10.3.1/../../../../arm-none-eabi/lib/thumb/v7e-m+fp/hard\libc_nano.a(lib_a-memmove.o)
 .ARM.attributes
                0x000000000000078e       0x34 c:/st/stm32cubeide_1.12.1/stm32cubeide/plugins/com.st.stm32cube.ide.mcu.externaltools.gnu-tools-for-stm32.10.3-2021.10.win32_1.0.200.202301161003/tools/bin/../lib/gcc/arm-none-eabi/10.3.1/../../../../arm-none-eabi/lib/thumb/v7e-m+fp/hard\libc_nano.a(lib_a-nano-freer.o)
 .ARM.attributes
                0x00000000000007c2       0x34 c:/st/stm32cubeide_1.12.1/stm32cubeide/plugins/com.st.stm32cube.ide.mcu.externaltools.gnu-tools-for-stm32.10.3-2021.10.win32_1.0.200.202301161003/tools/bin/../lib/gcc/arm-none-eabi/10.3.1/../../../../arm-none-eabi/lib/thumb/v7e-m+fp/hard\libc_nano.a(lib_a-nano-mallocr.o)
 .ARM.attributes
                0x00000000000007f6       0x34 c:/st/stm32cubeide_1.12.1/stm32cubeide/plugins/com.st.stm32cube.ide.mcu.externaltools.gnu-tools-for-stm32.10.3-2021.10.win32_1.0.200.202301161003/tools/bin/../lib/gcc/arm-none-eabi/10.3.1/../../../../arm-none-eabi/lib/thumb/v7e-m+fp/hard\libc_nano.a(lib_a-nano-reallocr.o)
 .ARM.attributes
                0x000000000000082a       0x34 c:/st/stm32cubeide_1.12.1/stm32cubeide/plugins/com.st.stm32cube.ide.mcu.externaltools.gnu-tools-for-stm32.10.3-2021.10.win32_1.0.200.202301161003/tools/bin/../lib/gcc/arm-none-eabi/10.3.1/../../../../arm-none-eabi/lib/thumb/v7e-m+fp/hard\libc_nano.a(lib_a-sbrkr.o)
 .ARM.attributes
                0x000000000000085e       0x34 c:/st/stm32cubeide_1.12.1/stm32cubeide/plugins/com.st.stm32cube.ide.mcu.externaltools.gnu-tools-for-stm32.10.3-2021.10.win32_1.0.200.202301161003/tools/bin/../lib/gcc/arm-none-eabi/10.3.1/../../../../arm-none-eabi/lib/thumb/v7e-m+fp/hard\libc_nano.a(lib_a-mlock.o)
 .ARM.attributes
                0x0000000000000892       0x34 c:/st/stm32cubeide_1.12.1/stm32cubeide/plugins/com.st.stm32cube.ide.mcu.externaltools.gnu-tools-for-stm32.10.3-2021.10.win32_1.0.200.202301161003/tools/bin/../lib/gcc/arm-none-eabi/10.3.1/../../../../arm-none-eabi/lib/thumb/v7e-m+fp/hard\libc_nano.a(lib_a-nano-msizer.o)
 .ARM.attributes
                0x00000000000008c6       0x34 c:/st/stm32cubeide_1.12.1/stm32cubeide/plugins/com.st.stm32cube.ide.mcu.externaltools.gnu-tools-for-stm32.10.3-2021.10.win32_1.0.200.202301161003/tools/bin/../lib/gcc/arm-none-eabi/10.3.1/../../../../arm-none-eabi/lib/thumb/v7e-m+fp/hard\libc_nano.a(lib_a-reent.o)
 .ARM.attributes
                0x00000000000008fa       0x34 c:/st/stm32cubeide_1.12.1/stm32cubeide/plugins/com.st.stm32cube.ide.mcu.externaltools.gnu-tools-for-stm32.10.3-2021.10.win32_1.0.200.202301161003/tools/bin/../lib/gcc/arm-none-eabi/10.3.1/../../../../arm-none-eabi/lib/thumb/v7e-m+fp/hard\libc_nano.a(lib_a-lock.o)
 .ARM.attributes
                0x000000000000092e       0x34 c:/st/stm32cubeide_1.12.1/stm32cubeide/plugins/com.st.stm32cube.ide.mcu.externaltools.gnu-tools-for-stm32.10.3-2021.10.win32_1.0.200.202301161003/tools/bin/../lib/gcc/arm-none-eabi/10.3.1/../../../../arm-none-eabi/lib/thumb/v7e-m+fp/hard\libm.a(lib_a-w_asin.o)
 .ARM.attributes
                0x0000000000000962       0x34 c:/st/stm32cubeide_1.12.1/stm32cubeide/plugins/com.st.stm32cube.ide.mcu.externaltools.gnu-tools-for-stm32.10.3-2021.10.win32_1.0.200.202301161003/tools/bin/../lib/gcc/arm-none-eabi/10.3.1/../../../../arm-none-eabi/lib/thumb/v7e-m+fp/hard\libm.a(lib_a-w_atan2.o)
 .ARM.attributes
                0x0000000000000996       0x34 c:/st/stm32cubeide_1.12.1/stm32cubeide/plugins/com.st.stm32cube.ide.mcu.externaltools.gnu-tools-for-stm32.10.3-2021.10.win32_1.0.200.202301161003/tools/bin/../lib/gcc/arm-none-eabi/10.3.1/../../../../arm-none-eabi/lib/thumb/v7e-m+fp/hard\libm.a(lib_a-w_exp.o)
 .ARM.attributes
                0x00000000000009ca       0x34 c:/st/stm32cubeide_1.12.1/stm32cubeide/plugins/com.st.stm32cube.ide.mcu.externaltools.gnu-tools-for-stm32.10.3-2021.10.win32_1.0.200.202301161003/tools/bin/../lib/gcc/arm-none-eabi/10.3.1/../../../../arm-none-eabi/lib/thumb/v7e-m+fp/hard\libm.a(lib_a-w_pow.o)
 .ARM.attributes
                0x00000000000009fe       0x34 c:/st/stm32cubeide_1.12.1/stm32cubeide/plugins/com.st.stm32cube.ide.mcu.externaltools.gnu-tools-for-stm32.10.3-2021.10.win32_1.0.200.202301161003/tools/bin/../lib/gcc/arm-none-eabi/10.3.1/../../../../arm-none-eabi/lib/thumb/v7e-m+fp/hard\libm.a(lib_a-w_sqrt.o)
 .ARM.attributes
                0x0000000000000a32       0x34 c:/st/stm32cubeide_1.12.1/stm32cubeide/plugins/com.st.stm32cube.ide.mcu.externaltools.gnu-tools-for-stm32.10.3-2021.10.win32_1.0.200.202301161003/tools/bin/../lib/gcc/arm-none-eabi/10.3.1/../../../../arm-none-eabi/lib/thumb/v7e-m+fp/hard\libm.a(lib_a-e_asin.o)
 .ARM.attributes