Component: Arm Compiler for Embedded 6.19 Tool: armlink [5e73cb00]

==============================================================================

Section Cross References

    startup_stm32f407xx.o(STACK) refers (Special) to heapauxi.o(.text) for __use_two_region_memory
    startup_stm32f407xx.o(HEAP) refers (Special) to heapauxi.o(.text) for __use_two_region_memory
    startup_stm32f407xx.o(RESET) refers (Special) to heapauxi.o(.text) for __use_two_region_memory
    startup_stm32f407xx.o(RESET) refers to startup_stm32f407xx.o(STACK) for __initial_sp
    startup_stm32f407xx.o(RESET) refers to startup_stm32f407xx.o(.text) for Reset_Handler
    startup_stm32f407xx.o(RESET) refers to stm32f4xx_it.o(.text.NMI_Handler) for NMI_Handler
    startup_stm32f407xx.o(RESET) refers to stm32f4xx_it.o(.text.HardFault_Handler) for HardFault_Handler
    startup_stm32f407xx.o(RESET) refers to stm32f4xx_it.o(.text.MemManage_Handler) for MemManage_Handler
    startup_stm32f407xx.o(RESET) refers to stm32f4xx_it.o(.text.BusFault_Handler) for BusFault_Handler
    startup_stm32f407xx.o(RESET) refers to stm32f4xx_it.o(.text.UsageFault_Handler) for UsageFault_Handler
    startup_stm32f407xx.o(RESET) refers to stm32f4xx_it.o(.text.SVC_Handler) for SVC_Handler
    startup_stm32f407xx.o(RESET) refers to stm32f4xx_it.o(.text.DebugMon_Handler) for DebugMon_Handler
    startup_stm32f407xx.o(RESET) refers to stm32f4xx_it.o(.text.PendSV_Handler) for PendSV_Handler
    startup_stm32f407xx.o(RESET) refers to stm32f4xx_it.o(.text.SysTick_Handler) for SysTick_Handler
    startup_stm32f407xx.o(RESET) refers to stm32f4xx_it.o(.text.TIM2_IRQHandler) for TIM2_IRQHandler
    startup_stm32f407xx.o(.text) refers (Special) to heapauxi.o(.text) for __use_two_region_memory
    startup_stm32f407xx.o(.text) refers to system_stm32f4xx.o(.text.SystemInit) for SystemInit
    startup_stm32f407xx.o(.text) refers to __main.o(!!!main) for __main
    startup_stm32f407xx.o(.text) refers to startup_stm32f407xx.o(HEAP) for Heap_Mem
    startup_stm32f407xx.o(.text) refers to startup_stm32f407xx.o(STACK) for Stack_Mem
    main.o(.text.main) refers to stm32f4xx_hal.o(.text.HAL_Init) for HAL_Init
    main.o(.text.main) refers to main.o(.text.SystemClock_Config) for SystemClock_Config
    main.o(.text.main) refers to gpio.o(.text.MX_GPIO_Init) for MX_GPIO_Init
    main.o(.text.main) refers to i2c.o(.text.MX_I2C1_Init) for MX_I2C1_Init
    main.o(.text.main) refers to spi.o(.text.MX_SPI1_Init) for MX_SPI1_Init
    main.o(.text.main) refers to tim.o(.text.MX_TIM1_Init) for MX_TIM1_Init
    main.o(.text.main) refers to tim.o(.text.MX_TIM2_Init) for MX_TIM2_Init
    main.o(.text.main) refers to usart.o(.text.MX_USART6_UART_Init) for MX_USART6_UART_Init
    main.o(.text.main) refers to i2c.o(.bss.hi2c1) for hi2c1
    main.o(.text.main) refers to code.o(.text.MPU6050_Init) for MPU6050_Init
    main.o(.text.main) refers to code.o(.text.MPU6050_Bypass) for MPU6050_Bypass
    main.o(.text.main) refers to code.o(.text.HMC5883L_Init) for HMC5883L_Init
    main.o(.text.main) refers to code.o(.text.MPU6050_Master) for MPU6050_Master
    main.o(.text.main) refers to code.o(.text.MPU6050_Addslave) for MPU6050_Addslave
    main.o(.text.main) refers to main.o(.bss..L_MergedGlobals.1) for .L_MergedGlobals.1
    main.o(.text.main) refers to code.o(.text.MS5611_init) for MS5611_init
    main.o(.text.main) refers to tim.o(.bss.htim1) for htim1
    main.o(.text.main) refers to code.o(.text.setupESC) for setupESC
    main.o(.text.main) refers to tim.o(.bss.htim2) for htim2
    main.o(.text.main) refers to stm32f4xx_hal_tim.o(.text.HAL_TIM_Base_Start_IT) for HAL_TIM_Base_Start_IT
    main.o(.ARM.exidx.text.main) refers to main.o(.text.main) for [Anonymous Symbol]
    main.o(.text.SystemClock_Config) refers to stm32f4xx_hal_rcc.o(.text.HAL_RCC_OscConfig) for HAL_RCC_OscConfig
    main.o(.text.SystemClock_Config) refers to stm32f4xx_hal_rcc.o(.text.HAL_RCC_ClockConfig) for HAL_RCC_ClockConfig
    main.o(.ARM.exidx.text.SystemClock_Config) refers to main.o(.text.SystemClock_Config) for [Anonymous Symbol]
    main.o(.ARM.exidx.text.Error_Handler) refers to main.o(.text.Error_Handler) for [Anonymous Symbol]
    main.o(.text.HAL_TIM_PeriodElapsedCallback) refers to tim.o(.bss.htim2) for htim2
    main.o(.text.HAL_TIM_PeriodElapsedCallback) refers to stm32f4xx_hal_gpio.o(.text.HAL_GPIO_TogglePin) for HAL_GPIO_TogglePin
    main.o(.text.HAL_TIM_PeriodElapsedCallback) refers to i2c.o(.bss.hi2c1) for hi2c1
    main.o(.text.HAL_TIM_PeriodElapsedCallback) refers to main.o(.bss.MPU6050) for MPU6050
    main.o(.text.HAL_TIM_PeriodElapsedCallback) refers to code.o(.text.MPU6050_Read_All) for MPU6050_Read_All
    main.o(.text.HAL_TIM_PeriodElapsedCallback) refers to main.o(.bss..L_MergedGlobals.1) for .L_MergedGlobals.1
    main.o(.text.HAL_TIM_PeriodElapsedCallback) refers to code.o(.text.MS5611_calculate) for MS5611_calculate
[...]
    [Anonymous Symbol]                       0x080005e8   Section        0  stm32f4xx_hal_gpio.o(.text.HAL_GPIO_TogglePin)
    [Anonymous Symbol]                       0x080005f8   Section        0  stm32f4xx_hal_gpio.o(.text.HAL_GPIO_WritePin)
    [Anonymous Symbol]                       0x08000604   Section        0  stm32f4xx_hal.o(.text.HAL_GetTick)
    [Anonymous Symbol]                       0x08000610   Section        0  stm32f4xx_hal_i2c.o(.text.HAL_I2C_Init)
    [Anonymous Symbol]                       0x08000788   Section        0  stm32f4xx_hal_i2c.o(.text.HAL_I2C_Mem_Read)
    [Anonymous Symbol]                       0x08000af8   Section        0  stm32f4xx_hal_i2c.o(.text.HAL_I2C_Mem_Write)
    [Anonymous Symbol]                       0x08000cd4   Section        0  i2c.o(.text.HAL_I2C_MspInit)
    [Anonymous Symbol]                       0x08000d40   Section        0  stm32f4xx_hal.o(.text.HAL_IncTick)
    [Anonymous Symbol]                       0x08000d5c   Section        0  stm32f4xx_hal.o(.text.HAL_Init)
    [Anonymous Symbol]                       0x08000d94   Section        0  stm32f4xx_hal.o(.text.HAL_InitTick)
    [Anonymous Symbol]                       0x08000ddc   Section        0  stm32f4xx_hal_msp.o(.text.HAL_MspInit)
    [Anonymous Symbol]                       0x08000e14   Section        0  stm32f4xx_hal_cortex.o(.text.HAL_NVIC_EnableIRQ)
    [Anonymous Symbol]                       0x08000e3c   Section        0  stm32f4xx_hal_cortex.o(.text.HAL_NVIC_SetPriority)
    [Anonymous Symbol]                       0x08000e94   Section        0  stm32f4xx_hal_cortex.o(.text.HAL_NVIC_SetPriorityGrouping)
    [Anonymous Symbol]                       0x08000eb4   Section        0  stm32f4xx_hal_rcc.o(.text.HAL_RCC_ClockConfig)
    [Anonymous Symbol]                       0x08001014   Section        0  stm32f4xx_hal_rcc.o(.text.HAL_RCC_GetPCLK1Freq)
    [Anonymous Symbol]                       0x0800103c   Section        0  stm32f4xx_hal_rcc.o(.text.HAL_RCC_GetPCLK2Freq)
    [Anonymous Symbol]                       0x08001064   Section        0  stm32f4xx_hal_rcc.o(.text.HAL_RCC_GetSysClockFreq)
    [Anonymous Symbol]                       0x080010d0   Section        0  stm32f4xx_hal_rcc.o(.text.HAL_RCC_OscConfig)
    [Anonymous Symbol]                       0x08001444   Section        0  stm32f4xx_hal_spi.o(.text.HAL_SPI_Init)
    [Anonymous Symbol]                       0x080014f8   Section        0  spi.o(.text.HAL_SPI_MspInit)
    [Anonymous Symbol]                       0x08001564   Section        0  stm32f4xx_hal_cortex.o(.text.HAL_SYSTICK_Config)
    [Anonymous Symbol]                       0x08001590   Section        0  stm32f4xx_hal_tim_ex.o(.text.HAL_TIMEx_BreakCallback)
    [Anonymous Symbol]                       0x08001594   Section        0  stm32f4xx_hal_tim_ex.o(.text.HAL_TIMEx_CommutCallback)
    [Anonymous Symbol]                       0x08001598   Section        0  stm32f4xx_hal_tim_ex.o(.text.HAL_TIMEx_ConfigBreakDeadTime)
    [Anonymous Symbol]                       0x080015e4   Section        0  stm32f4xx_hal_tim_ex.o(.text.HAL_TIMEx_MasterConfigSynchronization)
    [Anonymous Symbol]                       0x0800169c   Section        0  stm32f4xx_hal_tim.o(.text.HAL_TIM_Base_Init)
    [Anonymous Symbol]                       0x080016f8   Section        0  tim.o(.text.HAL_TIM_Base_MspInit)
    [Anonymous Symbol]                       0x08001764   Section        0  stm32f4xx_hal_tim.o(.text.HAL_TIM_Base_Start_IT)
    [Anonymous Symbol]                       0x08001810   Section        0  stm32f4xx_hal_tim.o(.text.HAL_TIM_ConfigClockSource)
    [Anonymous Symbol]                       0x080019ac   Section        0  stm32f4xx_hal_tim.o(.text.HAL_TIM_IC_CaptureCallback)
    [Anonymous Symbol]                       0x080019b0   Section        0  stm32f4xx_hal_tim.o(.text.HAL_TIM_IRQHandler)
    [Anonymous Symbol]                       0x08001b20   Section        0  stm32f4xx_hal_tim.o(.text.HAL_TIM_OC_DelayElapsedCallback)
    [Anonymous Symbol]                       0x08001b24   Section        0  stm32f4xx_hal_tim.o(.text.HAL_TIM_PWM_ConfigChannel)
    [Anonymous Symbol]                       0x08001d48   Section        0  stm32f4xx_hal_tim.o(.text.HAL_TIM_PWM_Init)
    [Anonymous Symbol]                       0x08001da4   Section        0  stm32f4xx_hal_tim.o(.text.HAL_TIM_PWM_MspInit)
    [Anonymous Symbol]                       0x08001da8   Section        0  stm32f4xx_hal_tim.o(.text.HAL_TIM_PWM_PulseFinishedCallback)
    [Anonymous Symbol]                       0x08001dac   Section        0  stm32f4xx_hal_tim.o(.text.HAL_TIM_PWM_Start)
    [Anonymous Symbol]                       0x08001ec0   Section        0  main.o(.text.HAL_TIM_PeriodElapsedCallback)
    [Anonymous Symbol]                       0x080020e4   Section        0  stm32f4xx_hal_tim.o(.text.HAL_TIM_TriggerCallback)
    [Anonymous Symbol]                       0x080020e8   Section        0  stm32f4xx_hal_uart.o(.text.HAL_UART_Init)
    [Anonymous Symbol]                       0x08002148   Section        0  usart.o(.text.HAL_UART_MspInit)
    [Anonymous Symbol]                       0x080021b4   Section        0  code.o(.text.HMC5883L_Init)
    [Anonymous Symbol]                       0x08002214   Section        0  stm32f4xx_it.o(.text.HardFault_Handler)
    I2C_RequestMemoryRead                    0x08002219   Thumb Code   798  stm32f4xx_hal_i2c.o(.text.I2C_RequestMemoryRead)
    [Anonymous Symbol]                       0x08002218   Section        0  stm32f4xx_hal_i2c.o(.text.I2C_RequestMemoryRead)
    I2C_RequestMemoryWrite                   0x08002539   Thumb Code   626  stm32f4xx_hal_i2c.o(.text.I2C_RequestMemoryWrite)
    [Anonymous Symbol]                       0x08002538   Section        0  stm32f4xx_hal_i2c.o(.text.I2C_RequestMemoryWrite)
    I2C_WaitOnBTFFlagUntilTimeout            0x080027ad   Thumb Code   168  stm32f4xx_hal_i2c.o(.text.I2C_WaitOnBTFFlagUntilTimeout)
    [Anonymous Symbol]                       0x080027ac   Section        0  stm32f4xx_hal_i2c.o(.text.I2C_WaitOnBTFFlagUntilTimeout)
    I2C_WaitOnFlagUntilTimeout               0x08002855   Thumb Code   336  stm32f4xx_hal_i2c.o(.text.I2C_WaitOnFlagUntilTimeout)
    [Anonymous Symbol]                       0x08002854   Section        0  stm32f4xx_hal_i2c.o(.text.I2C_WaitOnFlagUntilTimeout)
    I2C_WaitOnMasterAddressFlagUntilTimeout  0x080029a5   Thumb Code   184  stm32f4xx_hal_i2c.o(.text.I2C_WaitOnMasterAddressFlagUntilTimeout)
    [Anonymous Symbol]                       0x080029a4   Section        0  stm32f4xx_hal_i2c.o(.text.I2C_WaitOnMasterAddressFlagUntilTimeout)
    [Anonymous Symbol]                       0x08002a60   Section        0  code.o(.text.Lowpass)
    [Anonymous Symbol]                       0x08002ad0   Section        0  code.o(.text.Lowpass4MPU)
    [Anonymous Symbol]                       0x08002b48   Section        0  code.o(.text.MPU2Angle)
    [Anonymous Symbol]                       0x08002c08   Section        0  code.o(.text.MPU6050_Addslave)
    [Anonymous Symbol]                       0x08002c78   Section        0  code.o(.text.MPU6050_Bypass)
    [Anonymous Symbol]                       0x08002cbc   Section        0  code.o(.text.MPU6050_Init)
    [Anonymous Symbol]                       0x08002d80   Section        0  code.o(.text.MPU6050_Master)
    [Anonymous Symbol]                       0x08002dc8   Section        0  code.o(.text.MPU6050_Read_All)
    [Anonymous Symbol]                       0x08002f5c   Section        0  code.o(.text.MS5611_PROM_read)
    [Anonymous Symbol]                       0x08003068   Section        0  code.o(.text.MS5611_calculate)
    [Anonymous Symbol]                       0x0800321c   Section        0  code.o(.text.MS5611_init)
    [Anonymous Symbol]                       0x0800325c   Section        0  gpio.o(.text.MX_GPIO_Init)
    [Anonymous Symbol]                       0x0800332c   Section        0  i2c.o(.text.MX_I2C1_Init)
    [Anonymous Symbol]                       0x08003370   Section        0  spi.o(.text.MX_SPI1_Init)
    [Anonymous Symbol]                       0x080033b8   Section        0  tim.o(.text.MX_TIM1_Init)
    [Anonymous Symbol]                       0x0800354c   Section        0  tim.o(.text.MX_TIM2_Init)
    [Anonymous Symbol]                       0x080035c0   Section        0  usart.o(.text.MX_USART6_UART_Init)
    [Anonymous Symbol]                       0x08003600   Section        0  code.o(.text.Madgwick_imu)
    [Anonymous Symbol]                       0x08003890   Section        0  code.o(.text.Madgwick_update)
    [Anonymous Symbol]                       0x08003f64   Section        0  stm32f4xx_it.o(.text.MemManage_Handler)
    [Anonymous Symbol]                       0x08003f68   Section        0  stm32f4xx_it.o(.text.NMI_Handler)
    [Anonymous Symbol]                       0x08003f6c   Section        0  stm32f4xx_it.o(.text.PendSV_Handler)
    [Anonymous Symbol]                       0x08003f70   Section        0  code.o(.text.Quat2Angle)
    [Anonymous Symbol]                       0x080040b0   Section        0  stm32f4xx_it.o(.text.SVC_Handler)
    [Anonymous Symbol]                       0x080040b4   Section        0  stm32f4xx_it.o(.text.SysTick_Handler)
    [Anonymous Symbol]                       0x080040b8   Section        0  main.o(.text.SystemClock_Config)
    [Anonymous Symbol]                       0x08004164   Section        0  system_stm32f4xx.o(.text.SystemInit)
    [Anonymous Symbol]                       0x08004178   Section        0  stm32f4xx_it.o(.text.TIM2_IRQHandler)
    [Anonymous Symbol]                       0x08004184   Section        0  stm32f4xx_hal_tim.o(.text.TIM_Base_SetConfig)
    UART_SetConfig                           0x080042c1   Thumb Code   238  stm32f4xx_hal_uart.o(.text.UART_SetConfig)
    [Anonymous Symbol]                       0x080042c0   Section        0  stm32f4xx_hal_uart.o(.text.UART_SetConfig)
    [Anonymous Symbol]                       0x080043b0   Section        0  stm32f4xx_it.o(.text.UsageFault_Handler)
    [Anonymous Symbol]                       0x080043b8   Section        0  code.o(.text.getAltitude)
    [Anonymous Symbol]                       0x08004410   Section        0  main.o(.text.main)
    [Anonymous Symbol]                       0x08004490   Section        0  code.o(.text.setupESC)
    i.__ARM_fpclassify                       0x080044d8   Section        0  fpclassify.o(i.__ARM_fpclassify)
    i.__hardfp_asin                          0x08004508   Section        0  asin.o(i.__hardfp_asin)
    i.__hardfp_atan                          0x08004868   Section        0  atan.o(i.__hardfp_atan)
    i.__hardfp_atan2                         0x08004b40   Section        0  atan2.o(i.__hardfp_atan2)
    i.__hardfp_exp                           0x08004d40   Section        0  exp.o(i.__hardfp_exp)
    i.__hardfp_pow                           0x08005098   Section        0  pow.o(i.__hardfp_pow)
    i.__hardfp_sqrt                          0x08005cf8   Section        0  sqrt.o(i.__hardfp_sqrt)
    i.__kernel_poly                          0x08005d72   Section        0  poly.o(i.__kernel_poly)
    i.__mathlib_dbl_divzero                  0x08005e70   Section        0  dunder.o(i.__mathlib_dbl_divzero)
    i.__mathlib_dbl_infnan                   0x08005ea0   Section        0  dunder.o(i.__mathlib_dbl_infnan)
    i.__mathlib_dbl_infnan2                  0x08005eb4   Section        0  dunder.o(i.__mathlib_dbl_infnan2)
    i.__mathlib_dbl_invalid                  0x08005ec8   Section        0  dunder.o(i.__mathlib_dbl_invalid)
    i.__mathlib_dbl_overflow                 0x08005ee8   Section        0  dunder.o(i.__mathlib_dbl_overflow)
    i.__mathlib_dbl_underflow                0x08005f08   Section        0  dunder.o(i.__mathlib_dbl_underflow)
    i.atan                                   0x08005f28   Section        0  atan.o(i.atan)
    i.fabs                                   0x08005f38   Section        0  fabs.o(i.fabs)
    i.sqrt                                   0x08005f50   Section        0  sqrt.o(i.sqrt)
    $v0                                      0x08005fbe   Number         0  basic.o(x$fpl$basic)
    x$fpl$basic                              0x08005fbe   Section       24  basic.o(x$fpl$basic)
    $v0                                      0x08005fd8   Number         0  d2f.o(x$fpl$d2f)
    x$fpl$d2f                                0x08005fd8   Section       98  d2f.o(x$fpl$d2f)
    $v0                                      0x0800603c   Number         0  daddsub_clz.o(x$fpl$dadd)
    x$fpl$dadd                               0x0800603c   Section      336  daddsub_clz.o(x$fpl$dadd)
    _dadd1                                   0x0800604d   Thumb Code     0  daddsub_clz.o(x$fpl$dadd)
    $v0                                      0x0800618c   Number         0  dcheck1.o(x$fpl$dcheck1)
    x$fpl$dcheck1                            0x0800618c   Section       16  dcheck1.o(x$fpl$dcheck1)
    $v0                                      0x0800619c   Number         0  dcmpi.o(x$fpl$dcmpinf)
    x$fpl$dcmpinf                            0x0800619c   Section       24  dcmpi.o(x$fpl$dcmpinf)
    $v0                                      0x080061b4   Number         0  ddiv.o(x$fpl$ddiv)
    x$fpl$ddiv                               0x080061b4   Section      692  ddiv.o(x$fpl$ddiv)
    ddiv_entry                               0x080061bb   Thumb Code     0  ddiv.o(x$fpl$ddiv)
    $v0                                      0x08006468   Number         0  deqf.o(x$fpl$deqf)
    x$fpl$deqf                               0x08006468   Section      120  deqf.o(x$fpl$deqf)
    $v0                                      0x080064e0   Number         0  dfix.o(x$fpl$dfix)
    x$fpl$dfix                               0x080064e0   Section       94  dfix.o(x$fpl$dfix)
    $v0                                      0x0800653e   Number         0  dflt_clz.o(x$fpl$dflt)
    x$fpl$dflt                               0x0800653e   Section       46  dflt_clz.o(x$fpl$dflt)
    $v0                                      0x0800656c   Number         0  dleqf.o(x$fpl$dleqf)
    x$fpl$dleqf                              0x0800656c   Section      120  dleqf.o(x$fpl$dleqf)
    $v0                                      0x080065e4   Number         0  dmul.o(x$fpl$dmul)
    x$fpl$dmul                               0x080065e4   Section      340  dmul.o(x$fpl$dmul)
    $v0                                      0x08006738   Number         0  dnaninf.o(x$fpl$dnaninf)
    x$fpl$dnaninf                            0x08006738   Section      156  dnaninf.o(x$fpl$dnaninf)
    $v0                                      0x080067d4   Number         0  dretinf.o(x$fpl$dretinf)
    x$fpl$dretinf                            0x080067d4   Section       12  dretinf.o(x$fpl$dretinf)
    $v0                                      0x080067e0   Number         0  drleqf.o(x$fpl$drleqf)
    x$fpl$drleqf                             0x080067e0   Section      108  drleqf.o(x$fpl$drleqf)
    $v0                                      0x0800684c   Number         0  daddsub_clz.o(x$fpl$drsb)
    x$fpl$drsb                               0x0800684c   Section       22  daddsub_clz.o(x$fpl$drsb)
    $v0                                      0x08006864   Number         0  dsqrt_umaal.o(x$fpl$dsqrt)
    x$fpl$dsqrt                              0x08006864   Section      408  dsqrt_umaal.o(x$fpl$dsqrt)
    $v0                                      0x080069fc   Number         0  daddsub_clz.o(x$fpl$dsub)
    x$fpl$dsub                               0x080069fc   Section      476  daddsub_clz.o(x$fpl$dsub)
    _dsub1                                   0x08006a0d   Thumb Code     0  daddsub_clz.o(x$fpl$dsub)
    $v0                                      0x08006bd8   Number         0  f2d.o(x$fpl$f2d)
    x$fpl$f2d                                0x08006bd8   Section       86  f2d.o(x$fpl$f2d)
    $v0                                      0x08006c2e   Number         0  fnaninf.o(x$fpl$fnaninf)
    x$fpl$fnaninf                            0x08006c2e   Section      140  fnaninf.o(x$fpl$fnaninf)
    $v0                                      0x08006cba   Number         0  fpinit.o(x$fpl$fpinit)
    x$fpl$fpinit                             0x08006cba   Section       26  fpinit.o(x$fpl$fpinit)
    $v0                                      0x08006cd4   Number         0  fretinf.o(x$fpl$fretinf)
    x$fpl$fretinf                            0x08006cd4   Section       10  fretinf.o(x$fpl$fretinf)
    $v0                                      0x08006cde   Number         0  retnan.o(x$fpl$retnan)
    x$fpl$retnan                             0x08006cde   Section      100  retnan.o(x$fpl$retnan)
    $v0                                      0x08006d42   Number         0  scalbn.o(x$fpl$scalbn)
    x$fpl$scalbn                             0x08006d42   Section       92  scalbn.o(x$fpl$scalbn)
    $v0                                      0x08006d9e   Number         0  trapv.o(x$fpl$trapveneer)
    x$fpl$trapveneer                         0x08006d9e   Section       48  trapv.o(x$fpl$trapveneer)
    x$fpl$usenofp                            0x08006dce   Section        0  usenofp.o(x$fpl$usenofp)
    pS                                       0x08006dd0   Data          48  asin.o(.constdata)
    .constdata                               0x08006dd0   Section       80  asin.o(.constdata)
    qS                                       0x08006e00   Data          32  asin.o(.constdata)
    halF                                     0x08006e20   Data          16  exp.o(.constdata)
    .constdata                               0x08006e20   Section       88  exp.o(.constdata)
    ln2HI                                    0x08006e30   Data          16  exp.o(.constdata)
    ln2LO                                    0x08006e40   Data          16  exp.o(.constdata)
    P                                        0x08006e50   Data          40  exp.o(.constdata)
    bp                                       0x08006e78   Data          16  pow.o(.constdata)
    .constdata                               0x08006e78   Section      136  pow.o(.constdata)
    dp_h                                     0x08006e88   Data          16  pow.o(.constdata)
    dp_l                                     0x08006e98   Data          16  pow.o(.constdata)
    L                                        0x08006ea8   Data          48  pow.o(.constdata)
    P                                        0x08006ed8   Data          40  pow.o(.constdata)
    atanhi                                   0x08006f00   Data          32  atan.o(.constdata)
    .constdata                               0x08006f00   Section      152  atan.o(.constdata)
    atanlo                                   0x08006f20   Data          32  atan.o(.constdata)
    aTodd                                    0x08006f40   Data          40  atan.o(.constdata)
    aTeven                                   0x08006f68   Data          48  atan.o(.constdata)
    .constdata                               0x08006f98   Section        8  qnan.o(.constdata)
    .L_MergedGlobals                         0x20000000   Data          80  main.o(.data..L_MergedGlobals)
    [Anonymous Symbol]                       0x20000000   Section        0  main.o(.data..L_MergedGlobals)
    .L_MergedGlobals                         0x20000050   Data           8  stm32f4xx_hal.o(.data..L_MergedGlobals)
    [Anonymous Symbol]                       0x20000050   Section        0  stm32f4xx_hal.o(.data..L_MergedGlobals)
    .bss                                     0x20000060   Section       96  libspace.o(.bss)
    .L_MergedGlobals                         0x200000c0   Data          24  code.o(.bss..L_MergedGlobals)
    MS5611_calculate.mode                    0x200000c0   Data           1  code.o(.bss..L_MergedGlobals)
    [Anonymous Symbol]                       0x200000c0   Section        0  code.o(.bss..L_MergedGlobals)
    MS5611_calculate.time                    0x200000c4   Data           4  code.o(.bss..L_MergedGlobals)
    Madgwick_update.q_w_gradient_integral.0  0x200000c8   Data           4  code.o(.bss..L_MergedGlobals)
    Madgwick_update.q_w_gradient_integral.1  0x200000cc   Data           4  code.o(.bss..L_MergedGlobals)
    Madgwick_update.q_w_gradient_integral.2  0x200000d0   Data           4  code.o(.bss..L_MergedGlobals)
    Madgwick_update.q_w_gradient_integral.3  0x200000d4   Data           4  code.o(.bss..L_MergedGlobals)
    .L_MergedGlobals.1                       0x200000d8   Data         104  main.o(.bss..L_MergedGlobals.1)
    [Anonymous Symbol]                       0x200000d8   Section        0  main.o(.bss..L_MergedGlobals.1)
    Heap_Mem                                 0x20000350   Data         512  startup_stm32f407xx.o(HEAP)
    HEAP                                     0x20000350   Section      512  startup_stm32f407xx.o(HEAP)
    Stack_Mem                                0x20000550   Data        1024  startup_stm32f407xx.o(STACK)
    STACK                                    0x20000550   Section     1024  startup_stm32f407xx.o(STACK)
    __initial_sp                             0x20000950   Data           0  startup_stm32f407xx.o(STACK)

    Global Symbols

    Symbol Name                              Value     Ov Type        Size  Object(Section)

    BuildAttributes$$THM_ISAv4$E$P$D$K$B$S$7EM$VFPi3$EXTD16$VFPS$VFMA$PE$A:L22UL41UL21$X:L11$S22US41US21$IEEE1$IW$~IW$USESV6$~STKCKD$USESV7$~SHL$OTIME$ROPI$IEEEX$EBA8$UX$STANDARDLIB$REQ8$PRES8$EABIv2 0x00000000   Number         0  anon$$obj.o ABSOLUTE
    __ARM_exceptions_init                     - Undefined Weak Reference
    __alloca_initialize                       - Undefined Weak Reference
    __arm_preinit_                            - Undefined Weak Reference
    __arm_relocate_pie_                       - Undefined Weak Reference
    __cpp_initialize__aeabi_                  - Undefined Weak Reference
    __cxa_finalize                            - Undefined Weak Reference
    __rt_locale                               - Undefined Weak Reference
    __sigvec_lookup                           - Undefined Weak Reference
    _atexit_init                              - Undefined Weak Reference
    _call_atexit_fns                          - Undefined Weak Reference
    _clock_init                               - Undefined Weak Reference
    _fp_trap_init                             - Undefined Weak Reference
    _fp_trap_shutdown                         - Undefined Weak Reference
    _get_lc_collate                           - Undefined Weak Reference
    _get_lc_ctype                             - Undefined Weak Reference
    _get_lc_monetary                          - Undefined Weak Reference
    _get_lc_numeric                           - Undefined Weak Reference
    _get_lc_time                              - Undefined Weak Reference
    _getenv_init                              - Undefined Weak Reference
    _handle_redirection                       - Undefined Weak Reference
    _init_alloc                               - Undefined Weak Reference
    _init_user_alloc                          - Undefined Weak Reference
    _initio                                   - Undefined Weak Reference
    _rand_init                                - Undefined Weak Reference
    _signal_finish                            - Undefined Weak Reference
    _signal_init                              - Undefined Weak Reference
    _terminate_alloc                          - Undefined Weak Reference
    _terminate_user_alloc                     - Undefined Weak Reference
    _terminateio                              - Undefined Weak Reference
    __Vectors_Size                           0x00000188   Number         0  startup_stm32f407xx.o ABSOLUTE
    __Vectors                                0x08000000   Data           4  startup_stm32f407xx.o(RESET)
    __Vectors_End                            0x08000188   Data           0  startup_stm32f407xx.o(RESET)
    __main                                   0x08000189   Thumb Code     8  __main.o(!!!main)
    __scatterload                            0x08000191   Thumb Code     0  __scatter.o(!!!scatter)
    __scatterload_rt2                        0x08000191   Thumb Code    44  __scatter.o(!!!scatter)
    __scatterload_rt2_thumb_only             0x08000191   Thumb Code     0  __scatter.o(!!!scatter)
    __scatterload_null                       0x0800019f   Thumb Code     0  __scatter.o(!!!scatter)
    __scatterload_copy                       0x080001c5   Thumb Code    26  __scatter_copy.o(!!handler_copy)
    __scatterload_zeroinit                   0x080001e1   Thumb Code    28  __scatter_zi.o(!!handler_zi)
    __rt_lib_init                            0x080001fd   Thumb Code     0  libinit.o(.ARM.Collect$$libinit$$00000000)
    __rt_lib_init_fp_1                       0x080001ff   Thumb Code     0  libinit2.o(.ARM.Collect$$libinit$$00000001)
    __rt_lib_init_alloca_1                   0x08000203   Thumb Code     0  libinit2.o(.ARM.Collect$$libinit$$00000030)
    __rt_lib_init_argv_1                     0x08000203   Thumb Code     0  libinit2.o(.ARM.Collect$$libinit$$0000002E)
    __rt_lib_init_atexit_1                   0x08000203   Thumb Code     0  libinit2.o(.ARM.Collect$$libinit$$0000001D)
    __rt_lib_init_clock_1                    0x08000203   Thumb Code     0  libinit2.o(.ARM.Collect$$libinit$$00000023)
    __rt_lib_init_cpp_1                      0x08000203   Thumb Code     0  libinit2.o(.ARM.Collect$$libinit$$00000034)
    __rt_lib_init_exceptions_1               0x08000203   Thumb Code     0  libinit2.o(.ARM.Collect$$libinit$$00000032)
    __rt_lib_init_fp_trap_1                  0x08000203   Thumb Code     0  libinit2.o(.ARM.Collect$$libinit$$00000021)
    __rt_lib_init_getenv_1                   0x08000203   Thumb Code     0  libinit2.o(.ARM.Collect$$libinit$$00000025)
    __rt_lib_init_heap_1                     0x08000203   Thumb Code     0  libinit2.o(.ARM.Collect$$libinit$$0000000C)
    __rt_lib_init_lc_collate_1               0x08000203   Thumb Code     0  libinit2.o(.ARM.Collect$$libinit$$00000013)
    __rt_lib_init_lc_ctype_1                 0x08000203   Thumb Code     0  libinit2.o(.ARM.Collect$$libinit$$00000015)
    __rt_lib_init_lc_monetary_1              0x08000203   Thumb Code     0  libinit2.o(.ARM.Collect$$libinit$$00000017)
    __rt_lib_init_lc_numeric_1               0x08000203   Thumb Code     0  libinit2.o(.ARM.Collect$$libinit$$00000019)
    __rt_lib_init_lc_time_1                  0x08000203   Thumb Code     0  libinit2.o(.ARM.Collect$$libinit$$0000001B)
    __rt_lib_init_preinit_1                  0x08000203   Thumb Code     0  libinit2.o(.ARM.Collect$$libinit$$00000006)
    __rt_lib_init_rand_1                     0x08000203   Thumb Code     0  libinit2.o(.ARM.Collect$$libinit$$00000010)
    __rt_lib_init_relocate_pie_1             0x08000203   Thumb Code     0  libinit2.o(.ARM.Collect$$libinit$$00000004)
    __rt_lib_init_return                     0x08000203   Thumb Code     0  libinit2.o(.ARM.Collect$$libinit$$00000035)
    __rt_lib_init_signal_1                   0x08000203   Thumb Code     0  libinit2.o(.ARM.Collect$$libinit$$0000001F)
    __rt_lib_init_stdio_1                    0x08000203   Thumb Code     0  libinit2.o(.ARM.Collect$$libinit$$00000027)
    __rt_lib_init_user_alloc_1               0x08000203   Thumb Code     0  libinit2.o(.ARM.Collect$$libinit$$0000000E)
    __rt_lib_shutdown                        0x08000205   Thumb Code     0  libshutdown.o(.ARM.Collect$$libshutdown$$00000000)
    __rt_lib_shutdown_cpp_1                  0x08000207   Thumb Code     0  libshutdown2.o(.ARM.Collect$$libshutdown$$00000002)
    __rt_lib_shutdown_fp_trap_1              0x08000207   Thumb Code     0  libshutdown2.o(.ARM.Collect$$libshutdown$$00000007)
    __rt_lib_shutdown_heap_1                 0x08000207   Thumb Code     0  libshutdown2.o(.ARM.Collect$$libshutdown$$0000000F)
    __rt_lib_shutdown_return                 0x08000207   Thumb Code     0  libshutdown2.o(.ARM.Collect$$libshutdown$$00000010)
    __rt_lib_shutdown_signal_1               0x08000207   Thumb Code     0  libshutdown2.o(.ARM.Collect$$libshutdown$$0000000A)
    __rt_lib_shutdown_stdio_1                0x08000207   Thumb Code     0  libshutdown2.o(.ARM.Collect$$libshutdown$$00000004)
    __rt_lib_shutdown_user_alloc_1           0x08000207   Thumb Code     0  libshutdown2.o(.ARM.Collect$$libshutdown$$0000000C)
    __rt_entry                               0x08000209   Thumb Code     0  __rtentry.o(.ARM.Collect$$rtentry$$00000000)
    __rt_entry_presh_1                       0x08000209   Thumb Code     0  __rtentry2.o(.ARM.Collect$$rtentry$$00000002)
    __rt_entry_sh                            0x08000209   Thumb Code     0  __rtentry4.o(.ARM.Collect$$rtentry$$00000004)
    __rt_entry_li                            0x0800020f   Thumb Code     0  __rtentry2.o(.ARM.Collect$$rtentry$$0000000A)
    __rt_entry_postsh_1                      0x0800020f   Thumb Code     0  __rtentry2.o(.ARM.Collect$$rtentry$$00000009)
    __rt_entry_main                          0x08000213   Thumb Code     0  __rtentry2.o(.ARM.Collect$$rtentry$$0000000D)
    __rt_entry_postli_1                      0x08000213   Thumb Code     0  __rtentry2.o(.ARM.Collect$$rtentry$$0000000C)
    __rt_exit                                0x0800021b   Thumb Code     0  rtexit.o(.ARM.Collect$$rtexit$$00000000)
    __rt_exit_ls                             0x0800021d   Thumb Code     0  rtexit2.o(.ARM.Collect$$rtexit$$00000003)
    __rt_exit_prels_1                        0x0800021d   Thumb Code     0  rtexit2.o(.ARM.Collect$$rtexit$$00000002)
    __rt_exit_exit                           0x08000221   Thumb Code     0  rtexit2.o(.ARM.Collect$$rtexit$$00000004)
    Reset_Handler                            0x08000229   Thumb Code     8  startup_stm32f407xx.o(.text)
    ADC_IRQHandler                           0x08000243   Thumb Code     0  startup_stm32f407xx.o(.text)
    CAN1_RX0_IRQHandler                      0x08000243   Thumb Code     0  startup_stm32f407xx.o(.text)
    CAN1_RX1_IRQHandler                      0x08000243   Thumb Code     0  startup_stm32f407xx.o(.text)
    CAN1_SCE_IRQHandler                      0x08000243   Thumb Code     0  startup_stm32f407xx.o(.text)
    CAN1_TX_IRQHandler                       0x08000243   Thumb Code     0  startup_stm32f407xx.o(.text)
    CAN2_RX0_IRQHandler                      0x08000243   Thumb Code     0  startup_stm32f407xx.o(.text)
    CAN2_RX1_IRQHandler                      0x08000243   Thumb Code     0  startup_stm32f407xx.o(.text)
    CAN2_SCE_IRQHandler                      0x08000243   Thumb Code     0  startup_stm32f407xx.o(.text)
    CAN2_TX_IRQHandler                       0x08000243   Thumb Code     0  startup_stm32f407xx.o(.text)
    DCMI_IRQHandler                          0x08000243   Thumb Code     0  startup_stm32f407xx.o(.text)
    DMA1_Stream0_IRQHandler                  0x08000243   Thumb Code     0  startup_stm32f407xx.o(.text)
    DMA1_Stream1_IRQHandler                  0x08000243   Thumb Code     0  startup_stm32f407xx.o(.text)
    DMA1_Stream2_IRQHandler                  0x08000243   Thumb Code     0  startup_stm32f407xx.o(.text)
    DMA1_Stream3_IRQHandler                  0x08000243   Thumb Code     0  startup_stm32f407xx.o(.text)
    DMA1_Stream4_IRQHandler                  0x08000243   Thumb Code     0  startup_stm32f407xx.o(.text)
    DMA1_Stream5_IRQHandler                  0x08000243   Thumb Code     0  startup_stm32f407xx.o(.text)
    DMA1_Stream6_IRQHandler                  0x08000243   Thumb Code     0  startup_stm32f407xx.o(.text)
    DMA1_Stream7_IRQHandler                  0x08000243   Thumb Code     0  startup_stm32f407xx.o(.text)
    DMA2_Stream0_IRQHandler                  0x08000243   Thumb Code     0  startup_stm32f407xx.o(.text)
    DMA2_Stream1_IRQHandler                  0x08000243   Thumb Code     0  startup_stm32f407xx.o(.text)
    DMA2_Stream2_IRQHandler                  0x08000243   Thumb Code     0  startup_stm32f407xx.o(.text)
    DMA2_Stream3_IRQHandler                  0x08000243   Thumb Code     0  startup_stm32f407xx.o(.text)
    DMA2_Stream4_IRQHandler                  0x08000243   Thumb Code     0  startup_stm32f407xx.o(.text)
    DMA2_Stream5_IRQHandler                  0x08000243   Thumb Code     0  startup_stm32f407xx.o(.text)
    DMA2_Stream6_IRQHandler                  0x08000243   Thumb Code     0  startup_stm32f407xx.o(.text)
    DMA2_Stream7_IRQHandler                  0x08000243   Thumb Code     0  startup_stm32f407xx.o(.text)
    ETH_IRQHandler                           0x08000243   Thumb Code     0  startup_stm32f407xx.o(.text)
    ETH_WKUP_IRQHandler                      0x08000243   Thumb Code     0  startup_stm32f407xx.o(.text)
    EXTI0_IRQHandler                         0x08000243   Thumb Code     0  startup_stm32f407xx.o(.text)
    EXTI15_10_IRQHandler                     0x08000243   Thumb Code     0  startup_stm32f407xx.o(.text)
    EXTI1_IRQHandler                         0x08000243   Thumb Code     0  startup_stm32f407xx.o(.text)
    EXTI2_IRQHandler                         0x08000243   Thumb Code     0  startup_stm32f407xx.o(.text)
    EXTI3_IRQHandler                         0x08000243   Thumb Code     0  startup_stm32f407xx.o(.text)
    EXTI4_IRQHandler                         0x08000243   Thumb Code     0  startup_stm32f407xx.o(.text)
    EXTI9_5_IRQHandler                       0x08000243   Thumb Code     0  startup_stm32f407xx.o(.text)
    FLASH_IRQHandler                         0x08000243   Thumb Code     0  startup_stm32f407xx.o(.text)
    FMC_IRQHandler                           0x08000243   Thumb Code     0  startup_stm32f407xx.o(.text)
    FPU_IRQHandler                           0x08000243   Thumb Code     0  startup_stm32f407xx.o(.text)
    HASH_RNG_IRQHandler                      0x08000243   Thumb Code     0  startup_stm32f407xx.o(.text)
    I2C1_ER_IRQHandler                       0x08000243   Thumb Code     0  startup_stm32f407xx.o(.text)
    I2C1_EV_IRQHandler                       0x08000243   Thumb Code     0  startup_stm32f407xx.o(.text)
    I2C2_ER_IRQHandler                       0x08000243   Thumb Code     0  startup_stm32f407xx.o(.text)
    I2C2_EV_IRQHandler                       0x08000243   Thumb Code     0  startup_stm32f407xx.o(.text)
    I2C3_ER_IRQHandler                       0x08000243   Thumb Code     0  startup_stm32f407xx.o(.text)
    I2C3_EV_IRQHandler                       0x08000243   Thumb Code     0  startup_stm32f407xx.o(.text)
    OTG_FS_IRQHandler                        0x08000243   Thumb Code     0  startup_stm32f407xx.o(.text)
    OTG_FS_WKUP_IRQHandler                   0x08000243   Thumb Code     0  startup_stm32f407xx.o(.text)
    OTG_HS_EP1_IN_IRQHandler                 0x08000243   Thumb Code     0  startup_stm32f407xx.o(.text)
    OTG_HS_EP1_OUT_IRQHandler                0x08000243   Thumb Code     0  startup_stm32f407xx.o(.text)
    OTG_HS_IRQHandler                        0x08000243   Thumb Code     0  startup_stm32f407xx.o(.text)
    OTG_HS_WKUP_IRQHandler                   0x08000243   Thumb Code     0  startup_stm32f407xx.o(.text)
    PVD_IRQHandler                           0x08000243   Thumb Code     0  startup_stm32f407xx.o(.text)
    RCC_IRQHandler                           0x08000243   Thumb Code     0  startup_stm32f407xx.o(.text)
    RTC_Alarm_IRQHandler                     0x08000243   Thumb Code     0  startup_stm32f407xx.o(.text)
    RTC_WKUP_IRQHandler                      0x08000243   Thumb Code     0  startup_stm32f407xx.o(.text)
    SDIO_IRQHandler                          0x08000243   Thumb Code     0  startup_stm32f407xx.o(.text)
    SPI1_IRQHandler                          0x08000243   Thumb Code     0  startup_stm32f407xx.o(.text)
    SPI2_IRQHandler                          0x08000243   Thumb Code     0  startup_stm32f407xx.o(.text)
    SPI3_IRQHandler                          0x08000243   Thumb Code     0  startup_stm32f407xx.o(.text)
    TAMP_STAMP_IRQHandler                    0x08000243   Thumb Code     0  startup_stm32f407xx.o(.text)
    TIM1_BRK_TIM9_IRQHandler                 0x08000243   Thumb Code     0  startup_stm32f407xx.o(.text)
    TIM1_CC_IRQHandler                       0x08000243   Thumb Code     0  startup_stm32f407xx.o(.text)
    TIM1_TRG_COM_TIM11_IRQHandler            0x08000243   Thumb Code     0  startup_stm32f407xx.o(.text)
    TIM1_UP_TIM10_IRQHandler                 0x08000243   Thumb Code     0  startup_stm32f407xx.o(.text)
    TIM3_IRQHandler                          0x08000243   Thumb Code     0  startup_stm32f407xx.o(.text)
    TIM4_IRQHandler                          0x08000243   Thumb Code     0  startup_stm32f407xx.o(.text)
    TIM5_IRQHandler                          0x08000243   Thumb Code     0  startup_stm32f407xx.o(.text)
    TIM6_DAC_IRQHandler                      0x08000243   Thumb Code     0  startup_stm32f407xx.o(.text)
    TIM7_IRQHandler                          0x08000243   Thumb Code     0  startup_stm32f407xx.o(.text)
    TIM8_BRK_TIM12_IRQHandler                0x08000243   Thumb Code     0  startup_stm32f407xx.o(.text)
    TIM8_CC_IRQHandler                       0x08000243   Thumb Code     0  startup_stm32f407xx.o(.text)
    TIM8_TRG_COM_TIM14_IRQHandler            0x08000243   Thumb Code     0  startup_stm32f407xx.o(.text)
    TIM8_UP_TIM13_IRQHandler                 0x08000243   Thumb Code     0  startup_stm32f407xx.o(.text)
    UART4_IRQHandler                         0x08000243   Thumb Code     0  startup_stm32f407xx.o(.text)
    UART5_IRQHandler                         0x08000243   Thumb Code     0  startup_stm32f407xx.o(.text)
    USART1_IRQHandler                        0x08000243   Thumb Code     0  startup_stm32f407xx.o(.text)
    USART2_IRQHandler                        0x08000243   Thumb Code     0  startup_stm32f407xx.o(.text)
    USART3_IRQHandler                        0x08000243   Thumb Code     0  startup_stm32f407xx.o(.text)
    USART6_IRQHandler                        0x08000243   Thumb Code     0  startup_stm32f407xx.o(.text)
    WWDG_IRQHandler                          0x08000243   Thumb Code     0  startup_stm32f407xx.o(.text)
    __user_initial_stackheap                 0x08000245   Thumb Code     0  startup_stm32f407xx.o(.text)
    __aeabi_uldivmod                         0x08000269   Thumb Code     0  lludivv7m.o(.text)
    _ll_udiv                                 0x08000269   Thumb Code   240  lludivv7m.o(.text)
    __use_two_region_memory                  0x08000359   Thumb Code     2  heapauxi.o(.text)
    __rt_heap_escrow$2region                 0x0800035b   Thumb Code     2  heapauxi.o(.text)
    __rt_heap_expand$2region                 0x0800035d   Thumb Code     2  heapauxi.o(.text)
    __read_errno                             0x0800035f   Thumb Code    10  _rserrno.o(.text)
    __set_errno                              0x08000369   Thumb Code    12  _rserrno.o(.text)
    __aeabi_errno_addr                       0x08000375   Thumb Code     8  rt_errno_addr_intlibspace.o(.text)
    __errno$intlibspace                      0x08000375   Thumb Code     0  rt_errno_addr_intlibspace.o(.text)
    __rt_errno_addr$intlibspace              0x08000375   Thumb Code     0  rt_errno_addr_intlibspace.o(.text)
    __user_libspace                          0x0800037d   Thumb Code     8  libspace.o(.text)
    __user_perproc_libspace                  0x0800037d   Thumb Code     0  libspace.o(.text)
    __user_perthread_libspace                0x0800037d   Thumb Code     0  libspace.o(.text)
    __user_setup_stackheap                   0x08000385   Thumb Code    74  sys_stackheap_outer.o(.text)
    exit                                     0x080003cf   Thumb Code    18  exit.o(.text)
    _sys_exit                                0x080003e1   Thumb Code     8  sys_exit.o(.text)
    __I$use$semihosting                      0x080003ed   Thumb Code     0  use_no_semi.o(.text)
    __use_no_semihosting_swi                 0x080003ed   Thumb Code     2  use_no_semi.o(.text)
    __semihosting_library_function           0x080003ef   Thumb Code     0  indicate_semi.o(.text)
    BusFault_Handler                         0x080003f1   Thumb Code     2  stm32f4xx_it.o(.text.BusFault_Handler)
    DebugMon_Handler                         0x080003f5   Thumb Code     2  stm32f4xx_it.o(.text.DebugMon_Handler)
    ESC_Control                              0x080003f9   Thumb Code    18  code.o(.text.ESC_Control)
    Error_Handler                            0x0800040d   Thumb Code    10  main.o(.text.Error_Handler)
    HAL_Delay                                0x08000419   Thumb Code    40  stm32f4xx_hal.o(.text.HAL_Delay)
    HAL_GPIO_Init                            0x08000441   Thumb Code   422  stm32f4xx_hal_gpio.o(.text.HAL_GPIO_Init)
    HAL_GPIO_TogglePin                       0x080005e9   Thumb Code    16  stm32f4xx_hal_gpio.o(.text.HAL_GPIO_TogglePin)
    HAL_GPIO_WritePin                        0x080005f9   Thumb Code    10  stm32f4xx_hal_gpio.o(.text.HAL_GPIO_WritePin)
    HAL_GetTick                              0x08000605   Thumb Code    12  stm32f4xx_hal.o(.text.HAL_GetTick)
    HAL_I2C_Init                             0x08000611   Thumb Code   374  stm32f4xx_hal_i2c.o(.text.HAL_I2C_Init)
    HAL_I2C_Mem_Read                         0x08000789   Thumb Code   878  stm32f4xx_hal_i2c.o(.text.HAL_I2C_Mem_Read)
    HAL_I2C_Mem_Write                        0x08000af9   Thumb Code   474  stm32f4xx_hal_i2c.o(.text.HAL_I2C_Mem_Write)
    HAL_I2C_MspInit                          0x08000cd5   Thumb Code   108  i2c.o(.text.HAL_I2C_MspInit)
    HAL_IncTick                              0x08000d41   Thumb Code    26  stm32f4xx_hal.o(.text.HAL_IncTick)
    HAL_Init                                 0x08000d5d   Thumb Code    54  stm32f4xx_hal.o(.text.HAL_Init)
    HAL_InitTick                             0x08000d95   Thumb Code    72  stm32f4xx_hal.o(.text.HAL_InitTick)
    HAL_MspInit                              0x08000ddd   Thumb Code    56  stm32f4xx_hal_msp.o(.text.HAL_MspInit)
    HAL_NVIC_EnableIRQ                       0x08000e15   Thumb Code    38  stm32f4xx_hal_cortex.o(.text.HAL_NVIC_EnableIRQ)
    HAL_NVIC_SetPriority                     0x08000e3d   Thumb Code    86  stm32f4xx_hal_cortex.o(.text.HAL_NVIC_SetPriority)
    HAL_NVIC_SetPriorityGrouping             0x08000e95   Thumb Code    32  stm32f4xx_hal_cortex.o(.text.HAL_NVIC_SetPriorityGrouping)
    HAL_RCC_ClockConfig                      0x08000eb5   Thumb Code   352  stm32f4xx_hal_rcc.o(.text.HAL_RCC_ClockConfig)
    HAL_RCC_GetPCLK1Freq                     0x08001015   Thumb Code    38  stm32f4xx_hal_rcc.o(.text.HAL_RCC_GetPCLK1Freq)
    HAL_RCC_GetPCLK2Freq                     0x0800103d   Thumb Code    38  stm32f4xx_hal_rcc.o(.text.HAL_RCC_GetPCLK2Freq)
    HAL_RCC_GetSysClockFreq                  0x08001065   Thumb Code   106  stm32f4xx_hal_rcc.o(.text.HAL_RCC_GetSysClockFreq)
    HAL_RCC_OscConfig                        0x080010d1   Thumb Code   884  stm32f4xx_hal_rcc.o(.text.HAL_RCC_OscConfig)
    HAL_SPI_Init                             0x08001445   Thumb Code   180  stm32f4xx_hal_spi.o(.text.HAL_SPI_Init)
    HAL_SPI_MspInit                          0x080014f9   Thumb Code   106  spi.o(.text.HAL_SPI_MspInit)
    HAL_SYSTICK_Config                       0x08001565   Thumb Code    44  stm32f4xx_hal_cortex.o(.text.HAL_SYSTICK_Config)
    HAL_TIMEx_BreakCallback                  0x08001591   Thumb Code     2  stm32f4xx_hal_tim_ex.o(.text.HAL_TIMEx_BreakCallback)
    HAL_TIMEx_CommutCallback                 0x08001595   Thumb Code     2  stm32f4xx_hal_tim_ex.o(.text.HAL_TIMEx_CommutCallback)
    HAL_TIMEx_ConfigBreakDeadTime            0x08001599   Thumb Code    76  stm32f4xx_hal_tim_ex.o(.text.HAL_TIMEx_ConfigBreakDeadTime)
    HAL_TIMEx_MasterConfigSynchronization    0x080015e5   Thumb Code   182  stm32f4xx_hal_tim_ex.o(.text.HAL_TIMEx_MasterConfigSynchronization)
    HAL_TIM_Base_Init                        0x0800169d   Thumb Code    90  stm32f4xx_hal_tim.o(.text.HAL_TIM_Base_Init)
    HAL_TIM_Base_MspInit                     0x080016f9   Thumb Code   108  tim.o(.text.HAL_TIM_Base_MspInit)
    HAL_TIM_Base_Start_IT                    0x08001765   Thumb Code   170  stm32f4xx_hal_tim.o(.text.HAL_TIM_Base_Start_IT)
    HAL_TIM_ConfigClockSource                0x08001811   Thumb Code   412  stm32f4xx_hal_tim.o(.text.HAL_TIM_ConfigClockSource)
    HAL_TIM_IC_CaptureCallback               0x080019ad   Thumb Code     2  stm32f4xx_hal_tim.o(.text.HAL_TIM_IC_CaptureCallback)
    HAL_TIM_IRQHandler                       0x080019b1   Thumb Code   368  stm32f4xx_hal_tim.o(.text.HAL_TIM_IRQHandler)
    HAL_TIM_OC_DelayElapsedCallback          0x08001b21   Thumb Code     2  stm32f4xx_hal_tim.o(.text.HAL_TIM_OC_DelayElapsedCallback)
    HAL_TIM_PWM_ConfigChannel                0x08001b25   Thumb Code   546  stm32f4xx_hal_tim.o(.text.HAL_TIM_PWM_ConfigChannel)
    HAL_TIM_PWM_Init                         0x08001d49   Thumb Code    90  stm32f4xx_hal_tim.o(.text.HAL_TIM_PWM_Init)
    HAL_TIM_PWM_MspInit                      0x08001da5   Thumb Code     2  stm32f4xx_hal_tim.o(.text.HAL_TIM_PWM_MspInit)
    HAL_TIM_PWM_PulseFinishedCallback        0x08001da9   Thumb Code     2  stm32f4xx_hal_tim.o(.text.HAL_TIM_PWM_PulseFinishedCallback)
    HAL_TIM_PWM_Start                        0x08001dad   Thumb Code   274  stm32f4xx_hal_tim.o(.text.HAL_TIM_PWM_Start)
    HAL_TIM_PeriodElapsedCallback            0x08001ec1   Thumb Code   548  main.o(.text.HAL_TIM_PeriodElapsedCallback)
    HAL_TIM_TriggerCallback                  0x080020e5   Thumb Code     2  stm32f4xx_hal_tim.o(.text.HAL_TIM_TriggerCallback)
    HAL_UART_Init                            0x080020e9   Thumb Code    94  stm32f4xx_hal_uart.o(.text.HAL_UART_Init)
    HAL_UART_MspInit                         0x08002149   Thumb Code   106  usart.o(.text.HAL_UART_MspInit)
    HMC5883L_Init                            0x080021b5   Thumb Code    96  code.o(.text.HMC5883L_Init)
    HardFault_Handler                        0x08002215   Thumb Code     2  stm32f4xx_it.o(.text.HardFault_Handler)
    Lowpass                                  0x08002a61   Thumb Code   112  code.o(.text.Lowpass)
    Lowpass4MPU                              0x08002ad1   Thumb Code   116  code.o(.text.Lowpass4MPU)
    MPU2Angle                                0x08002b49   Thumb Code   192  code.o(.text.MPU2Angle)
    MPU6050_Addslave                         0x08002c09   Thumb Code   112  code.o(.text.MPU6050_Addslave)
    MPU6050_Bypass                           0x08002c79   Thumb Code    66  code.o(.text.MPU6050_Bypass)
    MPU6050_Init                             0x08002cbd   Thumb Code   196  code.o(.text.MPU6050_Init)
    MPU6050_Master                           0x08002d81   Thumb Code    66  code.o(.text.MPU6050_Master)
    MPU6050_Read_All                         0x08002dc9   Thumb Code   404  code.o(.text.MPU6050_Read_All)
    MS5611_PROM_read                         0x08002f5d   Thumb Code   266  code.o(.text.MS5611_PROM_read)
    MS5611_calculate                         0x08003069   Thumb Code   436  code.o(.text.MS5611_calculate)
    MS5611_init                              0x0800321d   Thumb Code    64  code.o(.text.MS5611_init)
    MX_GPIO_Init                             0x0800325d   Thumb Code   206  gpio.o(.text.MX_GPIO_Init)
    MX_I2C1_Init                             0x0800332d   Thumb Code    66  i2c.o(.text.MX_I2C1_Init)
    MX_SPI1_Init                             0x08003371   Thumb Code    70  spi.o(.text.MX_SPI1_Init)
    MX_TIM1_Init                             0x080033b9   Thumb Code   402  tim.o(.text.MX_TIM1_Init)
    MX_TIM2_Init                             0x0800354d   Thumb Code   114  tim.o(.text.MX_TIM2_Init)
    MX_USART6_UART_Init                      0x080035c1   Thumb Code    60  usart.o(.text.MX_USART6_UART_Init)
    Madgwick_imu                             0x08003601   Thumb Code   656  code.o(.text.Madgwick_imu)
    Madgwick_update                          0x08003891   Thumb Code  1748  code.o(.text.Madgwick_update)
    MemManage_Handler                        0x08003f65   Thumb Code     2  stm32f4xx_it.o(.text.MemManage_Handler)
    NMI_Handler                              0x08003f69   Thumb Code     2  stm32f4xx_it.o(.text.NMI_Handler)
    PendSV_Handler                           0x08003f6d   Thumb Code     2  stm32f4xx_it.o(.text.PendSV_Handler)
    Quat2Angle                               0x08003f71   Thumb Code   320  code.o(.text.Quat2Angle)
    SVC_Handler                              0x080040b1   Thumb Code     2  stm32f4xx_it.o(.text.SVC_Handler)
    SysTick_Handler                          0x080040b5   Thumb Code     4  stm32f4xx_it.o(.text.SysTick_Handler)
    SystemClock_Config                       0x080040b9   Thumb Code   172  main.o(.text.SystemClock_Config)
    SystemInit                               0x08004165   Thumb Code    18  system_stm32f4xx.o(.text.SystemInit)
    TIM2_IRQHandler                          0x08004179   Thumb Code    12  stm32f4xx_it.o(.text.TIM2_IRQHandler)
    TIM_Base_SetConfig                       0x08004185   Thumb Code   316  stm32f4xx_hal_tim.o(.text.TIM_Base_SetConfig)
    UsageFault_Handler                       0x080043b1   Thumb Code     2  stm32f4xx_it.o(.text.UsageFault_Handler)
    getAltitude                              0x080043b9   Thumb Code    88  code.o(.text.getAltitude)
    main                                     0x08004411   Thumb Code   126  main.o(.text.main)
    setupESC                                 0x08004491   Thumb Code    72  code.o(.text.setupESC)
    __ARM_fpclassify                         0x080044d9   Thumb Code    48  fpclassify.o(i.__ARM_fpclassify)
    __hardfp_asin                            0x08004509   Thumb Code   770  asin.o(i.__hardfp_asin)
    __hardfp_atan                            0x08004869   Thumb Code   622  atan.o(i.__hardfp_atan)
    __hardfp_atan2                           0x08004b41   Thumb Code   448  atan2.o(i.__hardfp_atan2)
    __hardfp_exp                             0x08004d41   Thumb Code   714  exp.o(i.__hardfp_exp)
    __hardfp_pow                             0x08005099   Thumb Code  3088  pow.o(i.__hardfp_pow)
    __hardfp_sqrt                            0x08005cf9   Thumb Code   122  sqrt.o(i.__hardfp_sqrt)
    __kernel_poly                            0x08005d73   Thumb Code   248  poly.o(i.__kernel_poly)
    __mathlib_dbl_divzero                    0x08005e71   Thumb Code    28  dunder.o(i.__mathlib_dbl_divzero)
    __mathlib_dbl_infnan                     0x08005ea1   Thumb Code    20  dunder.o(i.__mathlib_dbl_infnan)
    __mathlib_dbl_infnan2                    0x08005eb5   Thumb Code    20  dunder.o(i.__mathlib_dbl_infnan2)
    __mathlib_dbl_invalid                    0x08005ec9   Thumb Code    24  dunder.o(i.__mathlib_dbl_invalid)
    __mathlib_dbl_overflow                   0x08005ee9   Thumb Code    24  dunder.o(i.__mathlib_dbl_overflow)
    __mathlib_dbl_underflow                  0x08005f09   Thumb Code    24  dunder.o(i.__mathlib_dbl_underflow)
    atan                                     0x08005f29   Thumb Code    16  atan.o(i.atan)
    fabs                                     0x08005f39   Thumb Code    24  fabs.o(i.fabs)
    sqrt                                     0x08005f51   Thumb Code   110  sqrt.o(i.sqrt)
    __aeabi_dneg                             0x08005fbf   Thumb Code     0  basic.o(x$fpl$basic)
    _dneg                                    0x08005fbf   Thumb Code     6  basic.o(x$fpl$basic)
    __aeabi_fneg                             0x08005fc5   Thumb Code     0  basic.o(x$fpl$basic)
    _fneg                                    0x08005fc5   Thumb Code     6  basic.o(x$fpl$basic)
    _dabs                                    0x08005fcb   Thumb Code     6  basic.o(x$fpl$basic)
    _fabs                                    0x08005fd1   Thumb Code     6  basic.o(x$fpl$basic)
    __aeabi_d2f                              0x08005fd9   Thumb Code     0  d2f.o(x$fpl$d2f)
    _d2f                                     0x08005fd9   Thumb Code    98  d2f.o(x$fpl$d2f)
    __aeabi_dadd                             0x0800603d   Thumb Code     0  daddsub_clz.o(x$fpl$dadd)
    _dadd                                    0x0800603d   Thumb Code   332  daddsub_clz.o(x$fpl$dadd)
    __fpl_dcheck_NaN1                        0x0800618d   Thumb Code    10  dcheck1.o(x$fpl$dcheck1)
    __fpl_dcmp_Inf                           0x0800619d   Thumb Code    24  dcmpi.o(x$fpl$dcmpinf)
    __aeabi_ddiv                             0x080061b5   Thumb Code     0  ddiv.o(x$fpl$ddiv)
    _ddiv                                    0x080061b5   Thumb Code   556  ddiv.o(x$fpl$ddiv)
    __aeabi_cdcmpeq                          0x08006469   Thumb Code     0  deqf.o(x$fpl$deqf)
    _dcmpeq                                  0x08006469   Thumb Code   120  deqf.o(x$fpl$deqf)
    __aeabi_d2iz                             0x080064e1   Thumb Code     0  dfix.o(x$fpl$dfix)
    _dfix                                    0x080064e1   Thumb Code    94  dfix.o(x$fpl$dfix)
    __aeabi_i2d                              0x0800653f   Thumb Code     0  dflt_clz.o(x$fpl$dflt)
    _dflt                                    0x0800653f   Thumb Code    46  dflt_clz.o(x$fpl$dflt)
    __aeabi_cdcmple                          0x0800656d   Thumb Code     0  dleqf.o(x$fpl$dleqf)
    _dcmple                                  0x0800656d   Thumb Code   120  dleqf.o(x$fpl$dleqf)
    __fpl_dcmple_InfNaN                      0x080065cf   Thumb Code     0  dleqf.o(x$fpl$dleqf)
    __aeabi_dmul                             0x080065e5   Thumb Code     0  dmul.o(x$fpl$dmul)
    _dmul                                    0x080065e5   Thumb Code   332  dmul.o(x$fpl$dmul)
    __fpl_dnaninf                            0x08006739   Thumb Code   156  dnaninf.o(x$fpl$dnaninf)
    __fpl_dretinf                            0x080067d5   Thumb Code    12  dretinf.o(x$fpl$dretinf)
    __aeabi_cdrcmple                         0x080067e1   Thumb Code     0  drleqf.o(x$fpl$drleqf)
    _drcmple                                 0x080067e1   Thumb Code   108  drleqf.o(x$fpl$drleqf)
    __aeabi_drsub                            0x0800684d   Thumb Code     0  daddsub_clz.o(x$fpl$drsb)
    _drsb                                    0x0800684d   Thumb Code    22  daddsub_clz.o(x$fpl$drsb)
    _dsqrt                                   0x08006865   Thumb Code   404  dsqrt_umaal.o(x$fpl$dsqrt)
    __aeabi_dsub                             0x080069fd   Thumb Code     0  daddsub_clz.o(x$fpl$dsub)
    _dsub                                    0x080069fd   Thumb Code   472  daddsub_clz.o(x$fpl$dsub)
    __aeabi_f2d                              0x08006bd9   Thumb Code     0  f2d.o(x$fpl$f2d)
    _f2d                                     0x08006bd9   Thumb Code    86  f2d.o(x$fpl$f2d)
    __fpl_fnaninf                            0x08006c2f   Thumb Code   140  fnaninf.o(x$fpl$fnaninf)
    _fp_init                                 0x08006cbb   Thumb Code    26  fpinit.o(x$fpl$fpinit)
    __fplib_config_fpu_vfp                   0x08006cd3   Thumb Code     0  fpinit.o(x$fpl$fpinit)
    __fplib_config_pureend_doubles           0x08006cd3   Thumb Code     0  fpinit.o(x$fpl$fpinit)
    __fpl_fretinf                            0x08006cd5   Thumb Code    10  fretinf.o(x$fpl$fretinf)
    __fpl_return_NaN                         0x08006cdf   Thumb Code   100  retnan.o(x$fpl$retnan)
    __ARM_scalbn                             0x08006d43   Thumb Code    92  scalbn.o(x$fpl$scalbn)
    __fpl_cmpreturn                          0x08006d9f   Thumb Code    48  trapv.o(x$fpl$trapveneer)
    __I$use$fp                               0x08006dce   Number         0  usenofp.o(x$fpl$usenofp)
    __mathlib_zero                           0x08006f98   Data           8  qnan.o(.constdata)
    AHBPrescTable                            0x08006fa0   Data          16  system_stm32f4xx.o(.rodata.AHBPrescTable)
    APBPrescTable                            0x08006fb0   Data           8  system_stm32f4xx.o(.rodata.APBPrescTable)
    Region$$Table$$Base                      0x08006fb8   Number         0  anon$$obj.o(Region$$Table)
    Region$$Table$$Limit                     0x08006fd8   Number         0  anon$$obj.o(Region$$Table)
    Q_est                                    0x20000000   Data          16  main.o(.data..L_MergedGlobals)
    M1                                       0x20000010   Data          16  main.o(.data..L_MergedGlobals)
    M2                                       0x20000020   Data          16  main.o(.data..L_MergedGlobals)
    M3                                       0x20000030   Data          16  main.o(.data..L_MergedGlobals)
    M4                                       0x20000040   Data          16  main.o(.data..L_MergedGlobals)
    uwTickFreq                               0x20000050   Data           1  stm32f4xx_hal.o(.data..L_MergedGlobals)
    uwTickPrio                               0x20000054   Data           4  stm32f4xx_hal.o(.data..L_MergedGlobals)
    SystemCoreClock                          0x20000058   Data           4  system_stm32f4xx.o(.data.SystemCoreClock)
    __libspace_start                         0x20000060   Data          96  libspace.o(.bss)
    __temporary_stack_top$libspace           0x200000c0   Data           0  libspace.o(.bss)
    enable                                   0x200000d8   Data           4  main.o(.bss..L_MergedGlobals.1)
    LP_height                                0x200000dc   Data           8  main.o(.bss..L_MergedGlobals.1)
    height                                   0x200000e8   Data           8  main.o(.bss..L_MergedGlobals.1)
    angle                                    0x200000f0   Data          12  main.o(.bss..L_MergedGlobals.1)
    Madgwick                                 0x200000fc   Data          12  main.o(.bss..L_MergedGlobals.1)
    MS5611                                   0x20000108   Data          56  main.o(.bss..L_MergedGlobals.1)
    MPU6050                                  0x20000140   Data          68  main.o(.bss.MPU6050)
    MPU6050_LP                               0x20000184   Data          68  main.o(.bss.MPU6050_LP)
    hi2c1                                    0x200001c8   Data          84  i2c.o(.bss.hi2c1)
    hspi1                                    0x2000021c   Data          88  spi.o(.bss.hspi1)
    htim1                                    0x20000274   Data          72  tim.o(.bss.htim1)
    htim2                                    0x200002bc   Data          72  tim.o(.bss.htim2)
    huart6                                   0x20000304   Data          68  usart.o(.bss.huart6)
    uwTick                                   0x20000348   Data           4  stm32f4xx_hal.o(.bss.uwTick)



==============================================================================

Memory Map of the image

  Image Entry point : 0x08000189

  Load Region LR_IROM1 (Base: 0x08000000, Size: 0x00007038, Max: 0x00100000, ABSOLUTE)

    Execution Region ER_IROM1 (Exec base: 0x08000000, Load base: 0x08000000, Size: 0x00006fd8, Max: 0x00100000, ABSOLUTE)

    Exec Addr    Load Addr    Size         Type   Attr      Idx    E Section Name        Object

    0x08000000   0x08000000   0x00000188   Data   RO            3    RESET               startup_stm32f407xx.o
    0x08000188   0x08000188   0x00000008   Code   RO         1309  * !!!main             c_w.l(__main.o)
    0x08000190   0x08000190   0x00000034   Code   RO         1611    !!!scatter          c_w.l(__scatter.o)
    0x080001c4   0x080001c4   0x0000001a   Code   RO         1613    !!handler_copy      c_w.l(__scatter_copy.o)
    0x080001de   0x080001de   0x00000002   PAD
    0x080001e0   0x080001e0   0x0000001c   Code   RO         1615    !!handler_zi        c_w.l(__scatter_zi.o)
    0x080001fc   0x080001fc   0x00000002   Code   RO         1472    .ARM.Collect$$libinit$$00000000  c_w.l(libinit.o)
    0x080001fe   0x080001fe   0x00000004   Code   RO         1483    .ARM.Collect$$libinit$$00000001  c_w.l(libinit2.o)
    0x08000202   0x08000202   0x00000000   Code   RO         1486    .ARM.Collect$$libinit$$00000004  c_w.l(libinit2.o)
    0x08000202   0x08000202   0x00000000   Code   RO         1488    .ARM.Collect$$libinit$$00000006  c_w.l(libinit2.o)
    0x08000202   0x08000202   0x00000000   Code   RO         1491    .ARM.Collect$$libinit$$0000000C  c_w.l(libinit2.o)
    0x08000202   0x08000202   0x00000000   Code   RO         1493    .ARM.Collect$$libinit$$0000000E  c_w.l(libinit2.o)
    0x08000202   0x08000202   0x00000000   Code   RO         1495    .ARM.Collect$$libinit$$00000010  c_w.l(libinit2.o)
    0x08000202   0x08000202   0x00000000   Code   RO         1498    .ARM.Collect$$libinit$$00000013  c_w.l(libinit2.o)
    0x08000202   0x08000202   0x00000000   Code   RO         1500    .ARM.Collect$$libinit$$00000015  c_w.l(libinit2.o)
    0x08000202   0x08000202   0x00000000   Code   RO         1502    .ARM.Collect$$libinit$$00000017  c_w.l(libinit2.o)
    0x08000202   0x08000202   0x00000000   Code   RO         1504    .ARM.Collect$$libinit$$00000019  c_w.l(libinit2.o)
    0x08000202   0x08000202   0x00000000   Code   RO         1506    .ARM.Collect$$libinit$$0000001B  c_w.l(libinit2.o)
    0x08000202   0x08000202   0x00000000   Code   RO         1508    .ARM.Collect$$libinit$$0000001D  c_w.l(libinit2.o)
    0x08000202   0x08000202   0x00000000   Code   RO         1510    .ARM.Collect$$libinit$$0000001F  c_w.l(libinit2.o)
    0x08000202   0x08000202   0x00000000   Code   RO         1512    .ARM.Collect$$libinit$$00000021  c_w.l(libinit2.o)
    0x08000202   0x08000202   0x00000000   Code   RO         1514    .ARM.Collect$$libinit$$00000023  c_w.l(libinit2.o)
    0x08000202   0x08000202   0x00000000   Code   RO         1516    .ARM.Collect$$libinit$$00000025  c_w.l(libinit2.o)
    0x08000202   0x08000202   0x00000000   Code   RO         1518    .ARM.Collect$$libinit$$00000027  c_w.l(libinit2.o)
    0x08000202   0x08000202   0x00000000   Code   RO         1522    .ARM.Collect$$libinit$$0000002E  c_w.l(libinit2.o)
    0x08000202   0x08000202   0x00000000   Code   RO         1524    .ARM.Collect$$libinit$$00000030  c_w.l(libinit2.o)
    0x08000202   0x08000202   0x00000000   Code   RO         1526    .ARM.Collect$$libinit$$00000032  c_w.l(libinit2.o)
    0x08000202   0x08000202   0x00000000   Code   RO         1528    .ARM.Collect$$libinit$$00000034  c_w.l(libinit2.o)
    0x08000202   0x08000202   0x00000002   Code   RO         1529    .ARM.Collect$$libinit$$00000035  c_w.l(libinit2.o)
    0x08000204   0x08000204   0x00000002   Code   RO         1566    .ARM.Collect$$libshutdown$$00000000  c_w.l(libshutdown.o)
    0x08000206   0x08000206   0x00000000   Code   RO         1594    .ARM.Collect$$libshutdown$$00000002  c_w.l(libshutdown2.o)
    0x08000206   0x08000206   0x00000000   Code   RO         1596    .ARM.Collect$$libshutdown$$00000004  c_w.l(libshutdown2.o)
    0x08000206   0x08000206   0x00000000   Code   RO         1599    .ARM.Collect$$libshutdown$$00000007  c_w.l(libshutdown2.o)
    0x08000206   0x08000206   0x00000000   Code   RO         1602    .ARM.Collect$$libshutdown$$0000000A  c_w.l(libshutdown2.o)
    0x08000206   0x08000206   0x00000000   Code   RO         1604    .ARM.Collect$$libshutdown$$0000000C  c_w.l(libshutdown2.o)
    0x08000206   0x08000206   0x00000000   Code   RO         1607    .ARM.Collect$$libshutdown$$0000000F  c_w.l(libshutdown2.o)
    0x08000206   0x08000206   0x00000002   Code   RO         1608    .ARM.Collect$$libshutdown$$00000010  c_w.l(libshutdown2.o)
    0x08000208   0x08000208   0x00000000   Code   RO         1360    .ARM.Collect$$rtentry$$00000000  c_w.l(__rtentry.o)
    0x08000208   0x08000208   0x00000000   Code   RO         1431    .ARM.Collect$$rtentry$$00000002  c_w.l(__rtentry2.o)
    0x08000208   0x08000208   0x00000006   Code   RO         1443    .ARM.Collect$$rtentry$$00000004  c_w.l(__rtentry4.o)
    0x0800020e   0x0800020e   0x00000000   Code   RO         1433    .ARM.Collect$$rtentry$$00000009  c_w.l(__rtentry2.o)
    0x0800020e   0x0800020e   0x00000004   Code   RO         1434    .ARM.Collect$$rtentry$$0000000A  c_w.l(__rtentry2.o)
    0x08000212   0x08000212   0x00000000   Code   RO         1436    .ARM.Collect$$rtentry$$0000000C  c_w.l(__rtentry2.o)
    0x08000212   0x08000212   0x00000008   Code   RO         1437    .ARM.Collect$$rtentry$$0000000D  c_w.l(__rtentry2.o)
    0x0800021a   0x0800021a   0x00000002   Code   RO         1475    .ARM.Collect$$rtexit$$00000000  c_w.l(rtexit.o)
    0x0800021c   0x0800021c   0x00000000   Code   RO         1537    .ARM.Collect$$rtexit$$00000002  c_w.l(rtexit2.o)
    0x0800021c   0x0800021c   0x00000004   Code   RO         1538    .ARM.Collect$$rtexit$$00000003  c_w.l(rtexit2.o)
    0x08000220   0x08000220   0x00000006   Code   RO         1539    .ARM.Collect$$rtexit$$00000004  c_w.l(rtexit2.o)
    0x08000226   0x08000226   0x00000002   PAD
    0x08000228   0x08000228   0x00000040   Code   RO            4    .text               startup_stm32f407xx.o
    0x08000268   0x08000268   0x000000f0   Code   RO         1305    .text               c_w.l(lludivv7m.o)
    0x08000358   0x08000358   0x00000006   Code   RO         1307    .text               c_w.l(heapauxi.o)
    0x0800035e   0x0800035e   0x00000016   Code   RO         1365    .text               c_w.l(_rserrno.o)
    0x08000374   0x08000374   0x00000008   Code   RO         1450    .text               c_w.l(rt_errno_addr_intlibspace.o)
    0x0800037c   0x0800037c   0x00000008   Code   RO         1456    .text               c_w.l(libspace.o)
    0x08000384   0x08000384   0x0000004a   Code   RO         1459    .text               c_w.l(sys_stackheap_outer.o)
    0x080003ce   0x080003ce   0x00000012   Code   RO         1461    .text               c_w.l(exit.o)
    0x080003e0   0x080003e0   0x0000000c   Code   RO         1532    .text               c_w.l(sys_exit.o)
    0x080003ec   0x080003ec   0x00000002   Code   RO         1555    .text               c_w.l(use_no_semi.o)
    0x080003ee   0x080003ee   0x00000000   Code   RO         1557    .text               c_w.l(indicate_semi.o)
    0x080003ee   0x080003ee   0x00000002   PAD
    0x080003f0   0x080003f0   0x00000002   Code   RO          120    .text.BusFault_Handler  stm32f4xx_it.o
    0x080003f2   0x080003f2   0x00000002   PAD
    0x080003f4   0x080003f4   0x00000002   Code   RO          126    .text.DebugMon_Handler  stm32f4xx_it.o
    0x080003f6   0x080003f6   0x00000002   PAD
    0x080003f8   0x080003f8   0x00000012   Code   RO         1287    .text.ESC_Control   code.o
    0x0800040a   0x0800040a   0x00000002   PAD
    0x0800040c   0x0800040c   0x0000000a   Code   RO           15    .text.Error_Handler  main.o
    0x08000416   0x08000416   0x00000002   PAD
    0x08000418   0x08000418   0x00000028   Code   RO          593    .text.HAL_Delay     stm32f4xx_hal.o
    0x08000440   0x08000440   0x000001a6   Code   RO          394    .text.HAL_GPIO_Init  stm32f4xx_hal_gpio.o
    0x080005e6   0x080005e6   0x00000002   PAD
    0x080005e8   0x080005e8   0x00000010   Code   RO          402    .text.HAL_GPIO_TogglePin  stm32f4xx_hal_gpio.o
    0x080005f8   0x080005f8   0x0000000a   Code   RO          400    .text.HAL_GPIO_WritePin  stm32f4xx_hal_gpio.o
    0x08000602   0x08000602   0x00000002   PAD
    0x08000604   0x08000604   0x0000000c   Code   RO          585    .text.HAL_GetTick   stm32f4xx_hal.o
    0x08000610   0x08000610   0x00000176   Code   RO          149    .text.HAL_I2C_Init  stm32f4xx_hal_i2c.o
    0x08000786   0x08000786   0x00000002   PAD
    0x08000788   0x08000788   0x0000036e   Code   RO          193    .text.HAL_I2C_Mem_Read  stm32f4xx_hal_i2c.o
    0x08000af6   0x08000af6   0x00000002   PAD
    0x08000af8   0x08000af8   0x000001da   Code   RO          189    .text.HAL_I2C_Mem_Write  stm32f4xx_hal_i2c.o
    0x08000cd2   0x08000cd2   0x00000002   PAD
    0x08000cd4   0x08000cd4   0x0000006c   Code   RO           51    .text.HAL_I2C_MspInit  i2c.o
    0x08000d40   0x08000d40   0x0000001a   Code   RO          583    .text.HAL_IncTick   stm32f4xx_hal.o
    0x08000d5a   0x08000d5a   0x00000002   PAD
    0x08000d5c   0x08000d5c   0x00000036   Code   RO          573    .text.HAL_Init      stm32f4xx_hal.o
    0x08000d92   0x08000d92   0x00000002   PAD
    0x08000d94   0x08000d94   0x00000048   Code   RO          575    .text.HAL_InitTick  stm32f4xx_hal.o
    0x08000ddc   0x08000ddc   0x00000038   Code   RO          141    .text.HAL_MspInit   stm32f4xx_hal_msp.o
    0x08000e14   0x08000e14   0x00000026   Code   RO          531    .text.HAL_NVIC_EnableIRQ  stm32f4xx_hal_cortex.o
    0x08000e3a   0x08000e3a   0x00000002   PAD
    0x08000e3c   0x08000e3c   0x00000056   Code   RO          529    .text.HAL_NVIC_SetPriority  stm32f4xx_hal_cortex.o
    0x08000e92   0x08000e92   0x00000002   PAD
    0x08000e94   0x08000e94   0x00000020   Code   RO          527    .text.HAL_NVIC_SetPriorityGrouping  stm32f4xx_hal_cortex.o
    0x08000eb4   0x08000eb4   0x00000160   Code   RO          288    .text.HAL_RCC_ClockConfig  stm32f4xx_hal_rcc.o
    0x08001014   0x08001014   0x00000026   Code   RO          300    .text.HAL_RCC_GetPCLK1Freq  stm32f4xx_hal_rcc.o
    0x0800103a   0x0800103a   0x00000002   PAD
    0x0800103c   0x0800103c   0x00000026   Code   RO          302    .text.HAL_RCC_GetPCLK2Freq  stm32f4xx_hal_rcc.o
    0x08001062   0x08001062   0x00000002   PAD
    0x08001064   0x08001064   0x0000006a   Code   RO          290    .text.HAL_RCC_GetSysClockFreq  stm32f4xx_hal_rcc.o
    0x080010ce   0x080010ce   0x00000002   PAD
    0x080010d0   0x080010d0   0x00000374   Code   RO          286    .text.HAL_RCC_OscConfig  stm32f4xx_hal_rcc.o
    0x08001444   0x08001444   0x000000b4   Code   RO          663    .text.HAL_SPI_Init  stm32f4xx_hal_spi.o
    0x080014f8   0x080014f8   0x0000006a   Code   RO           66    .text.HAL_SPI_MspInit  spi.o
    0x08001562   0x08001562   0x00000002   PAD
    0x08001564   0x08001564   0x0000002c   Code   RO          539    .text.HAL_SYSTICK_Config  stm32f4xx_hal_cortex.o
    0x08001590   0x08001590   0x00000002   Code   RO         1082    .text.HAL_TIMEx_BreakCallback  stm32f4xx_hal_tim_ex.o
    0x08001592   0x08001592   0x00000002   PAD
    0x08001594   0x08001594   0x00000002   Code   RO         1078    .text.HAL_TIMEx_CommutCallback  stm32f4xx_hal_tim_ex.o
    0x08001596   0x08001596   0x00000002   PAD
    0x08001598   0x08001598   0x0000004c   Code   RO         1074    .text.HAL_TIMEx_ConfigBreakDeadTime  stm32f4xx_hal_tim_ex.o
    0x080015e4   0x080015e4   0x000000b6   Code   RO         1072    .text.HAL_TIMEx_MasterConfigSynchronization  stm32f4xx_hal_tim_ex.o
    0x0800169a   0x0800169a   0x00000002   PAD
    0x0800169c   0x0800169c   0x0000005a   Code   RO          777    .text.HAL_TIM_Base_Init  stm32f4xx_hal_tim.o
    0x080016f6   0x080016f6   0x00000002   PAD
    0x080016f8   0x080016f8   0x0000006c   Code   RO           85    .text.HAL_TIM_Base_MspInit  tim.o
    0x08001764   0x08001764   0x000000aa   Code   RO          791    .text.HAL_TIM_Base_Start_IT  stm32f4xx_hal_tim.o
    0x0800180e   0x0800180e   0x00000002   PAD
    0x08001810   0x08001810   0x0000019c   Code   RO          957    .text.HAL_TIM_ConfigClockSource  stm32f4xx_hal_tim.o
    0x080019ac   0x080019ac   0x00000002   Code   RO          913    .text.HAL_TIM_IC_CaptureCallback  stm32f4xx_hal_tim.o
    0x080019ae   0x080019ae   0x00000002   PAD
    0x080019b0   0x080019b0   0x00000170   Code   RO          911    .text.HAL_TIM_IRQHandler  stm32f4xx_hal_tim.o
    0x08001b20   0x08001b20   0x00000002   Code   RO          915    .text.HAL_TIM_OC_DelayElapsedCallback  stm32f4xx_hal_tim.o
    0x08001b22   0x08001b22   0x00000002   PAD
    0x08001b24   0x08001b24   0x00000222   Code   RO          931    .text.HAL_TIM_PWM_ConfigChannel  stm32f4xx_hal_tim.o
    0x08001d46   0x08001d46   0x00000002   PAD
    0x08001d48   0x08001d48   0x0000005a   Code   RO          831    .text.HAL_TIM_PWM_Init  stm32f4xx_hal_tim.o
    0x08001da2   0x08001da2   0x00000002   PAD
    0x08001da4   0x08001da4   0x00000002   Code   RO          833    .text.HAL_TIM_PWM_MspInit  stm32f4xx_hal_tim.o
    0x08001da6   0x08001da6   0x00000002   PAD
    0x08001da8   0x08001da8   0x00000002   Code   RO          917    .text.HAL_TIM_PWM_PulseFinishedCallback  stm32f4xx_hal_tim.o
    0x08001daa   0x08001daa   0x00000002   PAD
    0x08001dac   0x08001dac   0x00000112   Code   RO          839    .text.HAL_TIM_PWM_Start  stm32f4xx_hal_tim.o
    0x08001ebe   0x08001ebe   0x00000002   PAD
    0x08001ec0   0x08001ec0   0x00000224   Code   RO           17    .text.HAL_TIM_PeriodElapsedCallback  main.o
    0x080020e4   0x080020e4   0x00000002   Code   RO          921    .text.HAL_TIM_TriggerCallback  stm32f4xx_hal_tim.o
    0x080020e6   0x080020e6   0x00000002   PAD
    0x080020e8   0x080020e8   0x0000005e   Code   RO         1096    .text.HAL_UART_Init  stm32f4xx_hal_uart.o
    0x08002146   0x08002146   0x00000002   PAD
    0x08002148   0x08002148   0x0000006a   Code   RO          101    .text.HAL_UART_MspInit  usart.o
    0x080021b2   0x080021b2   0x00000002   PAD
    0x080021b4   0x080021b4   0x00000060   Code   RO         1241    .text.HMC5883L_Init  code.o
    0x08002214   0x08002214   0x00000002   Code   RO          116    .text.HardFault_Handler  stm32f4xx_it.o
    0x08002216   0x08002216   0x00000002   PAD
    0x08002218   0x08002218   0x0000031e   Code   RO          195    .text.I2C_RequestMemoryRead  stm32f4xx_hal_i2c.o
    0x08002536   0x08002536   0x00000002   PAD
    0x08002538   0x08002538   0x00000272   Code   RO          191    .text.I2C_RequestMemoryWrite  stm32f4xx_hal_i2c.o
    0x080027aa   0x080027aa   0x00000002   PAD
    0x080027ac   0x080027ac   0x000000a8   Code   RO          161    .text.I2C_WaitOnBTFFlagUntilTimeout  stm32f4xx_hal_i2c.o
    0x08002854   0x08002854   0x00000150   Code   RO          159    .text.I2C_WaitOnFlagUntilTimeout  stm32f4xx_hal_i2c.o
    0x080029a4   0x080029a4   0x000000b8   Code   RO          273    .text.I2C_WaitOnMasterAddressFlagUntilTimeout  stm32f4xx_hal_i2c.o
    0x08002a5c   0x08002a5c   0x00000004   PAD
    0x08002a60   0x08002a60   0x00000070   Code   RO         1293    .text.Lowpass       code.o
    0x08002ad0   0x08002ad0   0x00000074   Code   RO         1281    .text.Lowpass4MPU   code.o
    0x08002b44   0x08002b44   0x00000004   PAD
    0x08002b48   0x08002b48   0x000000c0   Code   RO         1283    .text.MPU2Angle     code.o
    0x08002c08   0x08002c08   0x00000070   Code   RO         1237    .text.MPU6050_Addslave  code.o
    0x08002c78   0x08002c78   0x00000042   Code   RO         1233    .text.MPU6050_Bypass  code.o
    0x08002cba   0x08002cba   0x00000002   PAD
    0x08002cbc   0x08002cbc   0x000000c4   Code   RO         1231    .text.MPU6050_Init  code.o
    0x08002d80   0x08002d80   0x00000042   Code   RO         1235    .text.MPU6050_Master  code.o
    0x08002dc2   0x08002dc2   0x00000006   PAD
    0x08002dc8   0x08002dc8   0x00000194   Code   RO         1239    .text.MPU6050_Read_All  code.o
    0x08002f5c   0x08002f5c   0x0000010a   Code   RO         1245    .text.MS5611_PROM_read  code.o
    0x08003066   0x08003066   0x00000002   PAD
    0x08003068   0x08003068   0x000001b4   Code   RO         1253    .text.MS5611_calculate  code.o
    0x0800321c   0x0800321c   0x00000040   Code   RO         1247    .text.MS5611_init   code.o
    0x0800325c   0x0800325c   0x000000ce   Code   RO           40    .text.MX_GPIO_Init  gpio.o
    0x0800332a   0x0800332a   0x00000002   PAD
    0x0800332c   0x0800332c   0x00000042   Code   RO           49    .text.MX_I2C1_Init  i2c.o
    0x0800336e   0x0800336e   0x00000002   PAD
    0x08003370   0x08003370   0x00000046   Code   RO           64    .text.MX_SPI1_Init  spi.o
    0x080033b6   0x080033b6   0x00000002   PAD
    0x080033b8   0x080033b8   0x00000192   Code   RO           79    .text.MX_TIM1_Init  tim.o
    0x0800354a   0x0800354a   0x00000002   PAD
    0x0800354c   0x0800354c   0x00000072   Code   RO           83    .text.MX_TIM2_Init  tim.o
    0x080035be   0x080035be   0x00000002   PAD
    0x080035c0   0x080035c0   0x0000003c   Code   RO           99    .text.MX_USART6_UART_Init  usart.o
    0x080035fc   0x080035fc   0x00000004   PAD
    0x08003600   0x08003600   0x00000290   Code   RO         1273    .text.Madgwick_imu  code.o
    0x08003890   0x08003890   0x000006d4   Code   RO         1271    .text.Madgwick_update  code.o
    0x08003f64   0x08003f64   0x00000002   Code   RO          118    .text.MemManage_Handler  stm32f4xx_it.o
    0x08003f66   0x08003f66   0x00000002   PAD
    0x08003f68   0x08003f68   0x00000002   Code   RO          114    .text.NMI_Handler   stm32f4xx_it.o
    0x08003f6a   0x08003f6a   0x00000002   PAD
    0x08003f6c   0x08003f6c   0x00000002   Code   RO          128    .text.PendSV_Handler  stm32f4xx_it.o
    0x08003f6e   0x08003f6e   0x00000002   PAD
    0x08003f70   0x08003f70   0x00000140   Code   RO         1277    .text.Quat2Angle    code.o
    0x080040b0   0x080040b0   0x00000002   Code   RO          124    .text.SVC_Handler   stm32f4xx_it.o
    0x080040b2   0x080040b2   0x00000002   PAD
    0x080040b4   0x080040b4   0x00000004   Code   RO          130    .text.SysTick_Handler  stm32f4xx_it.o
    0x080040b8   0x080040b8   0x000000ac   Code   RO           13    .text.SystemClock_Config  main.o
    0x08004164   0x08004164   0x00000012   Code   RO         1216    .text.SystemInit    system_stm32f4xx.o
    0x08004176   0x08004176   0x00000002   PAD
    0x08004178   0x08004178   0x0000000c   Code   RO          132    .text.TIM2_IRQHandler  stm32f4xx_it.o
    0x08004184   0x08004184   0x0000013c   Code   RO          781    .text.TIM_Base_SetConfig  stm32f4xx_hal_tim.o
    0x080042c0   0x080042c0   0x000000ee   Code   RO         1100    .text.UART_SetConfig  stm32f4xx_hal_uart.o
    0x080043ae   0x080043ae   0x00000002   PAD
    0x080043b0   0x080043b0   0x00000002   Code   RO          122    .text.UsageFault_Handler  stm32f4xx_it.o
    0x080043b2   0x080043b2   0x00000006   PAD
    0x080043b8   0x080043b8   0x00000058   Code   RO         1255    .text.getAltitude   code.o
    0x08004410   0x08004410   0x0000007e   Code   RO           11    .text.main          main.o
    0x0800448e   0x0800448e   0x00000002   PAD
    0x08004490   0x08004490   0x00000048   Code   RO         1285    .text.setupESC      code.o
    0x080044d8   0x080044d8   0x00000030   Code   RO         1425    i.__ARM_fpclassify  m_wm.l(fpclassify.o)
    0x08004508   0x08004508   0x00000360   Code   RO         1327    i.__hardfp_asin     m_wm.l(asin.o)
    0x08004868   0x08004868   0x000002d8   Code   RO         1398    i.__hardfp_atan     m_wm.l(atan.o)
    0x08004b40   0x08004b40   0x00000200   Code   RO         1334    i.__hardfp_atan2    m_wm.l(atan2.o)
    0x08004d40   0x08004d40   0x00000358   Code   RO         1340    i.__hardfp_exp      m_wm.l(exp.o)
    0x08005098   0x08005098   0x00000c60   Code   RO         1347    i.__hardfp_pow      m_wm.l(pow.o)
    0x08005cf8   0x08005cf8   0x0000007a   Code   RO         1354    i.__hardfp_sqrt     m_wm.l(sqrt.o)
    0x08005d72   0x08005d72   0x000000f8   Code   RO         1427    i.__kernel_poly     m_wm.l(poly.o)
    0x08005e6a   0x08005e6a   0x00000006   PAD
    0x08005e70   0x08005e70   0x00000030   Code   RO         1405    i.__mathlib_dbl_divzero  m_wm.l(dunder.o)
    0x08005ea0   0x08005ea0   0x00000014   Code   RO         1406    i.__mathlib_dbl_infnan  m_wm.l(dunder.o)
    0x08005eb4   0x08005eb4   0x00000014   Code   RO         1407    i.__mathlib_dbl_infnan2  m_wm.l(dunder.o)
    0x08005ec8   0x08005ec8   0x00000020   Code   RO         1408    i.__mathlib_dbl_invalid  m_wm.l(dunder.o)
    0x08005ee8   0x08005ee8   0x00000020   Code   RO         1409    i.__mathlib_dbl_overflow  m_wm.l(dunder.o)
    0x08005f08   0x08005f08   0x00000020   Code   RO         1411    i.__mathlib_dbl_underflow  m_wm.l(dunder.o)
    0x08005f28   0x08005f28   0x00000010   Code   RO         1400    i.atan              m_wm.l(atan.o)
    0x08005f38   0x08005f38   0x00000018   Code   RO         1421    i.fabs              m_wm.l(fabs.o)
    0x08005f50   0x08005f50   0x0000006e   Code   RO         1356    i.sqrt              m_wm.l(sqrt.o)
    0x08005fbe   0x08005fbe   0x00000018   Code   RO         1367    x$fpl$basic         fz_wm.l(basic.o)
    0x08005fd6   0x08005fd6   0x00000002   PAD
    0x08005fd8   0x08005fd8   0x00000062   Code   RO         1311    x$fpl$d2f           fz_wm.l(d2f.o)
    0x0800603a   0x0800603a   0x00000002   PAD
    0x0800603c   0x0800603c   0x00000150   Code   RO         1313    x$fpl$dadd          fz_wm.l(daddsub_clz.o)
    0x0800618c   0x0800618c   0x00000010   Code   RO         1452    x$fpl$dcheck1       fz_wm.l(dcheck1.o)
    0x0800619c   0x0800619c   0x00000018   Code   RO         1454    x$fpl$dcmpinf       fz_wm.l(dcmpi.o)
    0x080061b4   0x080061b4   0x000002b4   Code   RO         1320    x$fpl$ddiv          fz_wm.l(ddiv.o)
    0x08006468   0x08006468   0x00000078   Code   RO         1369    x$fpl$deqf          fz_wm.l(deqf.o)
    0x080064e0   0x080064e0   0x0000005e   Code   RO         1371    x$fpl$dfix          fz_wm.l(dfix.o)
    0x0800653e   0x0800653e   0x0000002e   Code   RO         1376    x$fpl$dflt          fz_wm.l(dflt_clz.o)
    0x0800656c   0x0800656c   0x00000078   Code   RO         1381    x$fpl$dleqf         fz_wm.l(dleqf.o)
    0x080065e4   0x080065e4   0x00000154   Code   RO         1323    x$fpl$dmul          fz_wm.l(dmul.o)
    0x08006738   0x08006738   0x0000009c   Code   RO         1383    x$fpl$dnaninf       fz_wm.l(dnaninf.o)
    0x080067d4   0x080067d4   0x0000000c   Code   RO         1385    x$fpl$dretinf       fz_wm.l(dretinf.o)
    0x080067e0   0x080067e0   0x0000006c   Code   RO         1387    x$fpl$drleqf        fz_wm.l(drleqf.o)
    0x0800684c   0x0800684c   0x00000016   Code   RO         1314    x$fpl$drsb          fz_wm.l(daddsub_clz.o)
    0x08006862   0x08006862   0x00000002   PAD
    0x08006864   0x08006864   0x00000198   Code   RO         1389    x$fpl$dsqrt         fz_wm.l(dsqrt_umaal.o)
    0x080069fc   0x080069fc   0x000001dc   Code   RO         1315    x$fpl$dsub          fz_wm.l(daddsub_clz.o)
    0x08006bd8   0x08006bd8   0x00000056   Code   RO         1325    x$fpl$f2d           fz_wm.l(f2d.o)
    0x08006c2e   0x08006c2e   0x0000008c   Code   RO         1391    x$fpl$fnaninf       fz_wm.l(fnaninf.o)
    0x08006cba   0x08006cba   0x0000001a   Code   RO         1549    x$fpl$fpinit        fz_wm.l(fpinit.o)
    0x08006cd4   0x08006cd4   0x0000000a   Code   RO         1393    x$fpl$fretinf       fz_wm.l(fretinf.o)
    0x08006cde   0x08006cde   0x00000064   Code   RO         1473    x$fpl$retnan        fz_wm.l(retnan.o)
    0x08006d42   0x08006d42   0x0000005c   Code   RO         1395    x$fpl$scalbn        fz_wm.l(scalbn.o)
    0x08006d9e   0x08006d9e   0x00000030   Code   RO         1530    x$fpl$trapveneer    fz_wm.l(trapv.o)
    0x08006dce   0x08006dce   0x00000000   Code   RO         1397    x$fpl$usenofp       fz_wm.l(usenofp.o)
    0x08006dce   0x08006dce   0x00000002   PAD
    0x08006dd0   0x08006dd0   0x00000050   Data   RO         1330    .constdata          m_wm.l(asin.o)
    0x08006e20   0x08006e20   0x00000058   Data   RO         1343    .constdata          m_wm.l(exp.o)
    0x08006e78   0x08006e78   0x00000088   Data   RO         1350    .constdata          m_wm.l(pow.o)
    0x08006f00   0x08006f00   0x00000098   Data   RO         1401    .constdata          m_wm.l(atan.o)
    0x08006f98   0x08006f98   0x00000008   Data   RO         1429    .constdata          m_wm.l(qnan.o)
    0x08006fa0   0x08006fa0   0x00000010   Data   RO         1221    .rodata.AHBPrescTable  system_stm32f4xx.o
    0x08006fb0   0x08006fb0   0x00000008   Data   RO         1222    .rodata.APBPrescTable  system_stm32f4xx.o
    0x08006fb8   0x08006fb8   0x00000020   Data   RO         1610    Region$$Table       anon$$obj.o


    Execution Region RW_IRAM1 (Exec base: 0x20000000, Load base: 0x08006fd8, Size: 0x00000950, Max: 0x0001c000, ABSOLUTE)

    Exec Addr    Load Addr    Size         Type   Attr      Idx    E Section Name        Object

    0x20000000   0x08006fd8   0x00000050   Data   RW           30    .data..L_MergedGlobals  main.o
    0x20000050   0x08007028   0x00000008   Data   RW          628    .data..L_MergedGlobals  stm32f4xx_hal.o
    0x20000058   0x08007030   0x00000004   Data   RW         1220    .data.SystemCoreClock  system_stm32f4xx.o
    0x2000005c   0x08007034   0x00000004   PAD
    0x20000060        -       0x00000060   Zero   RW         1457    .bss                c_w.l(libspace.o)
    0x200000c0        -       0x00000018   Zero   RW         1295    .bss..L_MergedGlobals  code.o
    0x200000d8        -       0x00000068   Zero   RW           31    .bss..L_MergedGlobals.1  main.o
    0x20000140        -       0x00000044   Zero   RW           27    .bss.MPU6050        main.o
    0x20000184        -       0x00000044   Zero   RW           28    .bss.MPU6050_LP     main.o
    0x200001c8        -       0x00000054   Zero   RW           55    .bss.hi2c1          i2c.o
    0x2000021c        -       0x00000058   Zero   RW           70    .bss.hspi1          spi.o
    0x20000274        -       0x00000048   Zero   RW           89    .bss.htim1          tim.o
    0x200002bc        -       0x00000048   Zero   RW           90    .bss.htim2          tim.o
    0x20000304        -       0x00000044   Zero   RW          105    .bss.huart6         usart.o
    0x20000348        -       0x00000004   Zero   RW          627    .bss.uwTick         stm32f4xx_hal.o
    0x2000034c   0x08007034   0x00000004   PAD
    0x20000350        -       0x00000200   Zero   RW            2    HEAP                startup_stm32f407xx.o
    0x20000550        -       0x00000400   Zero   RW            1    STACK               startup_stm32f407xx.o


    Execution Region RW_IRAM2 (Exec base: 0x2001c000, Load base: 0x08007038, Size: 0x00000000, Max: 0x00004000, ABSOLUTE)

    **** No section assigned to this execution region ****


==============================================================================

Image component sizes


      Code (inc. data)   RO Data    RW Data    ZI Data      Debug   Object Name

      5028        120          0          0         24      31001   code.o
       206          0          0          0          0       2227   gpio.o
       174          0          0          0         84       5260   i2c.o
       856         12          0         80        240       8408   main.o
       176          0          0          0         88       5055   spi.o
        64         26        392          0       1536        852   startup_stm32f407xx.o
       204          0          0          8          4       7301   stm32f4xx_hal.o
       200          0          0          0          0      10531   stm32f4xx_hal_cortex.o
       448          0          0          0          0       5264   stm32f4xx_hal_gpio.o
      3838          0          0          0          0      53701   stm32f4xx_hal_i2c.o
        56          0          0          0          0       1462   stm32f4xx_hal_msp.o
      1418          0          0          0          0       7367   stm32f4xx_hal_rcc.o
       180          0          0          0          0      26055   stm32f4xx_hal_spi.o
      2276          4          0          0          0      55042   stm32f4xx_hal_tim.o
       262          0          0          0          0      21247   stm32f4xx_hal_tim_ex.o
       332          0          0          0          0      31724   stm32f4xx_hal_uart.o
        32          0          0          0          0       4462   stm32f4xx_it.o
        18          0         24          4          0       2654   system_stm32f4xx.o
       624          0          0          0        144       9099   tim.o
       166          0          0          0         68       5015   usart.o

    ----------------------------------------------------------------------
     16680        166        448         92       2196     293727   Object Totals
         0          0         32          0          0          0   (incl. Generated)
       122          4          0          0          8          0   (incl. Padding)

    ----------------------------------------------------------------------

      Code (inc. data)   RO Data    RW Data    ZI Data      Debug   Library Member Name

         8          0          0          0          0         68   __main.o
         0          0          0          0          0          0   __rtentry.o
        12          0          0          0          0          0   __rtentry2.o
         6          0          0          0          0          0   __rtentry4.o
        52          8          0          0          0          0   __scatter.o
        26          0          0          0          0          0   __scatter_copy.o
        28          0          0          0          0          0   __scatter_zi.o
        22          0          0          0          0        100   _rserrno.o
        18          0          0          0          0         80   exit.o
         6          0          0          0          0        152   heapauxi.o
         0          0          0          0          0          0   indicate_semi.o
         2          0          0          0          0          0   libinit.o
         6          0          0          0          0          0   libinit2.o
         2          0          0          0          0          0   libshutdown.o
         2          0          0          0          0          0   libshutdown2.o
         8          4          0          0         96         68   libspace.o
       240          0          0          0          0        100   lludivv7m.o
         8          4          0          0          0         68   rt_errno_addr_intlibspace.o
         2          0          0          0          0          0   rtexit.o
        10          0          0          0          0          0   rtexit2.o
        12          4          0          0          0         68   sys_exit.o
        74          0          0          0          0         80   sys_stackheap_outer.o
         2          0          0          0          0         68   use_no_semi.o
        24          0          0          0          0        164   basic.o
        98          4          0          0          0        140   d2f.o
       834         16          0          0          0        516   daddsub_clz.o
        16          4          0          0          0        116   dcheck1.o
        24          0          0          0          0        116   dcmpi.o
       692        140          0          0          0        264   ddiv.o
       120          4          0          0          0        140   deqf.o
        94          4          0          0          0        140   dfix.o
        46          0          0          0          0        116   dflt_clz.o
       120          4          0          0          0        140   dleqf.o
       340         12          0          0          0        152   dmul.o
       156          4          0          0          0        140   dnaninf.o
        12          0          0          0          0        116   dretinf.o
       108          0          0          0          0        128   drleqf.o
       408         56          0          0          0        168   dsqrt_umaal.o
        86          4          0          0          0        132   f2d.o
       140          4          0          0          0        132   fnaninf.o
        26          0          0          0          0        116   fpinit.o
        10          0          0          0          0        116   fretinf.o
       100          0          0          0          0        116   retnan.o
        92          0          0          0          0        116   scalbn.o
        48          0          0          0          0        116   trapv.o
         0          0          0          0          0          0   usenofp.o
       864         94         80          0          0        280   asin.o
       744        106        152          0          0        352   atan.o
       512         64          0          0          0        208   atan2.o
       184         44          0          0          0        744   dunder.o
       856        142         88          0          0        288   exp.o
        24          0          0          0          0        124   fabs.o
        48          0          0          0          0        124   fpclassify.o
       248          0          0          0          0        152   poly.o
      3168        296        136          0          0        352   pow.o
         0          0          8          0          0          0   qnan.o
       232          0          0          0          0        296   sqrt.o

    ----------------------------------------------------------------------
     11040       1022        464          0         96       7172   Library Totals
        20          0          0          0          0          0   (incl. Padding)

    ----------------------------------------------------------------------

      Code (inc. data)   RO Data    RW Data    ZI Data      Debug   Library Name

       546         20          0          0         96        852   c_w.l
      3594        256          0          0          0       3400   fz_wm.l
      6880        746        464          0          0       2920   m_wm.l

    ----------------------------------------------------------------------
     11040       1022        464          0         96       7172   Library Totals

    ----------------------------------------------------------------------

==============================================================================


      Code (inc. data)   RO Data    RW Data    ZI Data      Debug   

     27720       1188        912         92       2292     296327   Grand Totals
     27720       1188        912         92       2292     296327   ELF Image Totals
     27720       1188        912         92          0          0   ROM Totals

==============================================================================

    Total RO  Size (Code + RO Data)                28632 (  27.96kB)
    Total RW  Size (RW Data + ZI Data)              2384 (   2.33kB)
    Total ROM Size (Code + RO Data + RW Data)      28724 (  28.05kB)

==============================================================================

