../Lib/TD_RF24L01.c:43:6:NRF24_DelayMicroSeconds	24	static
../Lib/TD_RF24L01.c:58:6:NRF24_csn	16	static
../Lib/TD_RF24L01.c:72:6:NRF24_ce	16	static
../Lib/TD_RF24L01.c:85:9:NRF24_read_register	24	static
../Lib/TD_RF24L01.c:111:6:NRF24_read_registerN	24	static
../Lib/TD_RF24L01.c:133:6:NRF24_write_register	24	static
../Lib/TD_RF24L01.c:155:6:NRF24_write_registerN	24	static
../Lib/TD_RF24L01.c:176:6:NRF24_write_payload	24	static
../Lib/TD_RF24L01.c:197:6:NRF24_read_payload	24	static
../Lib/TD_RF24L01.c:218:6:NRF24_flush_tx	8	static
../Lib/TD_RF24L01.c:230:6:NRF24_flush_rx	8	static
../Lib/TD_RF24L01.c:240:9:NRF24_get_status	16	static
../Lib/TD_RF24L01.c:258:6:NRF24_begin	24	static
../Lib/TD_RF24L01.c:338:6:NRF24_startListening	8	static
../Lib/TD_RF24L01.c:362:6:NRF24_stopListening	8	static
../Lib/TD_RF24L01.c:377:6:NRF24_write	32	static
../Lib/TD_RF24L01.c:418:6:NRF24_available	8	static
../Lib/TD_RF24L01.c:431:6:NRF24_read	24	static
../Lib/TD_RF24L01.c:447:6:NRF24_openWritingPipe	24	static
../Lib/TD_RF24L01.c:464:6:NRF24_openReadingPipe	24	static
../Lib/TD_RF24L01.c:496:6:NRF24_setRetries	16	static
../Lib/TD_RF24L01.c:509:6:NRF24_setChannel	24	static
../Lib/TD_RF24L01.c:522:6:NRF24_setPayloadSize	24	static
../Lib/TD_RF24L01.c:533:9:NRF24_getPayloadSize	4	static
../Lib/TD_RF24L01.c:543:9:NRF24_getDynamicPayloadSize	8	static
../Lib/TD_RF24L01.c:555:6:NRF24_enableAckPayload	8	static
../Lib/TD_RF24L01.c:573:6:NRF24_enableDynamicPayloads	8	static
../Lib/TD_RF24L01.c:587:6:NRF24_disableDynamicPayloads	8	static
../Lib/TD_RF24L01.c:600:6:NRF24_isNRF_Plus	4	static
../Lib/TD_RF24L01.c:612:6:NRF24_setAutoAck	16	static
../Lib/TD_RF24L01.c:628:6:NRF24_setAutoAckPipe	24	static
../Lib/TD_RF24L01.c:652:6:NRF24_setPALevel	24	static
../Lib/TD_RF24L01.c:688:15:NRF24_getPALevel	16	static
../Lib/TD_RF24L01.c:721:6:NRF24_setDataRate	24	static
../Lib/TD_RF24L01.c:766:17:NRF24_getDataRate	16	static
../Lib/TD_RF24L01.c:798:6:NRF24_setCRCLength	24	static
../Lib/TD_RF24L01.c:824:18:NRF24_getCRCLength	16	static
../Lib/TD_RF24L01.c:847:6:NRF24_disableCRC	16	static
../Lib/TD_RF24L01.c:860:6:NRF24_powerUp	8	static
../Lib/TD_RF24L01.c:872:6:NRF24_powerDown	8	static
../Lib/TD_RF24L01.c:884:6:NRF24_availablePipe	24	static
../Lib/TD_RF24L01.c:916:6:NRF24_startWrite	16	static
../Lib/TD_RF24L01.c:942:6:NRF24_writeAckPayload	24	static
../Lib/TD_RF24L01.c:953:6:NRF24_isAckPayloadAvailable	16	static
../Lib/TD_RF24L01.c:969:6:NRF24_whatHappened	32	static
../Lib/TD_RF24L01.c:985:6:NRF24_testCarrier	8	static
../Lib/TD_RF24L01.c:995:6:NRF24_testRPD	8	static
../Lib/TD_RF24L01.c:1008:6:NRF24_resetStatus	8	static
../Lib/TD_RF24L01.c:1021:6:NRF24_ACTIVATE_cmd	16	static
../Lib/TD_RF24L01.c:1039:9:NRF24_GetAckPayloadSize	4	static
../Lib/TD_RF24L01.c:1044:6:printRadioSettings	152	static
../Lib/TD_RF24L01.c:1171:6:printStatusReg	136	static
../Lib/TD_RF24L01.c:1187:6:printConfigReg	112	static
../Lib/TD_RF24L01.c:1205:6:nrf24_DebugUART_Init	8	static
../Lib/TD_RF24L01.c:1210:6:printFIFOstatus	128	static
