../Core/Src/main.c:162:5:main	144	static
../Core/Src/main.c:257:6:SystemClock_Config	88	static
../Core/Src/main.c:303:13:MX_I2C1_Init	8	static
../Core/Src/main.c:336:13:MX_SPI1_Init	8	static
../Core/Src/main.c:373:13:MX_TIM1_Init	96	static
../Core/Src/main.c:459:13:MX_TIM2_Init	32	static
../Core/Src/main.c:503:13:MX_USART6_UART_Init	8	static
../Core/Src/main.c:535:13:MX_GPIO_Init	56	static
../Core/Src/main.c:582:6:floatToString	40	static
../Core/Src/main.c:592:6:HAL_TIM_PeriodElapsedCallback	88	static
../Core/Src/main.c:670:6:Error_Handler	4	static,ignoring_inline_asm
